<?xml version="1.0"?>
<link_info>
   <banner>TMS320C2000 Linker Unix v16.9.1.LTS</banner>
   <copyright>Copyright (c) 1996-2015 Texas Instruments Incorporated</copyright>
   <link_time>0x5930c9e2</link_time>
   <link_errors>0x0</link_errors>
   <output_file>proj_lab05a.out</output_file>
   <entry_point>
      <name>_c_int00</name>
      <address>0x3f333e</address>
   </entry_point>
   <input_file_list>
      <input_file id="fl-5">
         <path>./</path>
         <kind>object</kind>
         <file>CodeStartBranch.obj</file>
         <name>CodeStartBranch.obj</name>
      </input_file>
      <input_file id="fl-6">
         <path>./</path>
         <kind>object</kind>
         <file>adc.obj</file>
         <name>adc.obj</name>
      </input_file>
      <input_file id="fl-7">
         <path>./</path>
         <kind>object</kind>
         <file>clarke.obj</file>
         <name>clarke.obj</name>
      </input_file>
      <input_file id="fl-8">
         <path>./</path>
         <kind>object</kind>
         <file>clk.obj</file>
         <name>clk.obj</name>
      </input_file>
      <input_file id="fl-9">
         <path>./</path>
         <kind>object</kind>
         <file>cpu.obj</file>
         <name>cpu.obj</name>
      </input_file>
      <input_file id="fl-a">
         <path>./</path>
         <kind>object</kind>
         <file>ctrl.obj</file>
         <name>ctrl.obj</name>
      </input_file>
      <input_file id="fl-b">
         <path>./</path>
         <kind>object</kind>
         <file>datalog.obj</file>
         <name>datalog.obj</name>
      </input_file>
      <input_file id="fl-c">
         <path>./</path>
         <kind>object</kind>
         <file>drv8305.obj</file>
         <name>drv8305.obj</name>
      </input_file>
      <input_file id="fl-d">
         <path>./</path>
         <kind>object</kind>
         <file>filter_fo.obj</file>
         <name>filter_fo.obj</name>
      </input_file>
      <input_file id="fl-e">
         <path>./</path>
         <kind>object</kind>
         <file>flash.obj</file>
         <name>flash.obj</name>
      </input_file>
      <input_file id="fl-f">
         <path>./</path>
         <kind>object</kind>
         <file>gpio.obj</file>
         <name>gpio.obj</name>
      </input_file>
      <input_file id="fl-10">
         <path>./</path>
         <kind>object</kind>
         <file>hal.obj</file>
         <name>hal.obj</name>
      </input_file>
      <input_file id="fl-11">
         <path>./</path>
         <kind>object</kind>
         <file>ipark.obj</file>
         <name>ipark.obj</name>
      </input_file>
      <input_file id="fl-12">
         <path>./</path>
         <kind>object</kind>
         <file>memCopy.obj</file>
         <name>memCopy.obj</name>
      </input_file>
      <input_file id="fl-13">
         <path>./</path>
         <kind>object</kind>
         <file>offset.obj</file>
         <name>offset.obj</name>
      </input_file>
      <input_file id="fl-14">
         <path>./</path>
         <kind>object</kind>
         <file>osc.obj</file>
         <name>osc.obj</name>
      </input_file>
      <input_file id="fl-15">
         <path>./</path>
         <kind>object</kind>
         <file>park.obj</file>
         <name>park.obj</name>
      </input_file>
      <input_file id="fl-16">
         <path>./</path>
         <kind>object</kind>
         <file>pid.obj</file>
         <name>pid.obj</name>
      </input_file>
      <input_file id="fl-17">
         <path>./</path>
         <kind>object</kind>
         <file>pie.obj</file>
         <name>pie.obj</name>
      </input_file>
      <input_file id="fl-18">
         <path>./</path>
         <kind>object</kind>
         <file>pll.obj</file>
         <name>pll.obj</name>
      </input_file>
      <input_file id="fl-19">
         <path>./</path>
         <kind>object</kind>
         <file>proj_lab05a.obj</file>
         <name>proj_lab05a.obj</name>
      </input_file>
      <input_file id="fl-1a">
         <path>./</path>
         <kind>object</kind>
         <file>pwm.obj</file>
         <name>pwm.obj</name>
      </input_file>
      <input_file id="fl-1b">
         <path>./</path>
         <kind>object</kind>
         <file>pwr.obj</file>
         <name>pwr.obj</name>
      </input_file>
      <input_file id="fl-1c">
         <path>./</path>
         <kind>object</kind>
         <file>sci.obj</file>
         <name>sci.obj</name>
      </input_file>
      <input_file id="fl-1d">
         <path>./</path>
         <kind>object</kind>
         <file>spi.obj</file>
         <name>spi.obj</name>
      </input_file>
      <input_file id="fl-1e">
         <path>./</path>
         <kind>object</kind>
         <file>svgen.obj</file>
         <name>svgen.obj</name>
      </input_file>
      <input_file id="fl-1f">
         <path>./</path>
         <kind>object</kind>
         <file>timer.obj</file>
         <name>timer.obj</name>
      </input_file>
      <input_file id="fl-20">
         <path>./</path>
         <kind>object</kind>
         <file>traj.obj</file>
         <name>traj.obj</name>
      </input_file>
      <input_file id="fl-21">
         <path>./</path>
         <kind>object</kind>
         <file>uartstdio.obj</file>
         <name>uartstdio.obj</name>
      </input_file>
      <input_file id="fl-22">
         <path>./</path>
         <kind>object</kind>
         <file>usDelay.obj</file>
         <name>usDelay.obj</name>
      </input_file>
      <input_file id="fl-23">
         <path>./</path>
         <kind>object</kind>
         <file>user.obj</file>
         <name>user.obj</name>
      </input_file>
      <input_file id="fl-24">
         <path>./</path>
         <kind>object</kind>
         <file>wdog.obj</file>
         <name>wdog.obj</name>
      </input_file>
      <input_file id="fl-28">
         <path>/Applications/ti/ccsv7/tools/compiler/ti-cgt-c2000_16.9.1.LTS/lib/</path>
         <kind>archive</kind>
         <file>rts2800_ml.lib</file>
         <name>fd_mpy28.obj</name>
      </input_file>
      <input_file id="fl-29">
         <path>/Applications/ti/ccsv7/tools/compiler/ti-cgt-c2000_16.9.1.LTS/lib/</path>
         <kind>archive</kind>
         <file>rts2800_ml.lib</file>
         <name>fd_tol28.obj</name>
      </input_file>
      <input_file id="fl-2a">
         <path>/Applications/ti/ccsv7/tools/compiler/ti-cgt-c2000_16.9.1.LTS/lib/</path>
         <kind>archive</kind>
         <file>rts2800_ml.lib</file>
         <name>fs_add28.obj</name>
      </input_file>
      <input_file id="fl-2b">
         <path>/Applications/ti/ccsv7/tools/compiler/ti-cgt-c2000_16.9.1.LTS/lib/</path>
         <kind>archive</kind>
         <file>rts2800_ml.lib</file>
         <name>fs_cmp28.obj</name>
      </input_file>
      <input_file id="fl-2c">
         <path>/Applications/ti/ccsv7/tools/compiler/ti-cgt-c2000_16.9.1.LTS/lib/</path>
         <kind>archive</kind>
         <file>rts2800_ml.lib</file>
         <name>fs_div28.obj</name>
      </input_file>
      <input_file id="fl-2d">
         <path>/Applications/ti/ccsv7/tools/compiler/ti-cgt-c2000_16.9.1.LTS/lib/</path>
         <kind>archive</kind>
         <file>rts2800_ml.lib</file>
         <name>fs_mpy28.obj</name>
      </input_file>
      <input_file id="fl-2e">
         <path>/Applications/ti/ccsv7/tools/compiler/ti-cgt-c2000_16.9.1.LTS/lib/</path>
         <kind>archive</kind>
         <file>rts2800_ml.lib</file>
         <name>fs_neg28.obj</name>
      </input_file>
      <input_file id="fl-2f">
         <path>/Applications/ti/ccsv7/tools/compiler/ti-cgt-c2000_16.9.1.LTS/lib/</path>
         <kind>archive</kind>
         <file>rts2800_ml.lib</file>
         <name>fs_tofd28.obj</name>
      </input_file>
      <input_file id="fl-30">
         <path>/Applications/ti/ccsv7/tools/compiler/ti-cgt-c2000_16.9.1.LTS/lib/</path>
         <kind>archive</kind>
         <file>rts2800_ml.lib</file>
         <name>fs_toi28.obj</name>
      </input_file>
      <input_file id="fl-31">
         <path>/Applications/ti/ccsv7/tools/compiler/ti-cgt-c2000_16.9.1.LTS/lib/</path>
         <kind>archive</kind>
         <file>rts2800_ml.lib</file>
         <name>fs_tou28.obj</name>
      </input_file>
      <input_file id="fl-32">
         <path>/Applications/ti/ccsv7/tools/compiler/ti-cgt-c2000_16.9.1.LTS/lib/</path>
         <kind>archive</kind>
         <file>rts2800_ml.lib</file>
         <name>fs_toul28.obj</name>
      </input_file>
      <input_file id="fl-33">
         <path>/Applications/ti/ccsv7/tools/compiler/ti-cgt-c2000_16.9.1.LTS/lib/</path>
         <kind>archive</kind>
         <file>rts2800_ml.lib</file>
         <name>i_div28.obj</name>
      </input_file>
      <input_file id="fl-34">
         <path>/Applications/ti/ccsv7/tools/compiler/ti-cgt-c2000_16.9.1.LTS/lib/</path>
         <kind>archive</kind>
         <file>rts2800_ml.lib</file>
         <name>i_tofs28.obj</name>
      </input_file>
      <input_file id="fl-35">
         <path>/Applications/ti/ccsv7/tools/compiler/ti-cgt-c2000_16.9.1.LTS/lib/</path>
         <kind>archive</kind>
         <file>rts2800_ml.lib</file>
         <name>u_tofs28.obj</name>
      </input_file>
      <input_file id="fl-36">
         <path>/Applications/ti/ccsv7/tools/compiler/ti-cgt-c2000_16.9.1.LTS/lib/</path>
         <kind>archive</kind>
         <file>rts2800_ml.lib</file>
         <name>ul_tofs28.obj</name>
      </input_file>
      <input_file id="fl-37">
         <path>/Users/Kyle/ti/motorware/motorware_1_01_00_18/sw/modules/fast/lib/32b/f28x/f2806x/</path>
         <kind>archive</kind>
         <file>2806xRevB_FastSpinROMSymbols.lib</file>
         <name>TMS320x2806x_REVB_boot_rom_out__CTRL_getVersion_tmp.obj</name>
      </input_file>
      <input_file id="fl-38">
         <path>/Users/Kyle/ti/motorware/motorware_1_01_00_18/sw/modules/fast/lib/32b/f28x/f2806x/</path>
         <kind>archive</kind>
         <file>2806xRevB_FastSpinROMSymbols.lib</file>
         <name>TMS320x2806x_REVB_boot_rom_out__CTRL_initCtrl_tmp.obj</name>
      </input_file>
      <input_file id="fl-39">
         <path>/Users/Kyle/ti/motorware/motorware_1_01_00_18/sw/modules/fast/lib/32b/f28x/f2806x/</path>
         <kind>archive</kind>
         <file>2806xRevB_FastSpinROMSymbols.lib</file>
         <name>TMS320x2806x_REVB_boot_rom_out__CTRL_runTraj_tmp.obj</name>
      </input_file>
      <input_file id="fl-3a">
         <path>/Users/Kyle/ti/motorware/motorware_1_01_00_18/sw/modules/fast/lib/32b/f28x/f2806x/</path>
         <kind>archive</kind>
         <file>2806xRevB_FastSpinROMSymbols.lib</file>
         <name>TMS320x2806x_REVB_boot_rom_out__CTRL_setEstParams_tmp.obj</name>
      </input_file>
      <input_file id="fl-3b">
         <path>/Users/Kyle/ti/motorware/motorware_1_01_00_18/sw/modules/fast/lib/32b/f28x/f2806x/</path>
         <kind>archive</kind>
         <file>2806xRevB_FastSpinROMSymbols.lib</file>
         <name>TMS320x2806x_REVB_boot_rom_out__CTRL_setUserMotorParams_tmp.obj</name>
      </input_file>
      <input_file id="fl-3c">
         <path>/Users/Kyle/ti/motorware/motorware_1_01_00_18/sw/modules/fast/lib/32b/f28x/f2806x/</path>
         <kind>archive</kind>
         <file>2806xRevB_FastSpinROMSymbols.lib</file>
         <name>TMS320x2806x_REVB_boot_rom_out__CTRL_setupCtrl_tmp.obj</name>
      </input_file>
      <input_file id="fl-3d">
         <path>/Users/Kyle/ti/motorware/motorware_1_01_00_18/sw/modules/fast/lib/32b/f28x/f2806x/</path>
         <kind>archive</kind>
         <file>2806xRevB_FastSpinROMSymbols.lib</file>
         <name>TMS320x2806x_REVB_boot_rom_out__CTRL_setupEstIdleState_tmp.obj</name>
      </input_file>
      <input_file id="fl-3e">
         <path>/Users/Kyle/ti/motorware/motorware_1_01_00_18/sw/modules/fast/lib/32b/f28x/f2806x/</path>
         <kind>archive</kind>
         <file>2806xRevB_FastSpinROMSymbols.lib</file>
         <name>TMS320x2806x_REVB_boot_rom_out__CTRL_setupEstOnLineState_tmp.obj</name>
      </input_file>
      <input_file id="fl-3f">
         <path>/Users/Kyle/ti/motorware/motorware_1_01_00_18/sw/modules/fast/lib/32b/f28x/f2806x/</path>
         <kind>archive</kind>
         <file>2806xRevB_FastSpinROMSymbols.lib</file>
         <name>TMS320x2806x_REVB_boot_rom_out__CTRL_setupTraj_tmp.obj</name>
      </input_file>
      <input_file id="fl-40">
         <path>/Users/Kyle/ti/motorware/motorware_1_01_00_18/sw/modules/fast/lib/32b/f28x/f2806x/</path>
         <kind>archive</kind>
         <file>2806xRevB_FastSpinROMSymbols.lib</file>
         <name>TMS320x2806x_REVB_boot_rom_out__EST_doCurrentCtrl_tmp.obj</name>
      </input_file>
      <input_file id="fl-41">
         <path>/Users/Kyle/ti/motorware/motorware_1_01_00_18/sw/modules/fast/lib/32b/f28x/f2806x/</path>
         <kind>archive</kind>
         <file>2806xRevB_FastSpinROMSymbols.lib</file>
         <name>TMS320x2806x_REVB_boot_rom_out__EST_doSpeedCtrl_tmp.obj</name>
      </input_file>
      <input_file id="fl-42">
         <path>/Users/Kyle/ti/motorware/motorware_1_01_00_18/sw/modules/fast/lib/32b/f28x/f2806x/</path>
         <kind>archive</kind>
         <file>2806xRevB_FastSpinROMSymbols.lib</file>
         <name>TMS320x2806x_REVB_boot_rom_out__EST_getAngle_pu_tmp.obj</name>
      </input_file>
      <input_file id="fl-43">
         <path>/Users/Kyle/ti/motorware/motorware_1_01_00_18/sw/modules/fast/lib/32b/f28x/f2806x/</path>
         <kind>archive</kind>
         <file>2806xRevB_FastSpinROMSymbols.lib</file>
         <name>TMS320x2806x_REVB_boot_rom_out__EST_getFlux_VpHz_tmp.obj</name>
      </input_file>
      <input_file id="fl-44">
         <path>/Users/Kyle/ti/motorware/motorware_1_01_00_18/sw/modules/fast/lib/32b/f28x/f2806x/</path>
         <kind>archive</kind>
         <file>2806xRevB_FastSpinROMSymbols.lib</file>
         <name>TMS320x2806x_REVB_boot_rom_out__EST_getFlux_pu_tmp.obj</name>
      </input_file>
      <input_file id="fl-45">
         <path>/Users/Kyle/ti/motorware/motorware_1_01_00_18/sw/modules/fast/lib/32b/f28x/f2806x/</path>
         <kind>archive</kind>
         <file>2806xRevB_FastSpinROMSymbols.lib</file>
         <name>TMS320x2806x_REVB_boot_rom_out__EST_getFm_pu_tmp.obj</name>
      </input_file>
      <input_file id="fl-46">
         <path>/Users/Kyle/ti/motorware/motorware_1_01_00_18/sw/modules/fast/lib/32b/f28x/f2806x/</path>
         <kind>archive</kind>
         <file>2806xRevB_FastSpinROMSymbols.lib</file>
         <name>TMS320x2806x_REVB_boot_rom_out__EST_getIdRated_tmp.obj</name>
      </input_file>
      <input_file id="fl-47">
         <path>/Users/Kyle/ti/motorware/motorware_1_01_00_18/sw/modules/fast/lib/32b/f28x/f2806x/</path>
         <kind>archive</kind>
         <file>2806xRevB_FastSpinROMSymbols.lib</file>
         <name>TMS320x2806x_REVB_boot_rom_out__EST_getLs_coarse_max_pu_tmp.obj</name>
      </input_file>
      <input_file id="fl-48">
         <path>/Users/Kyle/ti/motorware/motorware_1_01_00_18/sw/modules/fast/lib/32b/f28x/f2806x/</path>
         <kind>archive</kind>
         <file>2806xRevB_FastSpinROMSymbols.lib</file>
         <name>TMS320x2806x_REVB_boot_rom_out__EST_getLs_d_H_tmp.obj</name>
      </input_file>
      <input_file id="fl-49">
         <path>/Users/Kyle/ti/motorware/motorware_1_01_00_18/sw/modules/fast/lib/32b/f28x/f2806x/</path>
         <kind>archive</kind>
         <file>2806xRevB_FastSpinROMSymbols.lib</file>
         <name>TMS320x2806x_REVB_boot_rom_out__EST_getLs_d_pu_tmp.obj</name>
      </input_file>
      <input_file id="fl-4a">
         <path>/Users/Kyle/ti/motorware/motorware_1_01_00_18/sw/modules/fast/lib/32b/f28x/f2806x/</path>
         <kind>archive</kind>
         <file>2806xRevB_FastSpinROMSymbols.lib</file>
         <name>TMS320x2806x_REVB_boot_rom_out__EST_getLs_q_H_tmp.obj</name>
      </input_file>
      <input_file id="fl-4b">
         <path>/Users/Kyle/ti/motorware/motorware_1_01_00_18/sw/modules/fast/lib/32b/f28x/f2806x/</path>
         <kind>archive</kind>
         <file>2806xRevB_FastSpinROMSymbols.lib</file>
         <name>TMS320x2806x_REVB_boot_rom_out__EST_getLs_q_pu_tmp.obj</name>
      </input_file>
      <input_file id="fl-4c">
         <path>/Users/Kyle/ti/motorware/motorware_1_01_00_18/sw/modules/fast/lib/32b/f28x/f2806x/</path>
         <kind>archive</kind>
         <file>2806xRevB_FastSpinROMSymbols.lib</file>
         <name>TMS320x2806x_REVB_boot_rom_out__EST_getMaxCurrentSlope_pu_tmp.obj</name>
      </input_file>
      <input_file id="fl-4d">
         <path>/Users/Kyle/ti/motorware/motorware_1_01_00_18/sw/modules/fast/lib/32b/f28x/f2806x/</path>
         <kind>archive</kind>
         <file>2806xRevB_FastSpinROMSymbols.lib</file>
         <name>TMS320x2806x_REVB_boot_rom_out__EST_getOneOverDcBus_pu_tmp.obj</name>
      </input_file>
      <input_file id="fl-4e">
         <path>/Users/Kyle/ti/motorware/motorware_1_01_00_18/sw/modules/fast/lib/32b/f28x/f2806x/</path>
         <kind>archive</kind>
         <file>2806xRevB_FastSpinROMSymbols.lib</file>
         <name>TMS320x2806x_REVB_boot_rom_out__EST_getRr_Ohm_tmp.obj</name>
      </input_file>
      <input_file id="fl-4f">
         <path>/Users/Kyle/ti/motorware/motorware_1_01_00_18/sw/modules/fast/lib/32b/f28x/f2806x/</path>
         <kind>archive</kind>
         <file>2806xRevB_FastSpinROMSymbols.lib</file>
         <name>TMS320x2806x_REVB_boot_rom_out__EST_getRs_Ohm_tmp.obj</name>
      </input_file>
      <input_file id="fl-50">
         <path>/Users/Kyle/ti/motorware/motorware_1_01_00_18/sw/modules/fast/lib/32b/f28x/f2806x/</path>
         <kind>archive</kind>
         <file>2806xRevB_FastSpinROMSymbols.lib</file>
         <name>TMS320x2806x_REVB_boot_rom_out__EST_getSpeed_krpm_tmp.obj</name>
      </input_file>
      <input_file id="fl-51">
         <path>/Users/Kyle/ti/motorware/motorware_1_01_00_18/sw/modules/fast/lib/32b/f28x/f2806x/</path>
         <kind>archive</kind>
         <file>2806xRevB_FastSpinROMSymbols.lib</file>
         <name>TMS320x2806x_REVB_boot_rom_out__EST_getState_tmp.obj</name>
      </input_file>
      <input_file id="fl-52">
         <path>/Users/Kyle/ti/motorware/motorware_1_01_00_18/sw/modules/fast/lib/32b/f28x/f2806x/</path>
         <kind>archive</kind>
         <file>2806xRevB_FastSpinROMSymbols.lib</file>
         <name>TMS320x2806x_REVB_boot_rom_out__EST_get_krpm_to_pu_sf_tmp.obj</name>
      </input_file>
      <input_file id="fl-53">
         <path>/Users/Kyle/ti/motorware/motorware_1_01_00_18/sw/modules/fast/lib/32b/f28x/f2806x/</path>
         <kind>archive</kind>
         <file>2806xRevB_FastSpinROMSymbols.lib</file>
         <name>TMS320x2806x_REVB_boot_rom_out__EST_get_pu_to_krpm_sf_tmp.obj</name>
      </input_file>
      <input_file id="fl-54">
         <path>/Users/Kyle/ti/motorware/motorware_1_01_00_18/sw/modules/fast/lib/32b/f28x/f2806x/</path>
         <kind>archive</kind>
         <file>2806xRevB_FastSpinROMSymbols.lib</file>
         <name>TMS320x2806x_REVB_boot_rom_out__EST_isError_tmp.obj</name>
      </input_file>
      <input_file id="fl-55">
         <path>/Users/Kyle/ti/motorware/motorware_1_01_00_18/sw/modules/fast/lib/32b/f28x/f2806x/</path>
         <kind>archive</kind>
         <file>2806xRevB_FastSpinROMSymbols.lib</file>
         <name>TMS320x2806x_REVB_boot_rom_out__EST_isIdle_tmp.obj</name>
      </input_file>
      <input_file id="fl-56">
         <path>/Users/Kyle/ti/motorware/motorware_1_01_00_18/sw/modules/fast/lib/32b/f28x/f2806x/</path>
         <kind>archive</kind>
         <file>2806xRevB_FastSpinROMSymbols.lib</file>
         <name>TMS320x2806x_REVB_boot_rom_out__EST_isLockRotor_tmp.obj</name>
      </input_file>
      <input_file id="fl-57">
         <path>/Users/Kyle/ti/motorware/motorware_1_01_00_18/sw/modules/fast/lib/32b/f28x/f2806x/</path>
         <kind>archive</kind>
         <file>2806xRevB_FastSpinROMSymbols.lib</file>
         <name>TMS320x2806x_REVB_boot_rom_out__EST_isMotorIdentified_tmp.obj</name>
      </input_file>
      <input_file id="fl-58">
         <path>/Users/Kyle/ti/motorware/motorware_1_01_00_18/sw/modules/fast/lib/32b/f28x/f2806x/</path>
         <kind>archive</kind>
         <file>2806xRevB_FastSpinROMSymbols.lib</file>
         <name>TMS320x2806x_REVB_boot_rom_out__EST_isOnLine_tmp.obj</name>
      </input_file>
      <input_file id="fl-59">
         <path>/Users/Kyle/ti/motorware/motorware_1_01_00_18/sw/modules/fast/lib/32b/f28x/f2806x/</path>
         <kind>archive</kind>
         <file>2806xRevB_FastSpinROMSymbols.lib</file>
         <name>TMS320x2806x_REVB_boot_rom_out__EST_run_tmp.obj</name>
      </input_file>
      <input_file id="fl-5a">
         <path>/Users/Kyle/ti/motorware/motorware_1_01_00_18/sw/modules/fast/lib/32b/f28x/f2806x/</path>
         <kind>archive</kind>
         <file>2806xRevB_FastSpinROMSymbols.lib</file>
         <name>TMS320x2806x_REVB_boot_rom_out__EST_setFlag_enableForceAngle_tmp.obj</name>
      </input_file>
      <input_file id="fl-5b">
         <path>/Users/Kyle/ti/motorware/motorware_1_01_00_18/sw/modules/fast/lib/32b/f28x/f2806x/</path>
         <kind>archive</kind>
         <file>2806xRevB_FastSpinROMSymbols.lib</file>
         <name>TMS320x2806x_REVB_boot_rom_out__EST_setFlag_enableRsRecalc_tmp.obj</name>
      </input_file>
      <input_file id="fl-5c">
         <path>/Users/Kyle/ti/motorware/motorware_1_01_00_18/sw/modules/fast/lib/32b/f28x/f2806x/</path>
         <kind>archive</kind>
         <file>2806xRevB_FastSpinROMSymbols.lib</file>
         <name>TMS320x2806x_REVB_boot_rom_out__EST_setId_ref_pu_tmp.obj</name>
      </input_file>
      <input_file id="fl-5d">
         <path>/Users/Kyle/ti/motorware/motorware_1_01_00_18/sw/modules/fast/lib/32b/f28x/f2806x/</path>
         <kind>archive</kind>
         <file>2806xRevB_FastSpinROMSymbols.lib</file>
         <name>TMS320x2806x_REVB_boot_rom_out__EST_setIdle_tmp.obj</name>
      </input_file>
      <input_file id="fl-5e">
         <path>/Users/Kyle/ti/motorware/motorware_1_01_00_18/sw/modules/fast/lib/32b/f28x/f2806x/</path>
         <kind>archive</kind>
         <file>2806xRevB_FastSpinROMSymbols.lib</file>
         <name>TMS320x2806x_REVB_boot_rom_out__EST_setIdle_all_tmp.obj</name>
      </input_file>
      <input_file id="fl-5f">
         <path>/Users/Kyle/ti/motorware/motorware_1_01_00_18/sw/modules/fast/lib/32b/f28x/f2806x/</path>
         <kind>archive</kind>
         <file>2806xRevB_FastSpinROMSymbols.lib</file>
         <name>TMS320x2806x_REVB_boot_rom_out__EST_setIq_ref_pu_tmp.obj</name>
      </input_file>
      <input_file id="fl-60">
         <path>/Users/Kyle/ti/motorware/motorware_1_01_00_18/sw/modules/fast/lib/32b/f28x/f2806x/</path>
         <kind>archive</kind>
         <file>2806xRevB_FastSpinROMSymbols.lib</file>
         <name>TMS320x2806x_REVB_boot_rom_out__EST_setLs_d_pu_tmp.obj</name>
      </input_file>
      <input_file id="fl-61">
         <path>/Users/Kyle/ti/motorware/motorware_1_01_00_18/sw/modules/fast/lib/32b/f28x/f2806x/</path>
         <kind>archive</kind>
         <file>2806xRevB_FastSpinROMSymbols.lib</file>
         <name>TMS320x2806x_REVB_boot_rom_out__EST_setLs_qFmt_tmp.obj</name>
      </input_file>
      <input_file id="fl-62">
         <path>/Users/Kyle/ti/motorware/motorware_1_01_00_18/sw/modules/fast/lib/32b/f28x/f2806x/</path>
         <kind>archive</kind>
         <file>2806xRevB_FastSpinROMSymbols.lib</file>
         <name>TMS320x2806x_REVB_boot_rom_out__EST_setLs_q_pu_tmp.obj</name>
      </input_file>
      <input_file id="fl-63">
         <path>/Users/Kyle/ti/motorware/motorware_1_01_00_18/sw/modules/fast/lib/32b/f28x/f2806x/</path>
         <kind>archive</kind>
         <file>2806xRevB_FastSpinROMSymbols.lib</file>
         <name>TMS320x2806x_REVB_boot_rom_out__EST_setMaxCurrentSlope_pu_tmp.obj</name>
      </input_file>
      <input_file id="fl-64">
         <path>/Users/Kyle/ti/motorware/motorware_1_01_00_18/sw/modules/fast/lib/32b/f28x/f2806x/</path>
         <kind>archive</kind>
         <file>2806xRevB_FastSpinROMSymbols.lib</file>
         <name>TMS320x2806x_REVB_boot_rom_out__EST_setRs_pu_tmp.obj</name>
      </input_file>
      <input_file id="fl-65">
         <path>/Users/Kyle/ti/motorware/motorware_1_01_00_18/sw/modules/fast/lib/32b/f28x/f2806x/</path>
         <kind>archive</kind>
         <file>2806xRevB_FastSpinROMSymbols.lib</file>
         <name>TMS320x2806x_REVB_boot_rom_out__EST_updateId_ref_pu_tmp.obj</name>
      </input_file>
      <input_file id="fl-66">
         <path>/Users/Kyle/ti/motorware/motorware_1_01_00_18/sw/modules/fast/lib/32b/f28x/f2806x/</path>
         <kind>archive</kind>
         <file>2806xRevB_FastSpinROMSymbols.lib</file>
         <name>TMS320x2806x_REVB_boot_rom_out__EST_updateState_tmp.obj</name>
      </input_file>
      <input_file id="fl-67">
         <path>/Users/Kyle/ti/motorware/motorware_1_01_00_18/sw/modules/fast/lib/32b/f28x/f2806x/</path>
         <kind>archive</kind>
         <file>2806xRevB_FastSpinROMSymbols.lib</file>
         <name>TMS320x2806x_REVB_boot_rom_out__EST_useZeroIq_ref_tmp.obj</name>
      </input_file>
      <input_file id="fl-68">
         <path>/Users/Kyle/ti/motorware/motorware_1_01_00_18/sw/modules/iqmath/lib/f28x/32b/</path>
         <kind>archive</kind>
         <file>IQmath.lib</file>
         <name>IQ24cosPU.obj</name>
      </input_file>
      <input_file id="fl-69">
         <path>/Users/Kyle/ti/motorware/motorware_1_01_00_18/sw/modules/iqmath/lib/f28x/32b/</path>
         <kind>archive</kind>
         <file>IQmath.lib</file>
         <name>IQmathTables.obj</name>
      </input_file>
      <input_file id="fl-6a">
         <path>/Users/Kyle/ti/motorware/motorware_1_01_00_18/sw/modules/iqmath/lib/f28x/32b/</path>
         <kind>archive</kind>
         <file>IQmath.lib</file>
         <name>IQ24sinPU.obj</name>
      </input_file>
      <input_file id="fl-6b">
         <path>/Users/Kyle/ti/motorware/motorware_1_01_00_18/sw/modules/iqmath/lib/f28x/32b/</path>
         <kind>archive</kind>
         <file>IQmath.lib</file>
         <name>IQ24sqrt.obj</name>
      </input_file>
      <input_file id="fl-6c">
         <path>/Users/Kyle/ti/motorware/motorware_1_01_00_18/sw/modules/iqmath/lib/f28x/32b/</path>
         <kind>archive</kind>
         <file>IQmath.lib</file>
         <name>IQ30toF.obj</name>
      </input_file>
      <input_file id="fl-6d">
         <path>/Users/Kyle/ti/motorware/motorware_1_01_00_18/sw/modules/iqmath/lib/f28x/32b/</path>
         <kind>archive</kind>
         <file>IQmath.lib</file>
         <name>IQNtoa.obj</name>
      </input_file>
      <input_file id="fl-6e">
         <path>/Applications/ti/ccsv7/tools/compiler/ti-cgt-c2000_16.9.1.LTS/lib/</path>
         <kind>archive</kind>
         <file>rts2800_ml.lib</file>
         <name>l_div28.obj</name>
      </input_file>
      <input_file id="fl-6f">
         <path>/Users/Kyle/ti/motorware/motorware_1_01_00_18/sw/modules/iqmath/lib/f28x/32b/</path>
         <kind>archive</kind>
         <file>IQmath.lib</file>
         <name>iqntoa_get_frac_c.obj</name>
      </input_file>
      <input_file id="fl-70">
         <path>/Users/Kyle/ti/motorware/motorware_1_01_00_18/sw/modules/iqmath/lib/f28x/32b/</path>
         <kind>archive</kind>
         <file>IQmath.lib</file>
         <name>atoIQN.obj</name>
      </input_file>
      <input_file id="fl-71">
         <path>/Applications/ti/ccsv7/tools/compiler/ti-cgt-c2000_16.9.1.LTS/lib/</path>
         <kind>archive</kind>
         <file>rts2800_ml.lib</file>
         <name>boot28.obj</name>
      </input_file>
      <input_file id="fl-72">
         <path>/Applications/ti/ccsv7/tools/compiler/ti-cgt-c2000_16.9.1.LTS/lib/</path>
         <kind>archive</kind>
         <file>rts2800_ml.lib</file>
         <name>args_main.obj</name>
      </input_file>
      <input_file id="fl-73">
         <path>/Applications/ti/ccsv7/tools/compiler/ti-cgt-c2000_16.9.1.LTS/lib/</path>
         <kind>archive</kind>
         <file>rts2800_ml.lib</file>
         <name>startup.obj</name>
      </input_file>
      <input_file id="fl-74">
         <path>/Applications/ti/ccsv7/tools/compiler/ti-cgt-c2000_16.9.1.LTS/lib/</path>
         <kind>archive</kind>
         <file>rts2800_ml.lib</file>
         <name>pre_init.obj</name>
      </input_file>
      <input_file id="fl-75">
         <path>/Applications/ti/ccsv7/tools/compiler/ti-cgt-c2000_16.9.1.LTS/lib/</path>
         <kind>archive</kind>
         <file>rts2800_ml.lib</file>
         <name>s_ceilf.obj</name>
      </input_file>
      <input_file id="fl-76">
         <path>/Applications/ti/ccsv7/tools/compiler/ti-cgt-c2000_16.9.1.LTS/lib/</path>
         <kind>archive</kind>
         <file>rts2800_ml.lib</file>
         <name>cpy_tbl.obj</name>
      </input_file>
      <input_file id="fl-77">
         <path>/Applications/ti/ccsv7/tools/compiler/ti-cgt-c2000_16.9.1.LTS/lib/</path>
         <kind>archive</kind>
         <file>rts2800_ml.lib</file>
         <name>exit.obj</name>
      </input_file>
      <input_file id="fl-78">
         <path>/Applications/ti/ccsv7/tools/compiler/ti-cgt-c2000_16.9.1.LTS/lib/</path>
         <kind>archive</kind>
         <file>rts2800_ml.lib</file>
         <name>_lock.obj</name>
      </input_file>
      <input_file id="fl-79">
         <path>/Applications/ti/ccsv7/tools/compiler/ti-cgt-c2000_16.9.1.LTS/lib/</path>
         <kind>archive</kind>
         <file>rts2800_ml.lib</file>
         <name>e_logf.obj</name>
      </input_file>
      <input_file id="fl-7a">
         <path>/Applications/ti/ccsv7/tools/compiler/ti-cgt-c2000_16.9.1.LTS/lib/</path>
         <kind>archive</kind>
         <file>rts2800_ml.lib</file>
         <name>l_tofs28.obj</name>
      </input_file>
      <input_file id="fl-7b">
         <path>/Applications/ti/ccsv7/tools/compiler/ti-cgt-c2000_16.9.1.LTS/lib/</path>
         <kind>archive</kind>
         <file>rts2800_ml.lib</file>
         <name>errno.obj</name>
      </input_file>
      <input_file id="fl-7c">
         <path>/Applications/ti/ccsv7/tools/compiler/ti-cgt-c2000_16.9.1.LTS/lib/</path>
         <kind>archive</kind>
         <file>rts2800_ml.lib</file>
         <name>memcpy.obj</name>
      </input_file>
      <input_file id="fl-7d">
         <path>/Applications/ti/ccsv7/tools/compiler/ti-cgt-c2000_16.9.1.LTS/lib/</path>
         <kind>archive</kind>
         <file>rts2800_ml.lib</file>
         <name>e_powf.obj</name>
      </input_file>
      <input_file id="fl-7e">
         <path>/Applications/ti/ccsv7/tools/compiler/ti-cgt-c2000_16.9.1.LTS/lib/</path>
         <kind>archive</kind>
         <file>rts2800_ml.lib</file>
         <name>s_scalbnf.obj</name>
      </input_file>
      <input_file id="fl-7f">
         <path>/Applications/ti/ccsv7/tools/compiler/ti-cgt-c2000_16.9.1.LTS/lib/</path>
         <kind>archive</kind>
         <file>rts2800_ml.lib</file>
         <name>s_copysignf.obj</name>
      </input_file>
      <input_file id="fl-80">
         <path>/Applications/ti/ccsv7/tools/compiler/ti-cgt-c2000_16.9.1.LTS/lib/</path>
         <kind>archive</kind>
         <file>rts2800_ml.lib</file>
         <name>e_sqrtf.obj</name>
      </input_file>
      <input_file id="fl-81">
         <path>/Applications/ti/ccsv7/tools/compiler/ti-cgt-c2000_16.9.1.LTS/lib/</path>
         <kind>archive</kind>
         <file>rts2800_ml.lib</file>
         <name>strcat.obj</name>
      </input_file>
   </input_file_list>
   <object_component_list>
      <object_component id="oc-bb">
         <name>.cinit</name>
         <load_address>0x3f395e</load_address>
         <run_address>0x3f395e</run_address>
         <size>0xc7</size>
         <input_file_ref idref="fl-19"/>
      </object_component>
      <object_component id="oc-179">
         <name>.cinit</name>
         <load_address>0x3f3a25</load_address>
         <run_address>0x3f3a25</run_address>
         <size>0xe</size>
         <input_file_ref idref="fl-77"/>
      </object_component>
      <object_component id="oc-6d">
         <name>.cinit</name>
         <load_address>0x3f3a33</load_address>
         <run_address>0x3f3a33</run_address>
         <size>0xd</size>
         <input_file_ref idref="fl-b"/>
      </object_component>
      <object_component id="oc-e8">
         <name>.cinit</name>
         <load_address>0x3f3a40</load_address>
         <run_address>0x3f3a40</run_address>
         <size>0x9</size>
         <input_file_ref idref="fl-21"/>
      </object_component>
      <object_component id="oc-1c0">
         <name>.cinit:__lock</name>
         <load_address>0x3f3a49</load_address>
         <run_address>0x3f3a49</run_address>
         <size>0x5</size>
         <input_file_ref idref="fl-78"/>
      </object_component>
      <object_component id="oc-1c6">
         <name>.cinit:__unlock</name>
         <load_address>0x3f3a4e</load_address>
         <run_address>0x3f3a4e</run_address>
         <size>0x5</size>
         <input_file_ref idref="fl-78"/>
      </object_component>
      <object_component id="oc-75">
         <name>.cinit</name>
         <load_address>0x3f3a53</load_address>
         <run_address>0x3f3a53</run_address>
         <size>0x4</size>
         <input_file_ref idref="fl-c"/>
      </object_component>
      <object_component id="oc-190">
         <name>.cinit</name>
         <load_address>0x3f3a57</load_address>
         <run_address>0x3f3a57</run_address>
         <size>0x4</size>
         <input_file_ref idref="fl-7b"/>
      </object_component>
      <object_component id="oc-1c4">
         <name>.text</name>
         <load_address>0x3f0000</load_address>
         <run_address>0x3f0000</run_address>
         <size>0xb3e</size>
         <input_file_ref idref="fl-10"/>
      </object_component>
      <object_component id="oc-1d0">
         <name>.text</name>
         <load_address>0x3f0b3e</load_address>
         <run_address>0x3f0b3e</run_address>
         <size>0x77d</size>
         <input_file_ref idref="fl-c"/>
      </object_component>
      <object_component id="oc-1c1">
         <name>.text</name>
         <load_address>0x3f12bb</load_address>
         <run_address>0x3f12bb</run_address>
         <size>0x462</size>
         <input_file_ref idref="fl-a"/>
      </object_component>
      <object_component id="oc-1c2">
         <name>.text</name>
         <load_address>0x3f171d</load_address>
         <run_address>0x3f171d</run_address>
         <size>0x42e</size>
         <input_file_ref idref="fl-23"/>
      </object_component>
      <object_component id="oc-1cf">
         <name>.text</name>
         <load_address>0x3f1b4b</load_address>
         <run_address>0x3f1b4b</run_address>
         <size>0x41f</size>
         <input_file_ref idref="fl-7d"/>
      </object_component>
      <object_component id="oc-1b9">
         <name>.text</name>
         <load_address>0x3f1f6a</load_address>
         <run_address>0x3f1f6a</run_address>
         <size>0x3e0</size>
         <input_file_ref idref="fl-19"/>
      </object_component>
      <object_component id="oc-1d4">
         <name>.text</name>
         <load_address>0x3f234a</load_address>
         <run_address>0x3f234a</run_address>
         <size>0x2f7</size>
         <input_file_ref idref="fl-1a"/>
      </object_component>
      <object_component id="oc-1d7">
         <name>.text</name>
         <load_address>0x3f2641</load_address>
         <run_address>0x3f2641</run_address>
         <size>0x1f8</size>
         <input_file_ref idref="fl-6"/>
      </object_component>
      <object_component id="oc-1d3">
         <name>.text</name>
         <load_address>0x3f2839</load_address>
         <run_address>0x3f2839</run_address>
         <size>0x18a</size>
         <input_file_ref idref="fl-8"/>
      </object_component>
      <object_component id="oc-1cd">
         <name>.text</name>
         <load_address>0x3f29c3</load_address>
         <run_address>0x3f29c3</run_address>
         <size>0x186</size>
         <input_file_ref idref="fl-79"/>
      </object_component>
      <object_component id="oc-1bb">
         <name>.text</name>
         <load_address>0x3f2b49</load_address>
         <run_address>0x3f2b49</run_address>
         <size>0x175</size>
         <input_file_ref idref="fl-f"/>
      </object_component>
      <object_component id="oc-1d6">
         <name>.text</name>
         <load_address>0x3f2cbe</load_address>
         <run_address>0x3f2cbe</run_address>
         <size>0xff</size>
         <input_file_ref idref="fl-17"/>
      </object_component>
      <object_component id="oc-1ba">
         <name>.text</name>
         <load_address>0x3f2dbd</load_address>
         <run_address>0x3f2dbd</run_address>
         <size>0xf3</size>
         <input_file_ref idref="fl-1c"/>
      </object_component>
      <object_component id="oc-1d2">
         <name>.text</name>
         <load_address>0x3f2eb0</load_address>
         <run_address>0x3f2eb0</run_address>
         <size>0xa9</size>
         <input_file_ref idref="fl-1d"/>
      </object_component>
      <object_component id="oc-100">
         <name>.text</name>
         <load_address>0x3f2f59</load_address>
         <run_address>0x3f2f59</run_address>
         <size>0x83</size>
         <input_file_ref idref="fl-28"/>
      </object_component>
      <object_component id="oc-114">
         <name>.text</name>
         <load_address>0x3f2fdc</load_address>
         <run_address>0x3f2fdc</run_address>
         <size>0x83</size>
         <input_file_ref idref="fl-2c"/>
      </object_component>
      <object_component id="oc-10a">
         <name>.text</name>
         <load_address>0x3f305f</load_address>
         <run_address>0x3f305f</run_address>
         <size>0x78</size>
         <input_file_ref idref="fl-2a"/>
      </object_component>
      <object_component id="oc-1e0">
         <name>.text</name>
         <load_address>0x3f30d7</load_address>
         <run_address>0x3f30d7</run_address>
         <size>0x76</size>
         <input_file_ref idref="fl-80"/>
      </object_component>
      <object_component id="oc-bd">
         <name>.text:retain</name>
         <load_address>0x3f314d</load_address>
         <run_address>0x3f314d</run_address>
         <size>0x6a</size>
         <input_file_ref idref="fl-19"/>
      </object_component>
      <object_component id="oc-1ce">
         <name>.text</name>
         <load_address>0x3f31b7</load_address>
         <run_address>0x3f31b7</run_address>
         <size>0x69</size>
         <input_file_ref idref="fl-75"/>
      </object_component>
      <object_component id="oc-1e4">
         <name>.text</name>
         <load_address>0x3f3220</load_address>
         <run_address>0x3f3220</run_address>
         <size>0x69</size>
         <input_file_ref idref="fl-7e"/>
      </object_component>
      <object_component id="oc-1d5">
         <name>.text</name>
         <load_address>0x3f3289</load_address>
         <run_address>0x3f3289</run_address>
         <size>0x5b</size>
         <input_file_ref idref="fl-18"/>
      </object_component>
      <object_component id="oc-119">
         <name>.text</name>
         <load_address>0x3f32e4</load_address>
         <run_address>0x3f32e4</run_address>
         <size>0x5a</size>
         <input_file_ref idref="fl-2d"/>
      </object_component>
      <object_component id="oc-19">
         <name>.text</name>
         <load_address>0x3f333e</load_address>
         <run_address>0x3f333e</run_address>
         <size>0x54</size>
         <input_file_ref idref="fl-71"/>
      </object_component>
      <object_component id="oc-1d9">
         <name>.text</name>
         <load_address>0x3f3392</load_address>
         <run_address>0x3f3392</run_address>
         <size>0x47</size>
         <input_file_ref idref="fl-13"/>
      </object_component>
      <object_component id="oc-1dc">
         <name>.text</name>
         <load_address>0x3f33d9</load_address>
         <run_address>0x3f33d9</run_address>
         <size>0x46</size>
         <input_file_ref idref="fl-24"/>
      </object_component>
      <object_component id="oc-1de">
         <name>.text</name>
         <load_address>0x3f341f</load_address>
         <run_address>0x3f341f</run_address>
         <size>0x44</size>
         <input_file_ref idref="fl-1b"/>
      </object_component>
      <object_component id="oc-1d1">
         <name>.text</name>
         <load_address>0x3f3463</load_address>
         <run_address>0x3f3463</run_address>
         <size>0x32</size>
         <input_file_ref idref="fl-1f"/>
      </object_component>
      <object_component id="oc-1d8">
         <name>.text</name>
         <load_address>0x3f3495</load_address>
         <run_address>0x3f3495</run_address>
         <size>0x2d</size>
         <input_file_ref idref="fl-14"/>
      </object_component>
      <object_component id="oc-151">
         <name>.text</name>
         <load_address>0x3f34c2</load_address>
         <run_address>0x3f34c2</run_address>
         <size>0x2a</size>
         <input_file_ref idref="fl-6e"/>
      </object_component>
      <object_component id="oc-1b8">
         <name>.text</name>
         <load_address>0x3f34ec</load_address>
         <run_address>0x3f34ec</run_address>
         <size>0x29</size>
         <input_file_ref idref="fl-77"/>
      </object_component>
      <object_component id="oc-1da">
         <name>.text</name>
         <load_address>0x3f3515</load_address>
         <run_address>0x3f3515</run_address>
         <size>0x25</size>
         <input_file_ref idref="fl-9"/>
      </object_component>
      <object_component id="oc-128">
         <name>.text</name>
         <load_address>0x3f353a</load_address>
         <run_address>0x3f353a</run_address>
         <size>0x25</size>
         <input_file_ref idref="fl-30"/>
      </object_component>
      <object_component id="oc-1b5">
         <name>.text</name>
         <load_address>0x3f355f</load_address>
         <run_address>0x3f355f</run_address>
         <size>0x24</size>
         <input_file_ref idref="fl-76"/>
      </object_component>
      <object_component id="oc-137">
         <name>.text</name>
         <load_address>0x3f3583</load_address>
         <run_address>0x3f3583</run_address>
         <size>0x22</size>
         <input_file_ref idref="fl-33"/>
      </object_component>
      <object_component id="oc-1e5">
         <name>.text</name>
         <load_address>0x3f35a5</load_address>
         <run_address>0x3f35a5</run_address>
         <size>0x21</size>
         <input_file_ref idref="fl-d"/>
      </object_component>
      <object_component id="oc-132">
         <name>.text</name>
         <load_address>0x3f35c6</load_address>
         <run_address>0x3f35c6</run_address>
         <size>0x21</size>
         <input_file_ref idref="fl-32"/>
      </object_component>
      <object_component id="oc-1dd">
         <name>.text</name>
         <load_address>0x3f35e7</load_address>
         <run_address>0x3f35e7</run_address>
         <size>0x20</size>
         <input_file_ref idref="fl-e"/>
      </object_component>
      <object_component id="oc-105">
         <name>.text</name>
         <load_address>0x3f3607</load_address>
         <run_address>0x3f3607</run_address>
         <size>0x1f</size>
         <input_file_ref idref="fl-29"/>
      </object_component>
      <object_component id="oc-12d">
         <name>.text</name>
         <load_address>0x3f3626</load_address>
         <run_address>0x3f3626</run_address>
         <size>0x1d</size>
         <input_file_ref idref="fl-31"/>
      </object_component>
      <object_component id="oc-1be">
         <name>.text</name>
         <load_address>0x3f3643</load_address>
         <run_address>0x3f3643</run_address>
         <size>0x1d</size>
         <input_file_ref idref="fl-7c"/>
      </object_component>
      <object_component id="oc-123">
         <name>.text</name>
         <load_address>0x3f3660</load_address>
         <run_address>0x3f3660</run_address>
         <size>0x1c</size>
         <input_file_ref idref="fl-2f"/>
      </object_component>
      <object_component id="oc-13c">
         <name>.text</name>
         <load_address>0x3f367c</load_address>
         <run_address>0x3f367c</run_address>
         <size>0x1a</size>
         <input_file_ref idref="fl-34"/>
      </object_component>
      <object_component id="oc-18a">
         <name>.text</name>
         <load_address>0x3f3696</load_address>
         <run_address>0x3f3696</run_address>
         <size>0x1a</size>
         <input_file_ref idref="fl-7a"/>
      </object_component>
      <object_component id="oc-1b7">
         <name>.text</name>
         <load_address>0x3f36b0</load_address>
         <run_address>0x3f36b0</run_address>
         <size>0x19</size>
         <input_file_ref idref="fl-72"/>
      </object_component>
      <object_component id="oc-10f">
         <name>.text</name>
         <load_address>0x3f36c9</load_address>
         <run_address>0x3f36c9</run_address>
         <size>0x17</size>
         <input_file_ref idref="fl-2b"/>
      </object_component>
      <object_component id="oc-146">
         <name>.text</name>
         <load_address>0x3f36e0</load_address>
         <run_address>0x3f36e0</run_address>
         <size>0x13</size>
         <input_file_ref idref="fl-36"/>
      </object_component>
      <object_component id="oc-141">
         <name>.text</name>
         <load_address>0x3f36f3</load_address>
         <run_address>0x3f36f3</run_address>
         <size>0x10</size>
         <input_file_ref idref="fl-35"/>
      </object_component>
      <object_component id="oc-1c3">
         <name>.text</name>
         <load_address>0x3f3703</load_address>
         <run_address>0x3f3703</run_address>
         <size>0xf</size>
         <input_file_ref idref="fl-12"/>
      </object_component>
      <object_component id="oc-1e7">
         <name>.text</name>
         <load_address>0x3f3712</load_address>
         <run_address>0x3f3712</run_address>
         <size>0xa</size>
         <input_file_ref idref="fl-7f"/>
      </object_component>
      <object_component id="oc-1c5">
         <name>.text</name>
         <load_address>0x3f371c</load_address>
         <run_address>0x3f371c</run_address>
         <size>0x9</size>
         <input_file_ref idref="fl-78"/>
      </object_component>
      <object_component id="oc-1bd">
         <name>.text</name>
         <load_address>0x3f3725</load_address>
         <run_address>0x3f3725</run_address>
         <size>0x9</size>
         <input_file_ref idref="fl-81"/>
      </object_component>
      <object_component id="oc-4b">
         <name>.text</name>
         <load_address>0x3f372e</load_address>
         <run_address>0x3f372e</run_address>
         <size>0x8</size>
         <input_file_ref idref="fl-5"/>
      </object_component>
      <object_component id="oc-b0">
         <name>.text:retain</name>
         <load_address>0x3f3736</load_address>
         <run_address>0x3f3736</run_address>
         <size>0x5</size>
         <input_file_ref idref="fl-17"/>
      </object_component>
      <object_component id="oc-11e">
         <name>.text</name>
         <load_address>0x3f373b</load_address>
         <run_address>0x3f373b</run_address>
         <size>0x5</size>
         <input_file_ref idref="fl-2e"/>
      </object_component>
      <object_component id="oc-1b4">
         <name>.text</name>
         <load_address>0x3f3740</load_address>
         <run_address>0x3f3740</run_address>
         <size>0x2</size>
         <input_file_ref idref="fl-74"/>
      </object_component>
      <object_component id="oc-1b6">
         <name>.text</name>
         <load_address>0x3f3742</load_address>
         <run_address>0x3f3742</run_address>
         <size>0x1</size>
         <input_file_ref idref="fl-73"/>
      </object_component>
      <object_component id="oc-4c">
         <name>codestart</name>
         <load_address>0x3f7ff6</load_address>
         <run_address>0x3f7ff6</run_address>
         <size>0x2</size>
         <input_file_ref idref="fl-5"/>
      </object_component>
      <object_component id="oc-1bc">
         <name>ramfuncs</name>
         <load_address>0x3e8000</load_address>
         <run_address>0x8000</run_address>
         <size>0x52d</size>
         <input_file_ref idref="fl-a"/>
      </object_component>
      <object_component id="oc-be">
         <name>ramfuncs:retain</name>
         <load_address>0x3e852d</load_address>
         <run_address>0x852d</run_address>
         <size>0x116</size>
         <input_file_ref idref="fl-19"/>
      </object_component>
      <object_component id="oc-1e6">
         <name>ramfuncs</name>
         <load_address>0x3e8643</load_address>
         <run_address>0x8643</run_address>
         <size>0x32</size>
         <input_file_ref idref="fl-e"/>
      </object_component>
      <object_component id="oc-1db">
         <name>ramfuncs</name>
         <load_address>0x3e8675</load_address>
         <run_address>0x8675</run_address>
         <size>0x1e</size>
         <input_file_ref idref="fl-10"/>
      </object_component>
      <object_component id="oc-f0">
         <name>ramfuncs</name>
         <load_address>0x3e8693</load_address>
         <run_address>0x8693</run_address>
         <size>0x4</size>
         <input_file_ref idref="fl-22"/>
      </object_component>
      <object_component id="oc-158">
         <name>.stack</name>
         <uninitialized>true</uninitialized>
         <run_address>0x50</run_address>
         <size>0x0</size>
         <input_file_ref idref="fl-71"/>
      </object_component>
      <object_component id="oc-20a">
         <name>.stack</name>
         <uninitialized>true</uninitialized>
         <run_address>0x50</run_address>
         <size>0x0</size>
      </object_component>
      <object_component id="oc-61">
         <name>.ebss</name>
         <uninitialized>true</uninitialized>
         <run_address>0x95bc</run_address>
         <size>0x1</size>
         <input_file_ref idref="fl-9"/>
      </object_component>
      <object_component id="oc-6e">
         <name>.ebss</name>
         <uninitialized>true</uninitialized>
         <run_address>0x95a0</run_address>
         <size>0xc</size>
         <input_file_ref idref="fl-b"/>
      </object_component>
      <object_component id="oc-76">
         <name>.ebss</name>
         <uninitialized>true</uninitialized>
         <run_address>0x95ba</run_address>
         <size>0x2</size>
         <input_file_ref idref="fl-c"/>
      </object_component>
      <object_component id="oc-8b">
         <name>.ebss</name>
         <uninitialized>true</uninitialized>
         <run_address>0x9a00</run_address>
         <size>0xac</size>
         <input_file_ref idref="fl-10"/>
      </object_component>
      <object_component id="oc-bc">
         <name>.ebss</name>
         <uninitialized>true</uninitialized>
         <run_address>0x95c0</run_address>
         <size>0x408</size>
         <input_file_ref idref="fl-19"/>
      </object_component>
      <object_component id="oc-e9">
         <name>.ebss</name>
         <uninitialized>true</uninitialized>
         <run_address>0x95b2</run_address>
         <size>0x4</size>
         <input_file_ref idref="fl-21"/>
      </object_component>
      <object_component id="oc-17a">
         <name>.ebss</name>
         <uninitialized>true</uninitialized>
         <run_address>0x95ac</run_address>
         <size>0x6</size>
         <input_file_ref idref="fl-77"/>
      </object_component>
      <object_component id="oc-1df">
         <name>.ebss:__unlock</name>
         <uninitialized>true</uninitialized>
         <run_address>0x95b8</run_address>
         <size>0x2</size>
         <input_file_ref idref="fl-78"/>
      </object_component>
      <object_component id="oc-1bf">
         <name>.ebss:__lock</name>
         <uninitialized>true</uninitialized>
         <run_address>0x95b6</run_address>
         <size>0x2</size>
         <input_file_ref idref="fl-78"/>
      </object_component>
      <object_component id="oc-191">
         <name>.ebss</name>
         <uninitialized>true</uninitialized>
         <run_address>0x95bd</run_address>
         <size>0x1</size>
         <input_file_ref idref="fl-7b"/>
      </object_component>
      <object_component id="oc-6f">
         <name>graph_data</name>
         <uninitialized>true</uninitialized>
         <run_address>0x8c00</run_address>
         <size>0x9a0</size>
         <input_file_ref idref="fl-b"/>
      </object_component>
      <object_component id="oc-199">
         <name>.econst</name>
         <load_address>0x3f3a5e</load_address>
         <run_address>0x3f3a5e</run_address>
         <size>0x32</size>
         <input_file_ref idref="fl-7d"/>
      </object_component>
      <object_component id="oc-eb">
         <name>.econst:.string</name>
         <load_address>0x3f3a90</load_address>
         <run_address>0x3f3a90</run_address>
         <size>0x21</size>
         <input_file_ref idref="fl-21"/>
      </object_component>
      <object_component id="oc-185">
         <name>.econst</name>
         <load_address>0x3f3ab2</load_address>
         <run_address>0x3f3ab2</run_address>
         <size>0x10</size>
         <input_file_ref idref="fl-79"/>
      </object_component>
      <object_component id="oc-bf">
         <name>.econst:.string</name>
         <load_address>0x3f3ac2</load_address>
         <run_address>0x3f3ac2</run_address>
         <size>0x8</size>
         <input_file_ref idref="fl-19"/>
      </object_component>
      <object_component id="oc-f6">
         <name>.econst</name>
         <load_address>0x3f3aca</load_address>
         <run_address>0x3f3aca</run_address>
         <size>0x8</size>
         <input_file_ref idref="fl-23"/>
      </object_component>
      <object_component id="oc-19f">
         <name>.econst</name>
         <load_address>0x3f3ad2</load_address>
         <run_address>0x3f3ad2</run_address>
         <size>0x6</size>
         <input_file_ref idref="fl-7e"/>
      </object_component>
      <object_component id="oc-1c7">
         <name>.econst:_$P$T0$1</name>
         <load_address>0x3f3ad8</load_address>
         <run_address>0x3f3ad8</run_address>
         <size>0x4</size>
         <input_file_ref idref="fl-a"/>
      </object_component>
      <object_component id="oc-1c8">
         <name>.econst:_$P$T1$2</name>
         <load_address>0x3f3adc</load_address>
         <run_address>0x3f3adc</run_address>
         <size>0x4</size>
         <input_file_ref idref="fl-a"/>
      </object_component>
      <object_component id="oc-1c9">
         <name>.econst:_$P$T2$3</name>
         <load_address>0x3f3ae0</load_address>
         <run_address>0x3f3ae0</run_address>
         <size>0x4</size>
         <input_file_ref idref="fl-a"/>
      </object_component>
      <object_component id="oc-1ca">
         <name>.econst:_$P$T3$4</name>
         <load_address>0x3f3ae4</load_address>
         <run_address>0x3f3ae4</run_address>
         <size>0x4</size>
         <input_file_ref idref="fl-a"/>
      </object_component>
      <object_component id="oc-1cb">
         <name>.econst:_$P$T4$5</name>
         <load_address>0x3f3ae8</load_address>
         <run_address>0x3f3ae8</run_address>
         <size>0x4</size>
         <input_file_ref idref="fl-a"/>
      </object_component>
      <object_component id="oc-1cc">
         <name>.econst:_$P$T5$6</name>
         <load_address>0x3f3aec</load_address>
         <run_address>0x3f3aec</run_address>
         <size>0x4</size>
         <input_file_ref idref="fl-a"/>
      </object_component>
      <object_component id="oc-1e1">
         <name>.econst:_bp</name>
         <load_address>0x3f3af0</load_address>
         <run_address>0x3f3af0</run_address>
         <size>0x4</size>
         <input_file_ref idref="fl-7d"/>
      </object_component>
      <object_component id="oc-1e2">
         <name>.econst:_dp_h</name>
         <load_address>0x3f3af4</load_address>
         <run_address>0x3f3af4</run_address>
         <size>0x4</size>
         <input_file_ref idref="fl-7d"/>
      </object_component>
      <object_component id="oc-1e3">
         <name>.econst:_dp_l</name>
         <load_address>0x3f3af8</load_address>
         <run_address>0x3f3af8</run_address>
         <size>0x4</size>
         <input_file_ref idref="fl-7d"/>
      </object_component>
      <object_component id="oc-67">
         <name>.econst</name>
         <load_address>0x3f3afc</load_address>
         <run_address>0x3f3afc</run_address>
         <size>0x4</size>
         <input_file_ref idref="fl-a"/>
      </object_component>
      <object_component id="oc-8c">
         <name>.econst</name>
         <load_address>0x3f3b00</load_address>
         <run_address>0x3f3b00</run_address>
         <size>0x4</size>
         <input_file_ref idref="fl-10"/>
      </object_component>
      <object_component id="oc-1aa">
         <name>.econst</name>
         <load_address>0x3f3b04</load_address>
         <run_address>0x3f3b04</run_address>
         <size>0x4</size>
         <input_file_ref idref="fl-80"/>
      </object_component>
      <object_component id="oc-16e">
         <name>.econst</name>
         <load_address>0x3f3b08</load_address>
         <run_address>0x3f3b08</run_address>
         <size>0x2</size>
         <input_file_ref idref="fl-75"/>
      </object_component>
      <object_component id="oc-ea">
         <name>.econst</name>
         <load_address>0x3f3b0a</load_address>
         <run_address>0x3f3b0a</run_address>
         <size>0x2</size>
         <input_file_ref idref="fl-21"/>
      </object_component>
      <object_component id="oc-150">
         <name>IQmath</name>
         <load_address>0x3f3743</load_address>
         <run_address>0x3f3743</run_address>
         <size>0xe0</size>
         <input_file_ref idref="fl-6d"/>
      </object_component>
      <object_component id="oc-157">
         <name>IQmath</name>
         <load_address>0x3f3823</load_address>
         <run_address>0x3f3823</run_address>
         <size>0x8f</size>
         <input_file_ref idref="fl-70"/>
      </object_component>
      <object_component id="oc-14e">
         <name>IQmath</name>
         <load_address>0x3f38b2</load_address>
         <run_address>0x3f38b2</run_address>
         <size>0x42</size>
         <input_file_ref idref="fl-6b"/>
      </object_component>
      <object_component id="oc-14d">
         <name>IQmath</name>
         <load_address>0x3f38f4</load_address>
         <run_address>0x3f38f4</run_address>
         <size>0x29</size>
         <input_file_ref idref="fl-6a"/>
      </object_component>
      <object_component id="oc-14b">
         <name>IQmath</name>
         <load_address>0x3f391d</load_address>
         <run_address>0x3f391d</run_address>
         <size>0x27</size>
         <input_file_ref idref="fl-68"/>
      </object_component>
      <object_component id="oc-14f">
         <name>IQmath</name>
         <load_address>0x3f3944</load_address>
         <run_address>0x3f3944</run_address>
         <size>0x14</size>
         <input_file_ref idref="fl-6c"/>
      </object_component>
      <object_component id="oc-156">
         <name>IQmath</name>
         <load_address>0x3f3958</load_address>
         <run_address>0x3f3958</run_address>
         <size>0x6</size>
         <input_file_ref idref="fl-6f"/>
      </object_component>
      <object_component id="oc-14c">
         <name>IQmathTables</name>
         <load_address>0x3fdc30</load_address>
         <run_address>0x3fdc30</run_address>
         <size>0xb50</size>
         <input_file_ref idref="fl-69"/>
      </object_component>
      <object_component id="oc-159">
         <name>.reset</name>
         <load_address>0x3fffc0</load_address>
         <run_address>0x3fffc0</run_address>
         <size>0x2</size>
         <input_file_ref idref="fl-71"/>
      </object_component>
      <object_component id="oc-4d">
         <name>.debug_info</name>
         <load_address>0x0</load_address>
         <run_address>0x0</run_address>
         <size>0x253</size>
         <input_file_ref idref="fl-5"/>
      </object_component>
      <object_component id="oc-51">
         <name>.debug_info</name>
         <load_address>0x253</load_address>
         <run_address>0x253</run_address>
         <size>0x461c</size>
         <input_file_ref idref="fl-6"/>
      </object_component>
      <object_component id="oc-56">
         <name>.debug_info</name>
         <load_address>0x486f</load_address>
         <run_address>0x486f</run_address>
         <size>0x414</size>
         <input_file_ref idref="fl-7"/>
      </object_component>
      <object_component id="oc-5b">
         <name>.debug_info</name>
         <load_address>0x4c83</load_address>
         <run_address>0x4c83</run_address>
         <size>0x4e79</size>
         <input_file_ref idref="fl-8"/>
      </object_component>
      <object_component id="oc-60">
         <name>.debug_info</name>
         <load_address>0x9afc</load_address>
         <run_address>0x9afc</run_address>
         <size>0x1130</size>
         <input_file_ref idref="fl-9"/>
      </object_component>
      <object_component id="oc-66">
         <name>.debug_info</name>
         <load_address>0xac2c</load_address>
         <run_address>0xac2c</run_address>
         <size>0x9f11</size>
         <input_file_ref idref="fl-a"/>
      </object_component>
      <object_component id="oc-6c">
         <name>.debug_info</name>
         <load_address>0x14b3d</load_address>
         <run_address>0x14b3d</run_address>
         <size>0x575</size>
         <input_file_ref idref="fl-b"/>
      </object_component>
      <object_component id="oc-74">
         <name>.debug_info</name>
         <load_address>0x150b2</load_address>
         <run_address>0x150b2</run_address>
         <size>0x8786</size>
         <input_file_ref idref="fl-c"/>
      </object_component>
      <object_component id="oc-7b">
         <name>.debug_info</name>
         <load_address>0x1d838</load_address>
         <run_address>0x1d838</run_address>
         <size>0xd69</size>
         <input_file_ref idref="fl-d"/>
      </object_component>
      <object_component id="oc-80">
         <name>.debug_info</name>
         <load_address>0x1e5a1</load_address>
         <run_address>0x1e5a1</run_address>
         <size>0x2179</size>
         <input_file_ref idref="fl-e"/>
      </object_component>
      <object_component id="oc-85">
         <name>.debug_info</name>
         <load_address>0x2071a</load_address>
         <run_address>0x2071a</run_address>
         <size>0x37fb</size>
         <input_file_ref idref="fl-f"/>
      </object_component>
      <object_component id="oc-8a">
         <name>.debug_info</name>
         <load_address>0x23f15</load_address>
         <run_address>0x23f15</run_address>
         <size>0x148c9</size>
         <input_file_ref idref="fl-10"/>
      </object_component>
      <object_component id="oc-91">
         <name>.debug_info</name>
         <load_address>0x387de</load_address>
         <run_address>0x387de</run_address>
         <size>0x3c3</size>
         <input_file_ref idref="fl-11"/>
      </object_component>
      <object_component id="oc-96">
         <name>.debug_info</name>
         <load_address>0x38ba1</load_address>
         <run_address>0x38ba1</run_address>
         <size>0x4dd</size>
         <input_file_ref idref="fl-12"/>
      </object_component>
      <object_component id="oc-9b">
         <name>.debug_info</name>
         <load_address>0x3907e</load_address>
         <run_address>0x3907e</run_address>
         <size>0xce0</size>
         <input_file_ref idref="fl-13"/>
      </object_component>
      <object_component id="oc-a0">
         <name>.debug_info</name>
         <load_address>0x39d5e</load_address>
         <run_address>0x39d5e</run_address>
         <size>0xa62</size>
         <input_file_ref idref="fl-14"/>
      </object_component>
      <object_component id="oc-a5">
         <name>.debug_info</name>
         <load_address>0x3a7c0</load_address>
         <run_address>0x3a7c0</run_address>
         <size>0x3bf</size>
         <input_file_ref idref="fl-15"/>
      </object_component>
      <object_component id="oc-aa">
         <name>.debug_info</name>
         <load_address>0x3ab7f</load_address>
         <run_address>0x3ab7f</run_address>
         <size>0x453</size>
         <input_file_ref idref="fl-16"/>
      </object_component>
      <object_component id="oc-af">
         <name>.debug_info</name>
         <load_address>0x3afd2</load_address>
         <run_address>0x3afd2</run_address>
         <size>0x476b</size>
         <input_file_ref idref="fl-17"/>
      </object_component>
      <object_component id="oc-b5">
         <name>.debug_info</name>
         <load_address>0x3f73d</load_address>
         <run_address>0x3f73d</run_address>
         <size>0x1b8b</size>
         <input_file_ref idref="fl-18"/>
      </object_component>
      <object_component id="oc-ba">
         <name>.debug_info</name>
         <load_address>0x412c8</load_address>
         <run_address>0x412c8</run_address>
         <size>0xb734</size>
         <input_file_ref idref="fl-19"/>
      </object_component>
      <object_component id="oc-c4">
         <name>.debug_info</name>
         <load_address>0x4c9fc</load_address>
         <run_address>0x4c9fc</run_address>
         <size>0xb63c</size>
         <input_file_ref idref="fl-1a"/>
      </object_component>
      <object_component id="oc-c9">
         <name>.debug_info</name>
         <load_address>0x58038</load_address>
         <run_address>0x58038</run_address>
         <size>0x1405</size>
         <input_file_ref idref="fl-1b"/>
      </object_component>
      <object_component id="oc-ce">
         <name>.debug_info</name>
         <load_address>0x5943d</load_address>
         <run_address>0x5943d</run_address>
         <size>0x49ce</size>
         <input_file_ref idref="fl-1c"/>
      </object_component>
      <object_component id="oc-d3">
         <name>.debug_info</name>
         <load_address>0x5de0b</load_address>
         <run_address>0x5de0b</run_address>
         <size>0x3d50</size>
         <input_file_ref idref="fl-1d"/>
      </object_component>
      <object_component id="oc-d8">
         <name>.debug_info</name>
         <load_address>0x61b5b</load_address>
         <run_address>0x61b5b</run_address>
         <size>0x3bd</size>
         <input_file_ref idref="fl-1e"/>
      </object_component>
      <object_component id="oc-dd">
         <name>.debug_info</name>
         <load_address>0x61f18</load_address>
         <run_address>0x61f18</run_address>
         <size>0xfa5</size>
         <input_file_ref idref="fl-1f"/>
      </object_component>
      <object_component id="oc-e2">
         <name>.debug_info</name>
         <load_address>0x62ebd</load_address>
         <run_address>0x62ebd</run_address>
         <size>0x425</size>
         <input_file_ref idref="fl-20"/>
      </object_component>
      <object_component id="oc-e7">
         <name>.debug_info</name>
         <load_address>0x632e2</load_address>
         <run_address>0x632e2</run_address>
         <size>0x54d</size>
         <input_file_ref idref="fl-21"/>
      </object_component>
      <object_component id="oc-f1">
         <name>.debug_info</name>
         <load_address>0x6382f</load_address>
         <run_address>0x6382f</run_address>
         <size>0x1d0</size>
         <input_file_ref idref="fl-22"/>
      </object_component>
      <object_component id="oc-f5">
         <name>.debug_info</name>
         <load_address>0x639ff</load_address>
         <run_address>0x639ff</run_address>
         <size>0x4a5a</size>
         <input_file_ref idref="fl-23"/>
      </object_component>
      <object_component id="oc-fb">
         <name>.debug_info</name>
         <load_address>0x68459</load_address>
         <run_address>0x68459</run_address>
         <size>0x138d</size>
         <input_file_ref idref="fl-24"/>
      </object_component>
      <object_component id="oc-101">
         <name>.debug_info</name>
         <load_address>0x697e6</load_address>
         <run_address>0x697e6</run_address>
         <size>0x10c</size>
         <input_file_ref idref="fl-28"/>
      </object_component>
      <object_component id="oc-106">
         <name>.debug_info</name>
         <load_address>0x698f2</load_address>
         <run_address>0x698f2</run_address>
         <size>0x10c</size>
         <input_file_ref idref="fl-29"/>
      </object_component>
      <object_component id="oc-10b">
         <name>.debug_info</name>
         <load_address>0x699fe</load_address>
         <run_address>0x699fe</run_address>
         <size>0x10c</size>
         <input_file_ref idref="fl-2a"/>
      </object_component>
      <object_component id="oc-110">
         <name>.debug_info</name>
         <load_address>0x69b0a</load_address>
         <run_address>0x69b0a</run_address>
         <size>0x10c</size>
         <input_file_ref idref="fl-2b"/>
      </object_component>
      <object_component id="oc-115">
         <name>.debug_info</name>
         <load_address>0x69c16</load_address>
         <run_address>0x69c16</run_address>
         <size>0x10c</size>
         <input_file_ref idref="fl-2c"/>
      </object_component>
      <object_component id="oc-11a">
         <name>.debug_info</name>
         <load_address>0x69d22</load_address>
         <run_address>0x69d22</run_address>
         <size>0x10c</size>
         <input_file_ref idref="fl-2d"/>
      </object_component>
      <object_component id="oc-11f">
         <name>.debug_info</name>
         <load_address>0x69e2e</load_address>
         <run_address>0x69e2e</run_address>
         <size>0x10c</size>
         <input_file_ref idref="fl-2e"/>
      </object_component>
      <object_component id="oc-124">
         <name>.debug_info</name>
         <load_address>0x69f3a</load_address>
         <run_address>0x69f3a</run_address>
         <size>0x10f</size>
         <input_file_ref idref="fl-2f"/>
      </object_component>
      <object_component id="oc-129">
         <name>.debug_info</name>
         <load_address>0x6a049</load_address>
         <run_address>0x6a049</run_address>
         <size>0x118</size>
         <input_file_ref idref="fl-30"/>
      </object_component>
      <object_component id="oc-12e">
         <name>.debug_info</name>
         <load_address>0x6a161</load_address>
         <run_address>0x6a161</run_address>
         <size>0x118</size>
         <input_file_ref idref="fl-31"/>
      </object_component>
      <object_component id="oc-133">
         <name>.debug_info</name>
         <load_address>0x6a279</load_address>
         <run_address>0x6a279</run_address>
         <size>0x11b</size>
         <input_file_ref idref="fl-32"/>
      </object_component>
      <object_component id="oc-138">
         <name>.debug_info</name>
         <load_address>0x6a394</load_address>
         <run_address>0x6a394</run_address>
         <size>0x139</size>
         <input_file_ref idref="fl-33"/>
      </object_component>
      <object_component id="oc-13d">
         <name>.debug_info</name>
         <load_address>0x6a4cd</load_address>
         <run_address>0x6a4cd</run_address>
         <size>0x116</size>
         <input_file_ref idref="fl-34"/>
      </object_component>
      <object_component id="oc-142">
         <name>.debug_info</name>
         <load_address>0x6a5e3</load_address>
         <run_address>0x6a5e3</run_address>
         <size>0x110</size>
         <input_file_ref idref="fl-35"/>
      </object_component>
      <object_component id="oc-147">
         <name>.debug_info</name>
         <load_address>0x6a6f3</load_address>
         <run_address>0x6a6f3</run_address>
         <size>0x113</size>
         <input_file_ref idref="fl-36"/>
      </object_component>
      <object_component id="oc-152">
         <name>.debug_info</name>
         <load_address>0x6a806</load_address>
         <run_address>0x6a806</run_address>
         <size>0x19d</size>
         <input_file_ref idref="fl-6e"/>
      </object_component>
      <object_component id="oc-15a">
         <name>.debug_info</name>
         <load_address>0x6a9a3</load_address>
         <run_address>0x6a9a3</run_address>
         <size>0x16b</size>
         <input_file_ref idref="fl-71"/>
      </object_component>
      <object_component id="oc-15e">
         <name>.debug_info</name>
         <load_address>0x6ab0e</load_address>
         <run_address>0x6ab0e</run_address>
         <size>0x41c</size>
         <input_file_ref idref="fl-72"/>
      </object_component>
      <object_component id="oc-163">
         <name>.debug_info</name>
         <load_address>0x6af2a</load_address>
         <run_address>0x6af2a</run_address>
         <size>0x32d</size>
         <input_file_ref idref="fl-73"/>
      </object_component>
      <object_component id="oc-168">
         <name>.debug_info</name>
         <load_address>0x6b257</load_address>
         <run_address>0x6b257</run_address>
         <size>0x330</size>
         <input_file_ref idref="fl-74"/>
      </object_component>
      <object_component id="oc-16d">
         <name>.debug_info</name>
         <load_address>0x6b587</load_address>
         <run_address>0x6b587</run_address>
         <size>0x446</size>
         <input_file_ref idref="fl-75"/>
      </object_component>
      <object_component id="oc-173">
         <name>.debug_info</name>
         <load_address>0x6b9cd</load_address>
         <run_address>0x6b9cd</run_address>
         <size>0x50f</size>
         <input_file_ref idref="fl-76"/>
      </object_component>
      <object_component id="oc-178">
         <name>.debug_info</name>
         <load_address>0x6bedc</load_address>
         <run_address>0x6bedc</run_address>
         <size>0x4f9</size>
         <input_file_ref idref="fl-77"/>
      </object_component>
      <object_component id="oc-17f">
         <name>.debug_info</name>
         <load_address>0x6c3d5</load_address>
         <run_address>0x6c3d5</run_address>
         <size>0x44f</size>
         <input_file_ref idref="fl-78"/>
      </object_component>
      <object_component id="oc-184">
         <name>.debug_info</name>
         <load_address>0x6c824</load_address>
         <run_address>0x6c824</run_address>
         <size>0x780</size>
         <input_file_ref idref="fl-79"/>
      </object_component>
      <object_component id="oc-18b">
         <name>.debug_info</name>
         <load_address>0x6cfa4</load_address>
         <run_address>0x6cfa4</run_address>
         <size>0x116</size>
         <input_file_ref idref="fl-7a"/>
      </object_component>
      <object_component id="oc-18f">
         <name>.debug_info</name>
         <load_address>0x6d0ba</load_address>
         <run_address>0x6d0ba</run_address>
         <size>0x1bb</size>
         <input_file_ref idref="fl-7b"/>
      </object_component>
      <object_component id="oc-193">
         <name>.debug_info</name>
         <load_address>0x6d275</load_address>
         <run_address>0x6d275</run_address>
         <size>0x3bd</size>
         <input_file_ref idref="fl-7c"/>
      </object_component>
      <object_component id="oc-198">
         <name>.debug_info</name>
         <load_address>0x6d632</load_address>
         <run_address>0x6d632</run_address>
         <size>0xe7c</size>
         <input_file_ref idref="fl-7d"/>
      </object_component>
      <object_component id="oc-19e">
         <name>.debug_info</name>
         <load_address>0x6e4ae</load_address>
         <run_address>0x6e4ae</run_address>
         <size>0x4be</size>
         <input_file_ref idref="fl-7e"/>
      </object_component>
      <object_component id="oc-1a4">
         <name>.debug_info</name>
         <load_address>0x6e96c</load_address>
         <run_address>0x6e96c</run_address>
         <size>0x3cb</size>
         <input_file_ref idref="fl-7f"/>
      </object_component>
      <object_component id="oc-1a9">
         <name>.debug_info</name>
         <load_address>0x6ed37</load_address>
         <run_address>0x6ed37</run_address>
         <size>0x473</size>
         <input_file_ref idref="fl-80"/>
      </object_component>
      <object_component id="oc-1af">
         <name>.debug_info</name>
         <load_address>0x6f1aa</load_address>
         <run_address>0x6f1aa</run_address>
         <size>0x458</size>
         <input_file_ref idref="fl-81"/>
      </object_component>
      <object_component id="oc-20b">
         <name>.debug_info</name>
         <load_address>0x6f602</load_address>
         <run_address>0x6f602</run_address>
         <size>0x105</size>
      </object_component>
      <object_component id="oc-4e">
         <name>.debug_line</name>
         <load_address>0x0</load_address>
         <run_address>0x0</run_address>
         <size>0xa9</size>
         <input_file_ref idref="fl-5"/>
      </object_component>
      <object_component id="oc-53">
         <name>.debug_line</name>
         <load_address>0xa9</load_address>
         <run_address>0xa9</run_address>
         <size>0x379</size>
         <input_file_ref idref="fl-6"/>
      </object_component>
      <object_component id="oc-58">
         <name>.debug_line</name>
         <load_address>0x422</load_address>
         <run_address>0x422</run_address>
         <size>0x71</size>
         <input_file_ref idref="fl-7"/>
      </object_component>
      <object_component id="oc-5d">
         <name>.debug_line</name>
         <load_address>0x493</load_address>
         <run_address>0x493</run_address>
         <size>0x58f</size>
         <input_file_ref idref="fl-8"/>
      </object_component>
      <object_component id="oc-63">
         <name>.debug_line</name>
         <load_address>0xa22</load_address>
         <run_address>0xa22</run_address>
         <size>0x156</size>
         <input_file_ref idref="fl-9"/>
      </object_component>
      <object_component id="oc-69">
         <name>.debug_line</name>
         <load_address>0xb78</load_address>
         <run_address>0xb78</run_address>
         <size>0x13cb</size>
         <input_file_ref idref="fl-a"/>
      </object_component>
      <object_component id="oc-71">
         <name>.debug_line</name>
         <load_address>0x1f43</load_address>
         <run_address>0x1f43</run_address>
         <size>0x73</size>
         <input_file_ref idref="fl-b"/>
      </object_component>
      <object_component id="oc-78">
         <name>.debug_line</name>
         <load_address>0x1fb6</load_address>
         <run_address>0x1fb6</run_address>
         <size>0x990</size>
         <input_file_ref idref="fl-c"/>
      </object_component>
      <object_component id="oc-7d">
         <name>.debug_line</name>
         <load_address>0x2946</load_address>
         <run_address>0x2946</run_address>
         <size>0x114</size>
         <input_file_ref idref="fl-d"/>
      </object_component>
      <object_component id="oc-82">
         <name>.debug_line</name>
         <load_address>0x2a5a</load_address>
         <run_address>0x2a5a</run_address>
         <size>0x1de</size>
         <input_file_ref idref="fl-e"/>
      </object_component>
      <object_component id="oc-87">
         <name>.debug_line</name>
         <load_address>0x2c38</load_address>
         <run_address>0x2c38</run_address>
         <size>0x2b6</size>
         <input_file_ref idref="fl-f"/>
      </object_component>
      <object_component id="oc-8e">
         <name>.debug_line</name>
         <load_address>0x2eee</load_address>
         <run_address>0x2eee</run_address>
         <size>0xe57</size>
         <input_file_ref idref="fl-10"/>
      </object_component>
      <object_component id="oc-93">
         <name>.debug_line</name>
         <load_address>0x3d45</load_address>
         <run_address>0x3d45</run_address>
         <size>0x6f</size>
         <input_file_ref idref="fl-11"/>
      </object_component>
      <object_component id="oc-98">
         <name>.debug_line</name>
         <load_address>0x3db4</load_address>
[...]
         <name>_CTRL_setupEstOnLineState</name>
         <value>0x3f996a</value>
      </symbol>
      <symbol id="sm-67a">
         <name>_CTRL_setupTraj</name>
         <value>0x3f9806</value>
      </symbol>
      <symbol id="sm-67c">
         <name>_EST_doCurrentCtrl</name>
         <value>0x3f9760</value>
      </symbol>
      <symbol id="sm-67e">
         <name>_EST_doSpeedCtrl</name>
         <value>0x3f9758</value>
      </symbol>
      <symbol id="sm-680">
         <name>_EST_getAngle_pu</name>
         <value>0x3f8c0d</value>
      </symbol>
      <symbol id="sm-682">
         <name>_EST_getFlux_VpHz</name>
         <value>0x3f96be</value>
      </symbol>
      <symbol id="sm-684">
         <name>_EST_getFlux_pu</name>
         <value>0x3f96ab</value>
      </symbol>
      <symbol id="sm-686">
         <name>_EST_getFm_pu</name>
         <value>0x3f968e</value>
      </symbol>
      <symbol id="sm-688">
         <name>_EST_getIdRated</name>
         <value>0x3f9632</value>
      </symbol>
      <symbol id="sm-68a">
         <name>_EST_getLs_coarse_max_pu</name>
         <value>0x3f95ff</value>
      </symbol>
      <symbol id="sm-68c">
         <name>_EST_getLs_d_H</name>
         <value>0x3f95f5</value>
      </symbol>
      <symbol id="sm-68e">
         <name>_EST_getLs_d_pu</name>
         <value>0x3f95f0</value>
      </symbol>
      <symbol id="sm-690">
         <name>_EST_getLs_q_H</name>
         <value>0x3f95ce</value>
      </symbol>
      <symbol id="sm-692">
         <name>_EST_getLs_q_pu</name>
         <value>0x3f95c9</value>
      </symbol>
      <symbol id="sm-694">
         <name>_EST_getMaxCurrentSlope_pu</name>
         <value>0x3f95bd</value>
      </symbol>
      <symbol id="sm-696">
         <name>_EST_getOneOverDcBus_pu</name>
         <value>0x3f95b3</value>
      </symbol>
      <symbol id="sm-698">
         <name>_EST_getRr_Ohm</name>
         <value>0x3f95ad</value>
      </symbol>
      <symbol id="sm-69a">
         <name>_EST_getRs_Ohm</name>
         <value>0x3f9513</value>
      </symbol>
      <symbol id="sm-69c">
         <name>_EST_getSpeed_krpm</name>
         <value>0x3f94c6</value>
      </symbol>
      <symbol id="sm-69e">
         <name>_EST_getState</name>
         <value>0x3f861b</value>
      </symbol>
      <symbol id="sm-6a0">
         <name>_EST_get_krpm_to_pu_sf</name>
         <value>0x3f9458</value>
      </symbol>
      <symbol id="sm-6a2">
         <name>_EST_get_pu_to_krpm_sf</name>
         <value>0x3f9453</value>
      </symbol>
      <symbol id="sm-6a4">
         <name>_EST_isError</name>
         <value>0x3f938d</value>
      </symbol>
      <symbol id="sm-6a6">
         <name>_EST_isIdle</name>
         <value>0x3f9386</value>
      </symbol>
      <symbol id="sm-6a8">
         <name>_EST_isLockRotor</name>
         <value>0x3f937f</value>
      </symbol>
      <symbol id="sm-6aa">
         <name>_EST_isMotorIdentified</name>
         <value>0x3f8679</value>
      </symbol>
      <symbol id="sm-6ac">
         <name>_EST_isOnLine</name>
         <value>0x3f9378</value>
      </symbol>
      <symbol id="sm-6ae">
         <name>_EST_run</name>
         <value>0x3f927b</value>
      </symbol>
      <symbol id="sm-6b0">
         <name>_EST_setFlag_enableForceAngle</name>
         <value>0x3f8bdb</value>
      </symbol>
      <symbol id="sm-6b2">
         <name>_EST_setFlag_enableRsRecalc</name>
         <value>0x3f8bd3</value>
      </symbol>
      <symbol id="sm-6b4">
         <name>_EST_setId_ref_pu</name>
         <value>0x3f8b80</value>
      </symbol>
      <symbol id="sm-6b6">
         <name>_EST_setIdle</name>
         <value>0x3f8b7a</value>
      </symbol>
      <symbol id="sm-6b8">
         <name>_EST_setIdle_all</name>
         <value>0x3f8b67</value>
      </symbol>
      <symbol id="sm-6ba">
         <name>_EST_setIq_ref_pu</name>
         <value>0x3f8b63</value>
      </symbol>
      <symbol id="sm-6bc">
         <name>_EST_setLs_d_pu</name>
         <value>0x3f8b45</value>
      </symbol>
      <symbol id="sm-6be">
         <name>_EST_setLs_qFmt</name>
         <value>0x3f8af1</value>
      </symbol>
      <symbol id="sm-6c0">
         <name>_EST_setLs_q_pu</name>
         <value>0x3f8ae7</value>
      </symbol>
      <symbol id="sm-6c2">
         <name>_EST_setMaxCurrentSlope_pu</name>
         <value>0x3f8adb</value>
      </symbol>
      <symbol id="sm-6c4">
         <name>_EST_setRs_pu</name>
         <value>0x3f8a18</value>
      </symbol>
      <symbol id="sm-6c6">
         <name>_EST_updateId_ref_pu</name>
         <value>0x3f89f5</value>
      </symbol>
      <symbol id="sm-6c8">
         <name>_EST_updateState</name>
         <value>0x3f8713</value>
      </symbol>
      <symbol id="sm-6ca">
         <name>_EST_useZeroIq_ref</name>
         <value>0x3f861d</value>
      </symbol>
      <symbol id="sm-6d5">
         <name>__IQ24cosPU</name>
         <value>0x3f391d</value>
         <object_component_ref idref="oc-14b"/>
      </symbol>
      <symbol id="sm-6d9">
         <name>_IQ16mpyRndSatTable</name>
         <value>0x3fe6c0</value>
         <object_component_ref idref="oc-14c"/>
      </symbol>
      <symbol id="sm-6da">
         <name>_IQ24mpyRndSatTable</name>
         <value>0x3fe660</value>
         <object_component_ref idref="oc-14c"/>
      </symbol>
      <symbol id="sm-6db">
         <name>_IQ13mpyRndSatTable</name>
         <value>0x3fe6e4</value>
         <object_component_ref idref="oc-14c"/>
      </symbol>
      <symbol id="sm-6dc">
         <name>_IQ21mpyRndSatTable</name>
         <value>0x3fe684</value>
         <object_component_ref idref="oc-14c"/>
      </symbol>
      <symbol id="sm-6dd">
         <name>_IQ10mpyRndSatTable</name>
         <value>0x3fe708</value>
         <object_component_ref idref="oc-14c"/>
      </symbol>
      <symbol id="sm-6de">
         <name>_IQdivTable</name>
         <value>0x3fe140</value>
         <object_component_ref idref="oc-14c"/>
      </symbol>
      <symbol id="sm-6df">
         <name>_IQ9mpyRndSatTable</name>
         <value>0x3fe714</value>
         <object_component_ref idref="oc-14c"/>
      </symbol>
      <symbol id="sm-6e0">
         <name>_IQ6mpyRndSatTable</name>
         <value>0x3fe738</value>
         <object_component_ref idref="oc-14c"/>
      </symbol>
      <symbol id="sm-6e1">
         <name>_IQatan2TableEnd</name>
         <value>0x3fe618</value>
         <object_component_ref idref="oc-14c"/>
      </symbol>
      <symbol id="sm-6e2">
         <name>_IQdivTableEnd</name>
         <value>0x3fe342</value>
         <object_component_ref idref="oc-14c"/>
      </symbol>
      <symbol id="sm-6e3">
         <name>_IQ29mpyRndSatTable</name>
         <value>0x3fe624</value>
         <object_component_ref idref="oc-14c"/>
      </symbol>
      <symbol id="sm-6e4">
         <name>_IQ3mpyRndSatTable</name>
         <value>0x3fe75c</value>
         <object_component_ref idref="oc-14c"/>
      </symbol>
      <symbol id="sm-6e5">
         <name>_IQ18mpyRndSatTable</name>
         <value>0x3fe6a8</value>
         <object_component_ref idref="oc-14c"/>
      </symbol>
      <symbol id="sm-6e6">
         <name>_IQ26mpyRndSatTable</name>
         <value>0x3fe648</value>
         <object_component_ref idref="oc-14c"/>
      </symbol>
      <symbol id="sm-6e7">
         <name>_IQcosTableEnd</name>
         <value>0x3fe132</value>
         <object_component_ref idref="oc-14c"/>
      </symbol>
      <symbol id="sm-6e8">
         <name>_IQsinTableEnd</name>
         <value>0x3fe030</value>
         <object_component_ref idref="oc-14c"/>
      </symbol>
      <symbol id="sm-6e9">
         <name>_IQ15mpyRndSatTable</name>
         <value>0x3fe6cc</value>
         <object_component_ref idref="oc-14c"/>
      </symbol>
      <symbol id="sm-6ea">
         <name>_IQ23mpyRndSatTable</name>
         <value>0x3fe66c</value>
         <object_component_ref idref="oc-14c"/>
      </symbol>
      <symbol id="sm-6eb">
         <name>_IQ12mpyRndSatTable</name>
         <value>0x3fe6f0</value>
         <object_component_ref idref="oc-14c"/>
      </symbol>
      <symbol id="sm-6ec">
         <name>_IQ20mpyRndSatTable</name>
         <value>0x3fe690</value>
         <object_component_ref idref="oc-14c"/>
      </symbol>
      <symbol id="sm-6ed">
         <name>_IQisqrtTableEnd</name>
         <value>0x3fe454</value>
         <object_component_ref idref="oc-14c"/>
      </symbol>
      <symbol id="sm-6ee">
         <name>_IQ8mpyRndSatTable</name>
         <value>0x3fe720</value>
         <object_component_ref idref="oc-14c"/>
      </symbol>
      <symbol id="sm-6ef">
         <name>_IQisqrtRoundSatTable</name>
         <value>0x3fe342</value>
         <object_component_ref idref="oc-14c"/>
      </symbol>
      <symbol id="sm-6f0">
         <name>_IQ5mpyRndSatTable</name>
         <value>0x3fe744</value>
         <object_component_ref idref="oc-14c"/>
      </symbol>
      <symbol id="sm-6f1">
         <name>_IQmpyRndSatTable</name>
         <value>0x3fe618</value>
         <object_component_ref idref="oc-14c"/>
      </symbol>
      <symbol id="sm-6f2">
         <name>_IQ28mpyRndSatTable</name>
         <value>0x3fe630</value>
         <object_component_ref idref="oc-14c"/>
      </symbol>
      <symbol id="sm-6f3">
         <name>_IQatan2Table</name>
         <value>0x3fe492</value>
         <object_component_ref idref="oc-14c"/>
      </symbol>
      <symbol id="sm-6f4">
         <name>_IQ2mpyRndSatTable</name>
         <value>0x3fe768</value>
         <object_component_ref idref="oc-14c"/>
      </symbol>
      <symbol id="sm-6f5">
         <name>_IQatan2HalfPITable</name>
         <value>0x3fe454</value>
         <object_component_ref idref="oc-14c"/>
      </symbol>
      <symbol id="sm-6f6">
         <name>_IQ17mpyRndSatTable</name>
         <value>0x3fe6b4</value>
         <object_component_ref idref="oc-14c"/>
      </symbol>
      <symbol id="sm-6f7">
         <name>_IQ25mpyRndSatTable</name>
         <value>0x3fe654</value>
         <object_component_ref idref="oc-14c"/>
      </symbol>
      <symbol id="sm-6f8">
         <name>_IQsqrtTable</name>
         <value>0x3fe352</value>
         <object_component_ref idref="oc-14c"/>
      </symbol>
      <symbol id="sm-6f9">
         <name>_IQsqrtTableEnd</name>
         <value>0x3fe454</value>
         <object_component_ref idref="oc-14c"/>
      </symbol>
      <symbol id="sm-6fa">
         <name>_IQ14mpyRndSatTable</name>
         <value>0x3fe6d8</value>
         <object_component_ref idref="oc-14c"/>
      </symbol>
      <symbol id="sm-6fb">
         <name>_IQ22mpyRndSatTable</name>
         <value>0x3fe678</value>
         <object_component_ref idref="oc-14c"/>
      </symbol>
      <symbol id="sm-6fc">
         <name>_IQ30mpyRndSatTable</name>
         <value>0x3fe618</value>
         <object_component_ref idref="oc-14c"/>
      </symbol>
      <symbol id="sm-6fd">
         <name>_IQsqrtRoundSatTable</name>
         <value>0x3fe342</value>
         <object_component_ref idref="oc-14c"/>
      </symbol>
      <symbol id="sm-6fe">
         <name>_IQ11mpyRndSatTable</name>
         <value>0x3fe6fc</value>
         <object_component_ref idref="oc-14c"/>
      </symbol>
      <symbol id="sm-6ff">
         <name>_IQdivRoundSatTable</name>
         <value>0x3fe132</value>
         <object_component_ref idref="oc-14c"/>
      </symbol>
      <symbol id="sm-700">
         <name>_IQ7mpyRndSatTable</name>
         <value>0x3fe72c</value>
         <object_component_ref idref="oc-14c"/>
      </symbol>
      <symbol id="sm-701">
         <name>_IQcosTable</name>
         <value>0x3fdd30</value>
         <object_component_ref idref="oc-14c"/>
      </symbol>
      <symbol id="sm-702">
         <name>_IQisqrtTable</name>
         <value>0x3fe352</value>
         <object_component_ref idref="oc-14c"/>
      </symbol>
      <symbol id="sm-703">
         <name>_IQ4mpyRndSatTable</name>
         <value>0x3fe750</value>
         <object_component_ref idref="oc-14c"/>
      </symbol>
      <symbol id="sm-704">
         <name>_IQ19mpyRndSatTable</name>
         <value>0x3fe69c</value>
         <object_component_ref idref="oc-14c"/>
      </symbol>
      <symbol id="sm-705">
         <name>_IQ27mpyRndSatTable</name>
         <value>0x3fe63c</value>
         <object_component_ref idref="oc-14c"/>
      </symbol>
      <symbol id="sm-706">
         <name>_IQmpyRndSatTableEnd</name>
         <value>0x3fe780</value>
         <object_component_ref idref="oc-14c"/>
      </symbol>
      <symbol id="sm-707">
         <name>_IQ1mpyRndSatTable</name>
         <value>0x3fe774</value>
         <object_component_ref idref="oc-14c"/>
      </symbol>
      <symbol id="sm-708">
         <name>_IQsinTable</name>
         <value>0x3fdc30</value>
         <object_component_ref idref="oc-14c"/>
      </symbol>
      <symbol id="sm-713">
         <name>__IQ24sinPU</name>
         <value>0x3f38f4</value>
         <object_component_ref idref="oc-14d"/>
      </symbol>
      <symbol id="sm-71d">
         <name>__IQ24sqrt</name>
         <value>0x3f38b2</value>
         <object_component_ref idref="oc-14e"/>
      </symbol>
      <symbol id="sm-727">
         <name>__IQ30toF</name>
         <value>0x3f3944</value>
         <object_component_ref idref="oc-14f"/>
      </symbol>
      <symbol id="sm-72a">
         <name>___IQNtoa</name>
         <value>0x3f3743</value>
         <object_component_ref idref="oc-150"/>
      </symbol>
      <symbol id="sm-772">
         <name>UL$$MOD</name>
         <value>0x3f34e6</value>
         <object_component_ref idref="oc-151"/>
      </symbol>
      <symbol id="sm-773">
         <name>L$$MOD</name>
         <value>0x3f34d1</value>
         <object_component_ref idref="oc-151"/>
      </symbol>
      <symbol id="sm-774">
         <name>L$$DIV</name>
         <value>0x3f34c2</value>
         <object_component_ref idref="oc-151"/>
      </symbol>
      <symbol id="sm-775">
         <name>UL$$DIV</name>
         <value>0x3f34df</value>
         <object_component_ref idref="oc-151"/>
      </symbol>
      <symbol id="sm-77f">
         <name>__IQNtoa_get_frac_c</name>
         <value>0x3f3958</value>
         <object_component_ref idref="oc-156"/>
      </symbol>
      <symbol id="sm-792">
         <name>__atoIQN</name>
         <value>0x3f3823</value>
         <object_component_ref idref="oc-157"/>
      </symbol>
      <symbol id="sm-7ad">
         <name>_c_int00</name>
         <value>0x3f333e</value>
         <object_component_ref idref="oc-19"/>
      </symbol>
      <symbol id="sm-7ae">
         <name>__stack</name>
         <value>0x50</value>
         <object_component_ref idref="oc-158"/>
      </symbol>
      <symbol id="sm-7bd">
         <name>__args_main</name>
         <value>0x3f36b0</value>
         <object_component_ref idref="oc-1b7"/>
      </symbol>
      <symbol id="sm-7c9">
         <name>__system_post_cinit</name>
         <value>0x3f3742</value>
         <object_component_ref idref="oc-1b6"/>
      </symbol>
      <symbol id="sm-7d5">
         <name>__system_pre_init</name>
         <value>0x3f3740</value>
         <object_component_ref idref="oc-1b4"/>
      </symbol>
      <symbol id="sm-7ed">
         <name>_ceilf</name>
         <value>0x3f31b7</value>
         <object_component_ref idref="oc-1ce"/>
      </symbol>
      <symbol id="sm-7ee">
         <name>_ceil</name>
         <value>0x3f31b7</value>
         <object_component_ref idref="oc-1ce"/>
      </symbol>
      <symbol id="sm-7fd">
         <name>_copy_in</name>
         <value>0x3f355f</value>
         <object_component_ref idref="oc-1b5"/>
      </symbol>
      <symbol id="sm-811">
         <name>C$$EXIT</name>
         <value>0x3f34ec</value>
         <object_component_ref idref="oc-1b8"/>
      </symbol>
      <symbol id="sm-812">
         <name>_exit</name>
         <value>0x3f34ee</value>
         <object_component_ref idref="oc-1b8"/>
      </symbol>
      <symbol id="sm-813">
         <name>___TI_cleanup_ptr</name>
         <value>0x95ae</value>
         <object_component_ref idref="oc-17a"/>
      </symbol>
      <symbol id="sm-814">
         <name>___TI_enable_exit_profile_output</name>
         <value>0x95ac</value>
         <object_component_ref idref="oc-17a"/>
      </symbol>
      <symbol id="sm-815">
         <name>_abort</name>
         <value>0x3f34ec</value>
         <object_component_ref idref="oc-1b8"/>
      </symbol>
      <symbol id="sm-816">
         <name>___TI_dtors_ptr</name>
         <value>0x95b0</value>
         <object_component_ref idref="oc-17a"/>
      </symbol>
      <symbol id="sm-82a">
         <name>__unlock</name>
         <value>0x95b8</value>
         <object_component_ref idref="oc-1df"/>
      </symbol>
      <symbol id="sm-82b">
         <name>__lock</name>
         <value>0x95b6</value>
         <object_component_ref idref="oc-1bf"/>
      </symbol>
      <symbol id="sm-82c">
         <name>__register_lock</name>
         <value>0x3f3720</value>
         <object_component_ref idref="oc-1c5"/>
      </symbol>
      <symbol id="sm-82d">
         <name>__nop</name>
         <value>0x3f3724</value>
         <object_component_ref idref="oc-1c5"/>
      </symbol>
      <symbol id="sm-82e">
         <name>__register_unlock</name>
         <value>0x3f371c</value>
         <object_component_ref idref="oc-1c5"/>
      </symbol>
      <symbol id="sm-857">
         <name>_logf</name>
         <value>0x3f29c3</value>
         <object_component_ref idref="oc-1cd"/>
      </symbol>
      <symbol id="sm-858">
         <name>_log</name>
         <value>0x3f29c3</value>
         <object_component_ref idref="oc-1cd"/>
      </symbol>
      <symbol id="sm-867">
         <name>L$$TOFS</name>
         <value>0x3f3696</value>
         <object_component_ref idref="oc-18a"/>
      </symbol>
      <symbol id="sm-871">
         <name>_errno</name>
         <value>0x95bd</value>
         <object_component_ref idref="oc-191"/>
      </symbol>
      <symbol id="sm-882">
         <name>_memcpy</name>
         <value>0x3f3643</value>
         <object_component_ref idref="oc-1be"/>
      </symbol>
      <symbol id="sm-8de">
         <name>_powf</name>
         <value>0x3f1b4b</value>
         <object_component_ref idref="oc-1cf"/>
      </symbol>
      <symbol id="sm-8df">
         <name>_pow</name>
         <value>0x3f1b4b</value>
         <object_component_ref idref="oc-1cf"/>
      </symbol>
      <symbol id="sm-8f8">
         <name>_scalbn</name>
         <value>0x3f3220</value>
         <object_component_ref idref="oc-1e4"/>
      </symbol>
      <symbol id="sm-8f9">
         <name>_ldexp</name>
         <value>0x3f3220</value>
         <object_component_ref idref="oc-1e4"/>
      </symbol>
      <symbol id="sm-8fa">
         <name>_scalbnf</name>
         <value>0x3f3220</value>
         <object_component_ref idref="oc-1e4"/>
      </symbol>
      <symbol id="sm-8fb">
         <name>_ldexpf</name>
         <value>0x3f3220</value>
         <object_component_ref idref="oc-1e4"/>
      </symbol>
      <symbol id="sm-907">
         <name>_copysignf</name>
         <value>0x3f3712</value>
         <object_component_ref idref="oc-1e7"/>
      </symbol>
      <symbol id="sm-908">
         <name>_copysign</name>
         <value>0x3f3712</value>
         <object_component_ref idref="oc-1e7"/>
      </symbol>
      <symbol id="sm-923">
         <name>_sqrtf</name>
         <value>0x3f30d7</value>
         <object_component_ref idref="oc-1e0"/>
      </symbol>
      <symbol id="sm-924">
         <name>_sqrt</name>
         <value>0x3f30d7</value>
         <object_component_ref idref="oc-1e0"/>
      </symbol>
      <symbol id="sm-933">
         <name>_strcat</name>
         <value>0x3f3725</value>
         <object_component_ref idref="oc-1bd"/>
      </symbol>
   </symbol_table>
   <title>Link successful</title>
</link_info>
