******************************************************************************
             TMS320C2000 Linker Unix v16.9.1                   
******************************************************************************
>> Linked Thu Jun  1 19:13:54 2017

OUTPUT FILE NAME:   <proj_lab05a.out>
ENTRY POINT SYMBOL: "_c_int00"  address: 003f333e


MEMORY CONFIGURATION

         name            origin    length      used     unused   attr    fill
----------------------  --------  ---------  --------  --------  ----  --------
PAGE 0:
  RAML0_1               00008000   00000c00  00000697  00000569  RWIX
  OTP                   003d7800   00000400  00000000  00000400  RWIX
  FLASHH                003d8000   00004000  00000000  00004000  RWIX
  FLASHG                003dc000   00004000  00000000  00004000  RWIX
  FLASHF                003e0000   00004000  00000000  00004000  RWIX
  FLASHE                003e4000   00004000  00000000  00004000  RWIX
  FLASHD                003e8000   00004000  00000697  00003969  RWIX
  FLASHC                003ec000   00004000  00000000  00004000  RWIX
  FLASHA_B              003f0000   00007f80  00003b0b  00004475  RWIX
  CSM_RSVD              003f7f80   00000076  00000000  00000076  RWIX
  BEGIN                 003f7ff6   00000002  00000002  00000000  RWIX
  CSM_PWL_P0            003f7ff8   00000008  00000000  00000008  RWIX
  FPUTABLES             003fd590   000006a0  00000000  000006a0  RWIX
  IQTABLES              003fdc30   00000b50  00000b50  00000000  RWIX
  IQTABLES2             003fe780   0000008c  00000000  0000008c  RWIX
  IQTABLES3             003fe80c   000000aa  00000000  000000aa  RWIX
  ROM                   003ff3b0   00000c10  00000000  00000c10  RWIX
  RESET                 003fffc0   00000002  00000000  00000002  RWIX
  VECTORS               003fffc2   0000003e  00000000  0000003e  RWIX

PAGE 1:
  BOOT_RSVD             00000000   00000050  00000000  00000050  RWIX
  RAMM0                 00000050   000003b0  000003b0  00000000  RWIX
  RAMM1                 00000400   00000400  00000000  00000400  RWIX
  RAML2_3               00008c00   00001400  00000eac  00000554  RWIX
  RAML4                 0000a000   00002000  00000000  00002000  RWIX
  RAML5                 0000c000   00002000  00000000  00002000  RWIX
  RAML6                 0000e000   00002000  00000000  00002000  RWIX
  RAML7                 00010000   00002000  00000000  00002000  RWIX
  RAML8                 00012000   00001800  00000000  00001800  RWIX
  USB_RAM               00040000   00000800  00000000  00000800  RWIX


SECTION ALLOCATION MAP

 output                                  attributes/
section   page    origin      length       input sections
--------  ----  ----------  ----------   ----------------
.cinit     0    003f395e    000000ff     
                  003f395e    000000c7     proj_lab05a.obj (.cinit)
                  003f3a25    0000000e     rts2800_ml.lib : exit.obj (.cinit)
                  003f3a33    0000000d     datalog.obj (.cinit)
                  003f3a40    00000009     uartstdio.obj (.cinit)
                  003f3a49    00000005     rts2800_ml.lib : _lock.obj (.cinit:__lock)
                  003f3a4e    00000005                    : _lock.obj (.cinit:__unlock)
                  003f3a53    00000004     drv8305.obj (.cinit)
                  003f3a57    00000004     rts2800_ml.lib : errno.obj (.cinit)
                  003f3a5b    00000002     --HOLE-- [fill = 0]

.pinit     0    003f0000    00000000     UNINITIALIZED

ramfuncs   0    003e8000    00000697     RUN ADDR = 00008000
                  003e8000    0000052d     ctrl.obj (ramfuncs)
                  003e852d    00000116     proj_lab05a.obj (ramfuncs:retain)
                  003e8643    00000032     flash.obj (ramfuncs)
                  003e8675    0000001e     hal.obj (ramfuncs)
                  003e8693    00000004     usDelay.obj (ramfuncs)

.text      0    003f0000    00003743     
                  003f0000    00000b3e     hal.obj (.text)
                  003f0b3e    0000077d     drv8305.obj (.text)
                  003f12bb    00000462     ctrl.obj (.text)
                  003f171d    0000042e     user.obj (.text)
                  003f1b4b    0000041f     rts2800_ml.lib : e_powf.obj (.text)
                  003f1f6a    000003e0     proj_lab05a.obj (.text)
                  003f234a    000002f7     pwm.obj (.text)
                  003f2641    000001f8     adc.obj (.text)
                  003f2839    0000018a     clk.obj (.text)
                  003f29c3    00000186     rts2800_ml.lib : e_logf.obj (.text)
                  003f2b49    00000175     gpio.obj (.text)
                  003f2cbe    000000ff     pie.obj (.text)
                  003f2dbd    000000f3     sci.obj (.text)
                  003f2eb0    000000a9     spi.obj (.text)
                  003f2f59    00000083     rts2800_ml.lib : fd_mpy28.obj (.text)
                  003f2fdc    00000083                    : fs_div28.obj (.text)
                  003f305f    00000078                    : fs_add28.obj (.text)
                  003f30d7    00000076                    : e_sqrtf.obj (.text)
                  003f314d    0000006a     proj_lab05a.obj (.text:retain)
                  003f31b7    00000069     rts2800_ml.lib : s_ceilf.obj (.text)
                  003f3220    00000069                    : s_scalbnf.obj (.text)
                  003f3289    0000005b     pll.obj (.text)
                  003f32e4    0000005a     rts2800_ml.lib : fs_mpy28.obj (.text)
                  003f333e    00000054                    : boot28.obj (.text)
                  003f3392    00000047     offset.obj (.text)
                  003f33d9    00000046     wdog.obj (.text)
                  003f341f    00000044     pwr.obj (.text)
                  003f3463    00000032     timer.obj (.text)
                  003f3495    0000002d     osc.obj (.text)
                  003f34c2    0000002a     rts2800_ml.lib : l_div28.obj (.text)
                  003f34ec    00000029                    : exit.obj (.text)
                  003f3515    00000025     cpu.obj (.text)
                  003f353a    00000025     rts2800_ml.lib : fs_toi28.obj (.text)
                  003f355f    00000024                    : cpy_tbl.obj (.text)
                  003f3583    00000022                    : i_div28.obj (.text)
                  003f35a5    00000021     filter_fo.obj (.text)
                  003f35c6    00000021     rts2800_ml.lib : fs_toul28.obj (.text)
                  003f35e7    00000020     flash.obj (.text)
                  003f3607    0000001f     rts2800_ml.lib : fd_tol28.obj (.text)
                  003f3626    0000001d                    : fs_tou28.obj (.text)
                  003f3643    0000001d                    : memcpy.obj (.text)
                  003f3660    0000001c                    : fs_tofd28.obj (.text)
                  003f367c    0000001a                    : i_tofs28.obj (.text)
                  003f3696    0000001a                    : l_tofs28.obj (.text)
                  003f36b0    00000019                    : args_main.obj (.text)
                  003f36c9    00000017                    : fs_cmp28.obj (.text)
                  003f36e0    00000013                    : ul_tofs28.obj (.text)
                  003f36f3    00000010                    : u_tofs28.obj (.text)
                  003f3703    0000000f     memCopy.obj (.text)
                  003f3712    0000000a     rts2800_ml.lib : s_copysignf.obj (.text)
                  003f371c    00000009                    : _lock.obj (.text)
                  003f3725    00000009                    : strcat.obj (.text)
                  003f372e    00000008     CodeStartBranch.obj (.text)
                  003f3736    00000005     pie.obj (.text:retain)
                  003f373b    00000005     rts2800_ml.lib : fs_neg28.obj (.text)
                  003f3740    00000002                    : pre_init.obj (.text)
                  003f3742    00000001                    : startup.obj (.text)

codestart 
*          0    003f7ff6    00000002     
                  003f7ff6    00000002     CodeStartBranch.obj (codestart)

.econst    0    003f3a5e    000000ae     
                  003f3a5e    00000032     rts2800_ml.lib : e_powf.obj (.econst)
                  003f3a90    00000021     uartstdio.obj (.econst:.string)
                  003f3ab1    00000001     --HOLE-- [fill = 0]
                  003f3ab2    00000010     rts2800_ml.lib : e_logf.obj (.econst)
                  003f3ac2    00000008     proj_lab05a.obj (.econst:.string)
                  003f3aca    00000008     user.obj (.econst)
                  003f3ad2    00000006     rts2800_ml.lib : s_scalbnf.obj (.econst)
                  003f3ad8    00000004     ctrl.obj (.econst:_$P$T0$1)
                  003f3adc    00000004     ctrl.obj (.econst:_$P$T1$2)
                  003f3ae0    00000004     ctrl.obj (.econst:_$P$T2$3)
                  003f3ae4    00000004     ctrl.obj (.econst:_$P$T3$4)
                  003f3ae8    00000004     ctrl.obj (.econst:_$P$T4$5)
                  003f3aec    00000004     ctrl.obj (.econst:_$P$T5$6)
                  003f3af0    00000004     rts2800_ml.lib : e_powf.obj (.econst:_bp)
                  003f3af4    00000004                    : e_powf.obj (.econst:_dp_h)
                  003f3af8    00000004                    : e_powf.obj (.econst:_dp_l)
                  003f3afc    00000004     ctrl.obj (.econst)
                  003f3b00    00000004     hal.obj (.econst)
                  003f3b04    00000004     rts2800_ml.lib : e_sqrtf.obj (.econst)
                  003f3b08    00000002                    : s_ceilf.obj (.econst)
                  003f3b0a    00000002     uartstdio.obj (.econst)

.stack     1    00000050    000003b0     UNINITIALIZED
                  00000050    000003b0     --HOLE--

.ebss      1    000095a0    0000050c     UNINITIALIZED
                  000095a0    0000000c     datalog.obj (.ebss)
                  000095ac    00000006     rts2800_ml.lib : exit.obj (.ebss)
                  000095b2    00000004     uartstdio.obj (.ebss)
                  000095b6    00000002     rts2800_ml.lib : _lock.obj (.ebss:__lock)
                  000095b8    00000002                    : _lock.obj (.ebss:__unlock)
                  000095ba    00000002     drv8305.obj (.ebss)
                  000095bc    00000001     cpu.obj (.ebss)
                  000095bd    00000001     rts2800_ml.lib : errno.obj (.ebss)
                  000095be    00000002     --HOLE--
                  000095c0    00000408     proj_lab05a.obj (.ebss)
                  000099c8    00000038     --HOLE--
                  00009a00    000000ac     hal.obj (.ebss)

graph_data 
*          1    00008c00    000009a0     UNINITIALIZED
                  00008c00    000009a0     datalog.obj (graph_data)

IQmath     0    003f3743    0000021b     
                  003f3743    000000e0     IQmath.lib : IQNtoa.obj (IQmath)
                  003f3823    0000008f                : atoIQN.obj (IQmath)
                  003f38b2    00000042                : IQ24sqrt.obj (IQmath)
                  003f38f4    00000029                : IQ24sinPU.obj (IQmath)
                  003f391d    00000027                : IQ24cosPU.obj (IQmath)
                  003f3944    00000014                : IQ30toF.obj (IQmath)
                  003f3958    00000006                : iqntoa_get_frac_c.obj (IQmath)

IQmathTables 
*          0    003fdc30    00000b50     NOLOAD SECTION
                  003fdc30    00000b50     IQmath.lib : IQmathTables.obj (IQmathTables)

.reset     0    003fffc0    00000002     DSECT
                  003fffc0    00000002     rts2800_ml.lib : boot28.obj (.reset)

vectors    0    003fffc2    00000000     DSECT

MODULE SUMMARY

       Module                  code    initialized data   uninitialized data
       ------                  ----    ----------------   ------------------
    ./
       ctrl.obj                3772    28                 0                 
       hal.obj                 2938    4                  172               
       proj_lab05a.obj         1654    207                1032              
       datalog.obj             0       13                 2476              
       drv8305.obj             1917    4                  2                 
       user.obj                1070    8                  0                 
       pwm.obj                 759     0                  0                 
       adc.obj                 504     0                  0                 
       clk.obj                 394     0                  0                 
       gpio.obj                373     0                  0                 
       pie.obj                 260     0                  0                 
       sci.obj                 243     0                  0                 
       spi.obj                 169     0                  0                 
       flash.obj               132     0                  0                 
       pll.obj                 91      0                  0                 
       offset.obj              71      0                  0                 
       wdog.obj                70      0                  0                 
       pwr.obj                 68      0                  0                 
       timer.obj               50      0                  0                 
       uartstdio.obj           0       44                 4                 
       osc.obj                 45      0                  0                 
       cpu.obj                 37      0                  1                 
       filter_fo.obj           33      0                  0                 
       memCopy.obj             15      0                  0                 
       CodeStartBranch.obj     10      0                  0                 
       usDelay.obj             8       0                  0                 
    +--+-----------------------+-------+------------------+--------------------+
       Total:                  14683   308                3687              
                                                                            
    /Applications/ti/ccsv7/tools/compiler/ti-cgt-c2000_16.9.1.LTS/lib/rts2800_ml.lib
       e_powf.obj              1055    62                 0                 
       e_logf.obj              390     16                 0                 
       fd_mpy28.obj            131     0                  0                 
       fs_div28.obj            131     0                  0                 
       e_sqrtf.obj             118     4                  0                 
       fs_add28.obj            120     0                  0                 
       s_scalbnf.obj           105     6                  0                 
       s_ceilf.obj             105     2                  0                 
       fs_mpy28.obj            90      0                  0                 
       boot28.obj              84      0                  0                 
       exit.obj                41      14                 6                 
       l_div28.obj             42      0                  0                 
       fs_toi28.obj            37      0                  0                 
       cpy_tbl.obj             36      0                  0                 
       i_div28.obj             34      0                  0                 
       fs_toul28.obj           33      0                  0                 
       fd_tol28.obj            31      0                  0                 
       fs_tou28.obj            29      0                  0                 
       memcpy.obj              29      0                  0                 
       fs_tofd28.obj           28      0                  0                 
       i_tofs28.obj            26      0                  0                 
       l_tofs28.obj            26      0                  0                 
       args_main.obj           25      0                  0                 
       _lock.obj               9       10                 4                 
       fs_cmp28.obj            23      0                  0                 
       ul_tofs28.obj           19      0                  0                 
       u_tofs28.obj            16      0                  0                 
       s_copysignf.obj         10      0                  0                 
       strcat.obj              9       0                  0                 
       errno.obj               0       4                  1                 
       fs_neg28.obj            5       0                  0                 
       pre_init.obj            2       0                  0                 
       startup.obj             1       0                  0                 
    +--+-----------------------+-------+------------------+--------------------+
       Total:                  2840    118                11                
                                                                            
    /Users/Kyle/ti/motorware/motorware_1_01_00_18/sw/modules/iqmath/lib/f28x/32b/IQmath.lib
       IQmathTables.obj        0       2896               0                 
       IQNtoa.obj              0       224                0                 
       atoIQN.obj              0       143                0                 
       IQ24sqrt.obj            0       66                 0                 
       IQ24sinPU.obj           0       41                 0                 
       IQ24cosPU.obj           0       39                 0                 
       IQ30toF.obj             0       20                 0                 
       iqntoa_get_frac_c.obj   0       6                  0                 
    +--+-----------------------+-------+------------------+--------------------+
       Total:                  0       3435               0                 
                                                                            
       Stack:                  0       0                  944               
    +--+-----------------------+-------+------------------+--------------------+
       Grand Total:            17523   3861               4642              


GLOBAL DATA SYMBOLS: SORTED BY DATA PAGE

address     data page           name
--------    ----------------    ----
00000050       1 (00000040)     __stack

00008c00     230 (00008c00)     _datalogBuff2

00008f40     23d (00008f40)     _datalogBuff1

00009280     24a (00009280)     _datalogBuff3

000095a0     256 (00009580)     _datalogHandle
000095a2     256 (00009580)     _datalog
000095ac     256 (00009580)     ___TI_enable_exit_profile_output
000095ae     256 (00009580)     ___TI_cleanup_ptr
000095b0     256 (00009580)     ___TI_dtors_ptr
000095b6     256 (00009580)     __lock
000095b8     256 (00009580)     __unlock
000095bc     256 (00009580)     _cpu
000095bd     256 (00009580)     _errno

000095c0     257 (000095c0)     _gCounter_txdone
000095c1     257 (000095c0)     _gCounter_millis
000095c2     257 (000095c0)     _gCounter_print
000095c3     257 (000095c0)     _qend_two
000095c4     257 (000095c0)     _Flag_Latch_softwareUpdate
000095c5     257 (000095c0)     _inputLength
000095c6     257 (000095c0)     _gCounter_updateGlobals
000095c7     257 (000095c0)     _qend
000095c8     257 (000095c0)     _qbegin
000095c9     257 (000095c0)     _gLEDcnt
000095ca     257 (000095c0)     _qbegin_two
000095cc     257 (000095c0)     _gFlux_pu_to_VpHz_sf
000095ce     257 (000095c0)     _gFlux_pu_to_Wb_sf
000095d0     257 (000095c0)     _bobby
000095d2     257 (000095c0)     _elapsedMillis
000095d4     257 (000095c0)     _controller_obj
000095d6     257 (000095c0)     _halHandle
000095d8     257 (000095c0)     _ctrlHandle
000095da     257 (000095c0)     _gTorque_Flux_Iq_pu_to_Nm_sf
000095dc     257 (000095c0)     _gTorque_Ls_Id_Iq_pu_to_Nm_sf
000095de     257 (000095c0)     _gMaxCurrentSlope
000095e0     257 (000095c0)     _gPwmData
000095e6     257 (000095c0)     _gAdcData

00009600     258 (00009600)     _inputStr

00009640     259 (00009640)     _gDrvSpi8305Vars

000096c0     25b (000096c0)     _gMotorVars

00009740     25d (00009740)     _gUserParams

00009800     260 (00009800)     _queue

00009900     264 (00009900)     _queue_two

00009a00     268 (00009a00)     _hal

003f3743    fcdd (003f3740)     ___IQNtoa

003f3823    fce0 (003f3800)     __atoIQN

003f38b2    fce2 (003f3880)     __IQ24sqrt

003f38f4    fce3 (003f38c0)     __IQ24sinPU

003f391d    fce4 (003f3900)     __IQ24cosPU

003f3944    fce5 (003f3940)     __IQ30toF
003f3958    fce5 (003f3940)     __IQNtoa_get_frac_c

003fdc30    ff70 (003fdc00)     _IQsinTable

003fdd30    ff74 (003fdd00)     _IQcosTable

003fe030    ff80 (003fe000)     _IQsinTableEnd

003fe132    ff84 (003fe100)     _IQcosTableEnd
003fe132    ff84 (003fe100)     _IQdivRoundSatTable

003fe140    ff85 (003fe140)     _IQdivTable

003fe342    ff8d (003fe340)     _IQdivTableEnd
003fe342    ff8d (003fe340)     _IQisqrtRoundSatTable
003fe342    ff8d (003fe340)     _IQsqrtRoundSatTable
003fe352    ff8d (003fe340)     _IQisqrtTable
003fe352    ff8d (003fe340)     _IQsqrtTable

003fe454    ff91 (003fe440)     _IQatan2HalfPITable
003fe454    ff91 (003fe440)     _IQisqrtTableEnd
003fe454    ff91 (003fe440)     _IQsqrtTableEnd

003fe492    ff92 (003fe480)     _IQatan2Table

003fe618    ff98 (003fe600)     _IQ30mpyRndSatTable
003fe618    ff98 (003fe600)     _IQatan2TableEnd
003fe618    ff98 (003fe600)     _IQmpyRndSatTable
003fe624    ff98 (003fe600)     _IQ29mpyRndSatTable
003fe630    ff98 (003fe600)     _IQ28mpyRndSatTable
003fe63c    ff98 (003fe600)     _IQ27mpyRndSatTable

003fe648    ff99 (003fe640)     _IQ26mpyRndSatTable
003fe654    ff99 (003fe640)     _IQ25mpyRndSatTable
003fe660    ff99 (003fe640)     _IQ24mpyRndSatTable
003fe66c    ff99 (003fe640)     _IQ23mpyRndSatTable
003fe678    ff99 (003fe640)     _IQ22mpyRndSatTable

003fe684    ff9a (003fe680)     _IQ21mpyRndSatTable
003fe690    ff9a (003fe680)     _IQ20mpyRndSatTable
003fe69c    ff9a (003fe680)     _IQ19mpyRndSatTable
003fe6a8    ff9a (003fe680)     _IQ18mpyRndSatTable
003fe6b4    ff9a (003fe680)     _IQ17mpyRndSatTable

003fe6c0    ff9b (003fe6c0)     _IQ16mpyRndSatTable
003fe6cc    ff9b (003fe6c0)     _IQ15mpyRndSatTable
003fe6d8    ff9b (003fe6c0)     _IQ14mpyRndSatTable
003fe6e4    ff9b (003fe6c0)     _IQ13mpyRndSatTable
003fe6f0    ff9b (003fe6c0)     _IQ12mpyRndSatTable
003fe6fc    ff9b (003fe6c0)     _IQ11mpyRndSatTable

003fe708    ff9c (003fe700)     _IQ10mpyRndSatTable
003fe714    ff9c (003fe700)     _IQ9mpyRndSatTable
003fe720    ff9c (003fe700)     _IQ8mpyRndSatTable
003fe72c    ff9c (003fe700)     _IQ7mpyRndSatTable
003fe738    ff9c (003fe700)     _IQ6mpyRndSatTable

003fe744    ff9d (003fe740)     _IQ5mpyRndSatTable
003fe750    ff9d (003fe740)     _IQ4mpyRndSatTable
003fe75c    ff9d (003fe740)     _IQ3mpyRndSatTable
003fe768    ff9d (003fe740)     _IQ2mpyRndSatTable
003fe774    ff9d (003fe740)     _IQ1mpyRndSatTable

003fe780    ff9e (003fe780)     _IQmpyRndSatTableEnd


GLOBAL SYMBOLS: SORTED ALPHABETICALLY BY Name 

page  address   name                                             
----  -------   ----                                             
0     003f0000  .text                                            
0     003f34ec  C$$EXIT                                          
0     003f2f59  FD$$MPY                                          
0     003f3607  FD$$TOL                                          
0     003f3064  FS$$ADD                                          
0     003f36c9  FS$$CMP                                          
0     003f2fdc  FS$$DIV                                          
0     003f32e4  FS$$MPY                                          
0     003f373b  FS$$NEG                                          
0     003f305f  FS$$SUB                                          
0     003f3660  FS$$TOFD                                         
0     003f353a  FS$$TOI                                          
0     003f3626  FS$$TOU                                          
0     003f35c6  FS$$TOUL                                         
0     003f3583  I$$DIV                                           
0     003f3594  I$$MOD                                           
0     003f367c  I$$TOFS                                          
0     003f34c2  L$$DIV                                           
0     003f34d1  L$$MOD                                           
0     003f3696  L$$TOFS                                          
0     003f36f3  U$$TOFS                                          
0     003f34df  UL$$DIV                                          
0     003f34e6  UL$$MOD                                          
0     003f36e0  UL$$TOFS                                         
0     003f282f  _ADC_disable                                     
0     003f2825  _ADC_disableBandGap                              
0     003f280e  _ADC_disableInt                                  
0     003f2804  _ADC_disableNoOverlapMode                        
0     003f27fa  _ADC_disableRefBuffers                           
0     003f27f0  _ADC_disableVoltRefLoConv                        
0     003f27e6  _ADC_enable                                      
0     003f27dc  _ADC_enableBandGap                               
0     003f27c6  _ADC_enableInt                                   
0     003f27bc  _ADC_enableNoOverlapMode                         
0     003f27b2  _ADC_enableRefBuffers                            
0     003f27a8  _ADC_enableVoltRefLoConv                         
0     003f279e  _ADC_getDivideSelect                             
0     003f2796  _ADC_init                                        
0     003f278c  _ADC_powerDown                                   
0     003f2782  _ADC_powerUp                                     
0     003f2778  _ADC_reset                                       
0     003f2767  _ADC_setDivideSelect                             
0     003f2746  _ADC_setIntMode                                  
0     003f2735  _ADC_setIntPulseGenMode                          
0     003f2714  _ADC_setIntSrc                                   
0     003f270a  _ADC_setOffTrim                                  
0     003f26f3  _ADC_setSampleMode                               
0     003f26e0  _ADC_setSampleOverlapMode                        
0     003f26cc  _ADC_setSocChanNumber                            
0     003f26bf  _ADC_setSocFrc                                   
0     003f26b5  _ADC_setSocFrcWord                               
0     003f26a1  _ADC_setSocSampleDelay                           
0     003f268d  _ADC_setSocTrigSrc                               
0     003f267c  _ADC_setTempSensorSrc                            
0     003f266b  _ADC_setVoltRefSrc                               
0     003f2641  _ADC_setupSocTrigSrc                             
0     003f29bc  _CLK_disableAdcClock                             
0     003f29b5  _CLK_disableClaClock                             
0     003f29af  _CLK_disableClkIn                                
0     003f29ab  _CLK_disableCompClock                            
0     003f29a4  _CLK_disableCpuTimerClock                        
0     003f299e  _CLK_disableCrystalOsc                           
0     003f2997  _CLK_disableEcanaClock                           
0     003f2990  _CLK_disableEcap1Clock                           
0     003f2989  _CLK_disableEqep1Clock                           
0     003f2982  _CLK_disableEqep2Clock                           
0     003f297b  _CLK_disableGpioInputClock                       
0     003f2974  _CLK_disableHrPwmClock                           
0     003f296d  _CLK_disableI2cClock                             
0     003f2966  _CLK_disableLinAClock                            
0     003f2960  _CLK_disableOsc1                                 
0     003f295a  _CLK_disableOsc1HaltMode                         
0     003f2954  _CLK_disableOsc2                                 
0     003f294e  _CLK_disableOsc2HaltMode                         
0     003f2944  _CLK_disablePwmClock                             
0     003f293d  _CLK_disableSciaClock                            
0     003f2936  _CLK_disableScibClock                            
0     003f292f  _CLK_disableSpiaClock                            
0     003f292b  _CLK_disableSpibClock                            
0     003f2924  _CLK_disableTbClockSync                          
0     003f291e  _CLK_disableWatchDogHaltMode                     
0     003f2917  _CLK_enableAdcClock                              
0     003f2910  _CLK_enableClaClock                              
0     003f290a  _CLK_enableClkIn                                 
0     003f2904  _CLK_enableCompClock                             
0     003f28fe  _CLK_enableCpuTimerClock                         
0     003f28f8  _CLK_enableCrystalOsc                            
0     003f28f1  _CLK_enableEcanaClock                            
0     003f28ea  _CLK_enableEcap1Clock                            
0     003f28e3  _CLK_enableEqep1Clock                            
0     003f28dc  _CLK_enableEqep2Clock                            
0     003f28d5  _CLK_enableGpioInputClock                        
0     003f28ce  _CLK_enableHrPwmClock                            
0     003f28c7  _CLK_enableI2cClock                              
0     003f28c0  _CLK_enableLinAClock                             
0     003f28ba  _CLK_enableOsc1                                  
0     003f28b4  _CLK_enableOsc1HaltMode                          
0     003f28ae  _CLK_enableOsc2                                  
0     003f28a8  _CLK_enableOsc2HaltMode                          
0     003f289f  _CLK_enablePwmClock                              
0     003f2898  _CLK_enableSciaClock                             
0     003f2891  _CLK_enableScibClock                             
0     003f288a  _CLK_enableSpiaClock                             
0     003f2883  _CLK_enableSpibClock                             
0     003f287c  _CLK_enableTbClockSync                           
0     003f2876  _CLK_enableWatchDogHaltMode                      
0     003f2870  _CLK_init                                        
0     003f2869  _CLK_setClkOutPreScaler                          
0     003f2863  _CLK_setLowSpdPreScaler                          
0     003f285c  _CLK_setOsc2Src                                  
0     003f2855  _CLK_setOscSrc                                   
0     003f284e  _CLK_setTimer2PreScale                           
0     003f2847  _CLK_setTimer2Src                                
0     003f2840  _CLK_setWatchDogSrc                              
0     003f2839  _CLK_setXClkInSrc                                
0     003f3537  _CPU_clearIntFlags                               
0     003f3534  _CPU_disableDebugInt                             
0     003f3531  _CPU_disableGlobalInts                           
0     003f352c  _CPU_disableInt                                  
0     003f3529  _CPU_disableInts                                 
0     003f3526  _CPU_disableProtectedRegisterWrite               
0     003f3523  _CPU_enableDebugInt                              
0     003f3520  _CPU_enableGlobalInts                            
0     003f351c  _CPU_enableInt                                   
0     003f3519  _CPU_enableProtectedRegisterWrite                
0     003f3515  _CPU_init                                        
0     003f16e1  _CTRL_getGains                                   
0     003f16da  _CTRL_getIab_filt_pu                             
0     003f16d3  _CTRL_getIab_in_pu                               
0     003f16cc  _CTRL_getIdq_in_pu                               
0     003f16c5  _CTRL_getIdq_ref_pu                              
0     003f171a  _CTRL_getMagCurrent_pu                           
0     003f1717  _CTRL_getMaximumSpeed_pu                         
0     003f16be  _CTRL_getVab_in_pu                               
0     003f16b7  _CTRL_getVab_out_pu                              
0     003f16b0  _CTRL_getVdq_out_pu                              
abs   003fa721  _CTRL_getVersion                                 
0     003f16a7  _CTRL_getWaitTimes                               
abs   003fa6fb  _CTRL_initCtrl                                   
0     0000800a  _CTRL_run                                        
abs   003fa5d1  _CTRL_runTraj                                    
abs   003f9e64  _CTRL_setEstParams                               
0     003f1421  _CTRL_setGains                                   
0     003f1714  _CTRL_setMagCurrent_pu                           
0     003f1711  _CTRL_setMaximumSpeed_pu                         
0     003f1449  _CTRL_setParams                                  
0     003f140e  _CTRL_setSpd_ref_krpm                            
0     003f140b  _CTRL_setSpd_ref_pu                              
abs   003f9d31  _CTRL_setUserMotorParams                         
0     003f1402  _CTRL_setWaitTimes                               
0     00008000  _CTRL_setup                                      
0     003f13e6  _CTRL_setupClarke_I                              
0     003f13d0  _CTRL_setupClarke_V                              
abs   003f9b43  _CTRL_setupCtrl                                  
abs   003f99a5  _CTRL_setupEstIdleState                          
abs   003f996a  _CTRL_setupEstOnLineState                        
abs   003f9806  _CTRL_setupTraj                                  
0     003f136e  _CTRL_setup_user                                 
0     003f12bb  _CTRL_updateState                                
0     003f1297  _DRV8305_enable                                  
0     003f1291  _DRV8305_getCSBlank                              
0     003f128b  _DRV8305_getCSGain1                              
0     003f1285  _DRV8305_getCSGain2                              
0     003f127f  _DRV8305_getCSGain3                              
0     003f1278  _DRV8305_getCommOption                           
0     003f1261  _DRV8305_getDcCalMode                            
0     003f125b  _DRV8305_getDeadTime                             
0     003f1255  _DRV8305_getPeakSinkCurHS                        
0     003f124f  _DRV8305_getPeakSinkCurLS                        
0     003f1248  _DRV8305_getPeakSinkTime                         
0     003f1242  _DRV8305_getPeakSourCurHS                        
0     003f123c  _DRV8305_getPeakSourCurLS                        
0     003f1235  _DRV8305_getPeakSourTime                         
0     003f122e  _DRV8305_getPwmMode                              
0     003f1228  _DRV8305_getSleepDelay                           
0     003f1222  _DRV8305_getVDSBlanking                          
0     003f121c  _DRV8305_getVDSDeglitch                          
0     003f1216  _DRV8305_getVDSLevel                             
0     003f1210  _DRV8305_getVDSMode                              
0     003f1209  _DRV8305_getVrefScaling                          
0     003f1203  _DRV8305_getVregUvLevel                          
0     003f11fd  _DRV8305_getWatchDelay                           
0     003f11f4  _DRV8305_init                                    
0     003f11ed  _DRV8305_isFault                                 
0     003f1012  _DRV8305_readData                                
0     003f0c3e  _DRV8305_readSpi                                 
0     003f1003  _DRV8305_reset                                   
0     003f0fef  _DRV8305_setCSBlank                              
0     003f0fdb  _DRV8305_setCSGain1                              
0     003f0fc7  _DRV8305_setCSGain2                              
0     003f0fb3  _DRV8305_setCSGain3                              
0     003f0f9f  _DRV8305_setCommOption                           
0     003f0f7b  _DRV8305_setDcCalMode                            
0     003f0f67  _DRV8305_setDeadTime                             
0     003f0f65  _DRV8305_setGpioHandle                           
0     003f0f63  _DRV8305_setGpioNumber                           
0     003f0f4f  _DRV8305_setPeakSinkCurHS                        
0     003f0f3b  _DRV8305_setPeakSinkCurLS                        
0     003f0f27  _DRV8305_setPeakSinkTime                         
0     003f0f13  _DRV8305_setPeakSourCurHS                        
0     003f0eff  _DRV8305_setPeakSourTime                         
0     003f0eeb  _DRV8305_setPwmMode                              
0     003f0ed7  _DRV8305_setSleepDelay                           
0     003f0ed5  _DRV8305_setSpiHandle                            
0     003f0ec1  _DRV8305_setVDSBlanking                          
0     003f0ead  _DRV8305_setVDSDeglitch                          
0     003f0e99  _DRV8305_setVDSLevel                             
0     003f0e85  _DRV8305_setVDSMode                              
0     003f0e71  _DRV8305_setVrefScaling                          
0     003f0e5d  _DRV8305_setVregUvLevel                          
0     003f0e49  _DRV8305_setWatchDelay                           
0     003f0c71  _DRV8305_setupSpi                                
0     003f0b5a  _DRV8305_writeData                               
0     003f0b3e  _DRV8305_writeSpi                                
abs   003f9760  _EST_doCurrentCtrl                               
abs   003f9758  _EST_doSpeedCtrl                                 
abs   003f8c0d  _EST_getAngle_pu                                 
abs   003f96be  _EST_getFlux_VpHz                                
abs   003f96ab  _EST_getFlux_pu                                  
abs   003f968e  _EST_getFm_pu                                    
abs   003f9632  _EST_getIdRated                                  
abs   003f95ff  _EST_getLs_coarse_max_pu                         
abs   003f95f5  _EST_getLs_d_H                                   
abs   003f95f0  _EST_getLs_d_pu                                  
abs   003f95ce  _EST_getLs_q_H                                   
abs   003f95c9  _EST_getLs_q_pu                                  
abs   003f95bd  _EST_getMaxCurrentSlope_pu                       
abs   003f95b3  _EST_getOneOverDcBus_pu                          
abs   003f95ad  _EST_getRr_Ohm                                   
abs   003f9513  _EST_getRs_Ohm                                   
abs   003f94c6  _EST_getSpeed_krpm                               
abs   003f861b  _EST_getState                                    
abs   003f9458  _EST_get_krpm_to_pu_sf                           
abs   003f9453  _EST_get_pu_to_krpm_sf                           
abs   003f938d  _EST_isError                                     
abs   003f9386  _EST_isIdle                                      
abs   003f937f  _EST_isLockRotor                                 
abs   003f8679  _EST_isMotorIdentified                           
abs   003f9378  _EST_isOnLine                                    
abs   003f927b  _EST_run                                         
abs   003f8bdb  _EST_setFlag_enableForceAngle                    
abs   003f8bd3  _EST_setFlag_enableRsRecalc                      
abs   003f8b80  _EST_setId_ref_pu                                
abs   003f8b7a  _EST_setIdle                                     
abs   003f8b67  _EST_setIdle_all                                 
abs   003f8b63  _EST_setIq_ref_pu                                
abs   003f8b45  _EST_setLs_d_pu                                  
abs   003f8af1  _EST_setLs_qFmt                                  
abs   003f8ae7  _EST_setLs_q_pu                                  
abs   003f8adb  _EST_setMaxCurrentSlope_pu                       
abs   003f8a18  _EST_setRs_pu                                    
abs   003f89f5  _EST_updateId_ref_pu                             
abs   003f8713  _EST_updateState                                 
abs   003f861d  _EST_useZeroIq_ref                               
0     003f35c3  _FILTER_FO_getDenCoeffs                          
0     003f35bc  _FILTER_FO_getInitialConditions                  
0     003f35b6  _FILTER_FO_getNumCoeffs                          
0     003f35b0  _FILTER_FO_init                                  
0     003f35ae  _FILTER_FO_setDenCoeffs                          
0     003f35a9  _FILTER_FO_setInitialConditions                  
0     003f35a5  _FILTER_FO_setNumCoeffs                          
0     003f3601  _FLASH_clear3VStatus                             
0     0000866f  _FLASH_disablePipelineMode                       
0     00008669  _FLASH_enablePipelineMode                        
0     003f35fe  _FLASH_get3VStatus                               
0     003f35fb  _FLASH_getActiveWaitCount                        
0     003f35f7  _FLASH_getActiveWaitStatus                       
0     003f35f4  _FLASH_getPowerMode                              
0     003f35f1  _FLASH_getStandbyWaitCount                       
0     003f35ed  _FLASH_getStandbyWaitStatus                      
0     003f35e7  _FLASH_init                                      
0     00008664  _FLASH_setActiveWaitCount                        
0     0000865d  _FLASH_setNumPagedReadWaitStates                 
0     00008656  _FLASH_setNumRandomReadWaitStates                
0     0000864f  _FLASH_setOtpWaitStates                          
0     00008648  _FLASH_setPowerMode                              
0     00008643  _FLASH_setStandbyWaitCount                       
1     000095c4  _Flag_Latch_softwareUpdate                       
0     003f2cb0  _GPIO_getData                                    
0     003f2ca5  _GPIO_getPortData                                
0     003f2c9f  _GPIO_init                                       
0     003f2c95  _GPIO_lpmSelect                                  
0     003f2c82  _GPIO_read                                       
0     003f2c68  _GPIO_setDirection                               
0     003f2c5d  _GPIO_setExtInt                                  
0     003f2c4d  _GPIO_setHigh                                    
0     003f2c3d  _GPIO_setLow                                     
0     003f2c05  _GPIO_setMode                                    
0     003f2bf7  _GPIO_setPortData                                
0     003f2bdd  _GPIO_setPullup                                  
0     003f2ba0  _GPIO_setQualification                           
0     003f2b59  _GPIO_setQualificationPeriod                     
0     003f2b49  _GPIO_toggle                                     
0     003f05d1  _HAL_AdcCalChanSelect                            
0     003f0628  _HAL_AdcCalConversion                            
0     003f078a  _HAL_AdcOffsetSelfCal                            
0     003f0850  _HAL_OscTempComp                                 
0     003f08a9  _HAL_cal                                         
0     003f0b3a  _HAL_disableGlobalInts                           
0     003f0a03  _HAL_disableWdog                                 
0     003f0b28  _HAL_enableAdcInts                               
0     003f0b24  _HAL_enableDebugInt                              
0     003f0b1f  _HAL_enableDrv                                   
0     003f0b1b  _HAL_enableGlobalInts                            
0     003f0b0a  _HAL_enablePwmInt                                
0     003f0aed  _HAL_enableSciInts                               
0     003f0add  _HAL_enableTimer0Int                             
0     003f07bd  _HAL_getOscTrimValue                             
0     003f0a08  _HAL_init                                        
0     003f07d0  _HAL_osc1Comp                                    
0     003f0810  _HAL_osc2Comp                                    
0     003f09fe  _HAL_readDrvData                                 
0     003f09e4  _HAL_setDacParameters                            
0     003f08c0  _HAL_setParams                                   
0     003f051c  _HAL_setupAdcs                                   
0     003f0500  _HAL_setupClks                                   
0     003f04fb  _HAL_setupDrvSpi                                 
0     003f04dd  _HAL_setupFaults                                 
0     00008675  _HAL_setupFlash                                  
0     003f04c8  _HAL_setupGate                                   
0     003f032c  _HAL_setupGpios                                  
0     003f02d8  _HAL_setupPeripheralClks                         
0     003f02bc  _HAL_setupPie                                    
0     003f027d  _HAL_setupPll                                    
0     003f01fa  _HAL_setupPwmDacs                                
0     003f0122  _HAL_setupPwms                                   
0     003f00f6  _HAL_setupSciA                                   
0     003f00ca  _HAL_setupSciB                                   
0     003f0094  _HAL_setupSpiA                                   
0     003f005e  _HAL_setupSpiB                                   
0     003f0005  _HAL_setupTimers                                 
0     003f0000  _HAL_writeDrvData                                
0     003fe708  _IQ10mpyRndSatTable                              
0     003fe6fc  _IQ11mpyRndSatTable                              
0     003fe6f0  _IQ12mpyRndSatTable                              
0     003fe6e4  _IQ13mpyRndSatTable                              
0     003fe6d8  _IQ14mpyRndSatTable                              
0     003fe6cc  _IQ15mpyRndSatTable                              
0     003fe6c0  _IQ16mpyRndSatTable                              
0     003fe6b4  _IQ17mpyRndSatTable                              
0     003fe6a8  _IQ18mpyRndSatTable                              
0     003fe69c  _IQ19mpyRndSatTable                              
0     003fe774  _IQ1mpyRndSatTable                               
0     003fe690  _IQ20mpyRndSatTable                              
0     003fe684  _IQ21mpyRndSatTable                              
0     003fe678  _IQ22mpyRndSatTable                              
0     003fe66c  _IQ23mpyRndSatTable                              
0     003fe660  _IQ24mpyRndSatTable                              
0     003fe654  _IQ25mpyRndSatTable                              
0     003fe648  _IQ26mpyRndSatTable                              
0     003fe63c  _IQ27mpyRndSatTable                              
0     003fe630  _IQ28mpyRndSatTable                              
0     003fe624  _IQ29mpyRndSatTable                              
0     003fe768  _IQ2mpyRndSatTable                               
0     003fe618  _IQ30mpyRndSatTable                              
0     003fe75c  _IQ3mpyRndSatTable                               
0     003fe750  _IQ4mpyRndSatTable                               
0     003fe744  _IQ5mpyRndSatTable                               
0     003fe738  _IQ6mpyRndSatTable                               
0     003fe72c  _IQ7mpyRndSatTable                               
0     003fe720  _IQ8mpyRndSatTable                               
0     003fe714  _IQ9mpyRndSatTable                               
0     003fe454  _IQatan2HalfPITable                              
0     003fe492  _IQatan2Table                                    
0     003fe618  _IQatan2TableEnd                                 
0     003fdd30  _IQcosTable                                      
0     003fe132  _IQcosTableEnd                                   
0     003fe132  _IQdivRoundSatTable                              
0     003fe140  _IQdivTable                                      
0     003fe342  _IQdivTableEnd                                   
0     003fe342  _IQisqrtRoundSatTable                            
0     003fe352  _IQisqrtTable                                    
0     003fe454  _IQisqrtTableEnd                                 
0     003fe618  _IQmpyRndSatTable                                
0     003fe780  _IQmpyRndSatTableEnd                             
0     003fdc30  _IQsinTable                                      
0     003fe030  _IQsinTableEnd                                   
0     003fe342  _IQsqrtRoundSatTable                             
0     003fe352  _IQsqrtTable                                     
0     003fe454  _IQsqrtTableEnd                                  
0     003f33ca  _OFFSET_getBeta                                  
0     003f33b9  _OFFSET_init                                     
0     003f33a3  _OFFSET_setBeta                                  
0     003f3394  _OFFSET_setInitCond                              
0     003f3392  _OFFSET_setOffset                                
0     003f34bc  _OSC_init                                        
0     003f34af  _OSC_setCoarseTrim                               
0     003f349e  _OSC_setFineTrim                                 
0     003f3495  _OSC_setTrim                                     
0     003f2db6  _PIE_clearAllFlags                               
0     003f2db3  _PIE_clearAllInts                                
0     003f2db0  _PIE_disable                                     
0     003f2da9  _PIE_disableAllInts                              
0     003f2da5  _PIE_disableCaptureInt                           
0     003f2d9c  _PIE_disableExtInt                               
0     003f2d92  _PIE_disableInt                                  
0     003f2d8f  _PIE_enable                                      
0     003f2d73  _PIE_enableAdcInt                                
0     003f2d6f  _PIE_enableCaptureInt                            
0     003f2d53  _PIE_enableExtInt                                
0     003f2d4a  _PIE_enableInt                                   
0     003f2d45  _PIE_enablePwmInt                                
0     003f2d40  _PIE_enablePwmTzInt                              
0     003f2d3d  _PIE_enableTimer0Int                             
0     003f2d34  _PIE_forceInt                                    
0     003f2d2c  _PIE_getExtIntCount                              
0     003f2d25  _PIE_getIntEnables                               
0     003f2d1e  _PIE_getIntFlags                                 
0     003f3736  _PIE_illegalIsr                                  
0     003f2d16  _PIE_init                                        
0     003f2d05  _PIE_registerPieIntHandler                       
0     003f2cfa  _PIE_registerSystemIntHandler                    
0     003f2cef  _PIE_setDefaultIntVectorTable                    
0     003f2cde  _PIE_setExtIntPolarity                           
0     003f2ccb  _PIE_unregisterPieIntHandler                     
0     003f2cbe  _PIE_unregisterSystemIntHandler                  
0     003f32de  _PLL_disable                                     
0     003f32d8  _PLL_disableClkDetect                            
0     003f32d2  _PLL_disableNormRdy                              
0     003f32cc  _PLL_disableOsc                                  
0     003f32c6  _PLL_enable                                      
0     003f32c0  _PLL_enableClkDetect                             
0     003f32ba  _PLL_enableNormRdy                               
0     003f32b4  _PLL_enableOsc                                   
0     003f32b0  _PLL_getClkFreq                                  
0     003f32ad  _PLL_getClkStatus                                
0     003f32aa  _PLL_getDivideSelect                             
0     003f32a7  _PLL_getLockStatus                               
0     003f32a1  _PLL_init                                        
0     003f329b  _PLL_resetClkDetect                              
0     003f3295  _PLL_setClkFreq                                  
0     003f328e  _PLL_setDivideSelect                             
0     003f3289  _PLL_setLockPeriod                               
0     003f263b  _PWM_clearTripZone                               
0     003f2638  _PWM_decrementDeadBandFallingEdgeDelay           
0     003f2635  _PWM_decrementDeadBandRisingEdgeDelay            
0     003f262e  _PWM_disableAutoConvert                          
0     003f262a  _PWM_disableChopping                             
0     003f2627  _PWM_disableCounterLoad                          
0     003f2624  _PWM_disableDeadBand                             
0     003f2620  _PWM_disableDeadBandHalfCycle                    
0     003f2619  _PWM_disableDigitalCompareBlankingWindow         
0     003f2612  _PWM_disableDigitalCompareBlankingWindowInversion
0     003f260b  _PWM_disableHrPeriod                             
0     003f2604  _PWM_disableHrPhaseSync                          
0     003f2600  _PWM_disableInt                                  
0     003f25fc  _PWM_disableSocAPulse                            
0     003f25f8  _PWM_disableSocBPulse                            
0     003f25f1  _PWM_disableTripZoneInt                          
0     003f25ea  _PWM_disableTripZoneSrc                          
0     003f25e4  _PWM_disableTripZones                            
0     003f25dd  _PWM_enableAutoConvert                           
0     003f25d9  _PWM_enableChopping                              
0     003f25d6  _PWM_enableCounterLoad                           
0     003f25d2  _PWM_enableDeadBandHalfCycle                     
0     003f25cb  _PWM_enableDigitalCompareBlankingWindow          
0     003f25c4  _PWM_enableDigitalCompareBlankingWindowInversion 
0     003f25bd  _PWM_enableHrPeriod                              
0     003f25b6  _PWM_enableHrPhaseSync                           
0     003f25b2  _PWM_enableInt                                   
0     003f25ae  _PWM_enableSocAPulse                             
0     003f25aa  _PWM_enableSocBPulse                             
0     003f25a4  _PWM_enableTripZoneInt                           
0     003f259e  _PWM_enableTripZoneSrc                           
0     003f259b  _PWM_getDeadBandFallingEdgeDelay                 
0     003f2598  _PWM_getDeadBandRisingEdgeDelay                  
0     003f2594  _PWM_getIntCount                                 
0     003f2590  _PWM_getShadowStatus_CmpA                        
0     003f258c  _PWM_getShadowStatus_CmpB                        
0     003f2587  _PWM_getSocACount                                
0     003f2582  _PWM_getSocBCount                                
0     003f257f  _PWM_incrementDeadBandFallingEdgeDelay           
0     003f257c  _PWM_incrementDeadBandRisingEdgeDelay            
0     003f2576  _PWM_init                                        
0     003f256f  _PWM_setActionQualContSWForce_PwmA               
0     003f2566  _PWM_setActionQualContSWForce_PwmB               
0     003f255d  _PWM_setActionQual_CntDown_CmpA_PwmA             
0     003f2554  _PWM_setActionQual_CntDown_CmpA_PwmB             
0     003f254b  _PWM_setActionQual_CntDown_CmpB_PwmA             
0     003f2542  _PWM_setActionQual_CntDown_CmpB_PwmB             
0     003f2539  _PWM_setActionQual_CntUp_CmpA_PwmA               
0     003f2530  _PWM_setActionQual_CntUp_CmpA_PwmB               
0     003f2527  _PWM_setActionQual_CntUp_CmpB_PwmA               
0     003f251e  _PWM_setActionQual_CntUp_CmpB_PwmB               
0     003f2515  _PWM_setActionQual_Period_PwmA                   
0     003f250c  _PWM_setActionQual_Period_PwmB                   
0     003f2505  _PWM_setActionQual_Zero_PwmA                     
0     003f24fe  _PWM_setActionQual_Zero_PwmB                     
0     003f24f7  _PWM_setChoppingClkFreq                          
0     003f24f0  _PWM_setChoppingDutyCycle                        
0     003f24e9  _PWM_setChoppingPulseWidth                       
0     003f24e5  _PWM_setClkDiv                                   
0     003f24e3  _PWM_setCount                                    
0     003f24df  _PWM_setCounterMode                              
0     003f24dc  _PWM_setDeadBandFallingEdgeDelay                 
0     003f24d5  _PWM_setDeadBandInputMode                        
0     003f24ce  _PWM_setDeadBandOutputMode                       
0     003f24c7  _PWM_setDeadBandPolarity                         
0     003f24c4  _PWM_setDeadBandRisingEdgeDelay                  
0     003f24aa  _PWM_setDigitalCompareAEvent1                    
0     003f249a  _PWM_setDigitalCompareAEvent2                    
0     003f2480  _PWM_setDigitalCompareBEvent1                    
0     003f2470  _PWM_setDigitalCompareBEvent2                    
0     003f2464  _PWM_setDigitalCompareBlankingPulse              
0     003f2461  _PWM_setDigitalCompareFilterOffset               
0     003f2457  _PWM_setDigitalCompareFilterSource               
0     003f2454  _PWM_setDigitalCompareFilterWindow               
0     003f2445  _PWM_setDigitalCompareInput                      
0     003f2441  _PWM_setHighSpeedClkDiv                          
0     003f2437  _PWM_setHrControlMode                            
0     003f242d  _PWM_setHrEdgeMode                               
0     003f2423  _PWM_setHrShadowMode                             
0     003f241c  _PWM_setIntMode                                  
0     003f2415  _PWM_setIntPeriod                                
0     003f2411  _PWM_setLoadMode_CmpA                            
0     003f240b  _PWM_setLoadMode_CmpB                            
0     003f2409  _PWM_setPeriod                                   
0     003f2404  _PWM_setPeriodHr                                 
0     003f2400  _PWM_setPeriodLoad                               
0     003f23fe  _PWM_setPhase                                    
0     003f23fa  _PWM_setPhaseDir                                 
0     003f23f6  _PWM_setRunMode                                  
0     003f23f0  _PWM_setShadowMode_CmpA                          
0     003f23ea  _PWM_setShadowMode_CmpB                          
0     003f23e1  _PWM_setSocAPeriod                               
0     003f23d7  _PWM_setSocAPulseSrc                             
0     003f23ce  _PWM_setSocBPeriod                               
0     003f23c5  _PWM_setSocBPulseSrc                             
0     003f23c2  _PWM_setSwSync                                   
0     003f23be  _PWM_setSyncMode                                 
0     003f23b4  _PWM_setTripZoneDCEventSelect_DCAEVT1            
0     003f23a8  _PWM_setTripZoneDCEventSelect_DCAEVT2            
0     003f239c  _PWM_setTripZoneDCEventSelect_DCBEVT1            
0     003f2390  _PWM_setTripZoneDCEventSelect_DCBEVT2            
0     003f2384  _PWM_setTripZoneState_DCAEVT1                    
0     003f2378  _PWM_setTripZoneState_DCAEVT2                    
0     003f236c  _PWM_setTripZoneState_DCBEVT1                    
0     003f2360  _PWM_setTripZoneState_DCBEVT2                    
0     003f2356  _PWM_setTripZoneState_TZA                        
0     003f234a  _PWM_setTripZoneState_TZB                        
0     003f3460  _PWR_disableBrownOutReset                        
0     003f3456  _PWR_disableWatchDogInt                          
0     003f3453  _PWR_enableBrownOutReset                         
0     003f3449  _PWR_enableWatchDogInt                           
0     003f3441  _PWR_init                                        
0     003f3430  _PWR_setLowPowerMode                             
0     003f341f  _PWR_setNumStandByClocks                         
0     003e8697  _RamfuncsLoadEnd                                 
0     003e8000  _RamfuncsLoadStart                               
0     00008000  _RamfuncsRunStart                                
0     003f2eac  _SCI_clearAutoBaudDetect                         
0     003f2ea8  _SCI_clearRxFifoInt                              
0     003f2ea4  _SCI_clearRxFifoOvf                              
0     003f2ea0  _SCI_clearTxFifoInt                              
0     003f2e9d  _SCI_disable                                     
0     003f2e99  _SCI_disableAutoBaudAlign                        
0     003f2e96  _SCI_disableLoopBack                             
0     003f2e93  _SCI_disableParity                               
0     003f2e90  _SCI_disableRx                                   
0     003f2e8d  _SCI_disableRxErrorInt                           
0     003f2e89  _SCI_disableRxFifoInt                            
0     003f2e86  _SCI_disableRxInt                                
0     003f2e83  _SCI_disableSleep                                
0     003f2e80  _SCI_disableTx                                   
0     003f2e7c  _SCI_disableTxFifoEnh                            
0     003f2e78  _SCI_disableTxFifoInt                            
0     003f2e75  _SCI_disableTxInt                                
0     003f2e72  _SCI_disableTxWake                               
0     003f2e6f  _SCI_enable                                      
0     003f2e6b  _SCI_enableAutoBaudAlign                         
0     003f2e67  _SCI_enableChannels                              
0     003f2e64  _SCI_enableLoopBack                              
0     003f2e61  _SCI_enableParity                                
0     003f2e5e  _SCI_enableRx                                    
0     003f2e5b  _SCI_enableRxErrorInt                            
0     003f2e57  _SCI_enableRxFifo                                
0     003f2e53  _SCI_enableRxFifoInt                             
0     003f2e50  _SCI_enableRxInt                                 
0     003f2e4d  _SCI_enableSleep                                 
0     003f2e4a  _SCI_enableTx                                    
0     003f2e46  _SCI_enableTxFifo                                
0     003f2e42  _SCI_enableTxFifoEnh                             
0     003f2e3e  _SCI_enableTxFifoInt                             
0     003f2e3b  _SCI_enableTxInt                                 
0     003f2e38  _SCI_enableTxWake                                
0     003f2e32  _SCI_getDataBlocking                             
0     003f2e29  _SCI_getDataNonBlocking                          
0     003f2e25  _SCI_getRxFifoStatus                             
0     003f2e21  _SCI_getTxFifoStatus                             
0     003f2e1b  _SCI_init                                        
0     003f2e14  _SCI_putDataBlocking                             
0     003f2e0c  _SCI_putDataNonBlocking                          
0     003f2e09  _SCI_reset                                       
0     003f2dff  _SCI_resetChannels                               
0     003f2df5  _SCI_resetRxFifo                                 
0     003f2deb  _SCI_resetTxFifo                                 
0     003f2de5  _SCI_setBaudRate                                 
0     003f2de1  _SCI_setCharLength                               
0     003f2ddd  _SCI_setMode                                     
0     003f2dd9  _SCI_setNumStopBits                              
0     003f2dd5  _SCI_setParity                                   
0     003f2dd2  _SCI_setPriority                                 
0     003f2dcb  _SCI_setRxFifoIntLevel                           
0     003f2dc4  _SCI_setTxDelay                                  
0     003f2dbd  _SCI_setTxFifoIntLevel                           
0     003f2f55  _SPI_clearRxFifoInt                              
0     003f2f51  _SPI_clearRxFifoOvf                              
0     003f2f4d  _SPI_clearTxFifoInt                              
0     003f2f4a  _SPI_disableInt                                  
0     003f2f47  _SPI_disableLoopBack                             
0     003f2f44  _SPI_disableOverRunInt                           
0     003f2f40  _SPI_disableRxFifoInt                            
0     003f2f3d  _SPI_disableTx                                   
0     003f2f39  _SPI_disableTxFifoEnh                            
0     003f2f35  _SPI_disableTxFifoInt                            
0     003f2f32  _SPI_enable                                      
0     003f2f2e  _SPI_enableChannels                              
0     003f2f2b  _SPI_enableInt                                   
0     003f2f28  _SPI_enableLoopBack                              
0     003f2f25  _SPI_enableOverRunInt                            
0     003f2f21  _SPI_enableRxFifo                                
0     003f2f1d  _SPI_enableRxFifoInt                             
0     003f2f1a  _SPI_enableTx                                    
0     003f2f16  _SPI_enableTxFifo                                
0     003f2f12  _SPI_enableTxFifoEnh                             
0     003f2f0e  _SPI_enableTxFifoInt                             
0     003f2f0b  _SPI_getIntFlagStatus                            
0     003f2f07  _SPI_getRxFifoStatus                             
0     003f2f04  _SPI_getTxBufferStatus                           
0     003f2f00  _SPI_getTxFifoStatus                             
0     003f2efa  _SPI_init                                        
0     003f2ef7  _SPI_reset                                       
0     003f2ef3  _SPI_resetChannels                               
0     003f2eef  _SPI_resetRxFifo                                 
0     003f2eeb  _SPI_resetTxFifo                                 
0     003f2ee9  _SPI_setBaudRate                                 
0     003f2ee5  _SPI_setCharLength                               
0     003f2ee3  _SPI_setClkPhase                                 
0     003f2edf  _SPI_setClkPolarity                              
0     003f2edd  _SPI_setMode                                     
0     003f2ed6  _SPI_setPriority                                 
0     003f2ecf  _SPI_setRxFifoIntLevel                           
0     003f2ec8  _SPI_setSteInv                                   
0     003f2ec1  _SPI_setSuspend                                  
0     003f2eba  _SPI_setTriWire                                  
0     003f2eb7  _SPI_setTxDelay                                  
0     003f2eb0  _SPI_setTxFifoIntLevel                           
0     003f3492  _TIMER_clearFlag                                 
0     003f348f  _TIMER_disableInt                                
0     003f348c  _TIMER_enableInt                                 
0     003f3489  _TIMER_getStatus                                 
0     003f3483  _TIMER_init                                      
0     003f3475  _TIMER_setDecimationFactor                       
0     003f3471  _TIMER_setEmulationMode                          
0     003f3463  _TIMER_setPreScaler                              
0     003f1a8a  _USER_calcPIgains                                
0     003f1a86  _USER_checkForErrors                             
0     003f1a78  _USER_computeFlux                                
0     003f1a3c  _USER_computeFlux_pu_to_VpHz_sf                  
0     003f1a00  _USER_computeFlux_pu_to_Wb_sf                    
0     003f19c4  _USER_computeTorque_Flux_Iq_pu_to_Nm_sf          
0     003f198a  _USER_computeTorque_Ls_Id_Iq_pu_to_Nm_sf         
0     003f193d  _USER_computeTorque_Nm                           
0     003f18e5  _USER_computeTorque_lbin                         
0     003f18e2  _USER_getErrorCode                               
0     003f18df  _USER_setErrorCode                               
0     003f17a0  _USER_setParams                                  
0     003f171d  _USER_softwareUpdate1p6                          
0     003f3417  _WDOG_clearCounter                               
0     003f340f  _WDOG_disable                                    
0     003f3409  _WDOG_disableInt                                 
0     003f3403  _WDOG_disableOverRide                            
0     003f33fa  _WDOG_enable                                     
0     003f33f4  _WDOG_enableInt                                  
0     003f33ee  _WDOG_enableOverRide                             
0     003f33eb  _WDOG_getIntStatus                               
0     003f33e5  _WDOG_init                                       
0     003f33e3  _WDOG_setCount                                   
0     003f33d9  _WDOG_setPreScaler                               
0     003f391d  __IQ24cosPU                                      
0     003f38f4  __IQ24sinPU                                      
0     003f38b2  __IQ24sqrt                                       
0     003f3944  __IQ30toF                                        
0     003f3958  __IQNtoa_get_frac_c                              
1     00000400  __STACK_END                                      
abs   000003b0  __STACK_SIZE                                     
0     003f3743  ___IQNtoa                                        
1     000095ae  ___TI_cleanup_ptr                                
1     000095b0  ___TI_dtors_ptr                                  
1     000095ac  ___TI_enable_exit_profile_output                 
abs   ffffffff  ___TI_pprof_out_hndl                             
abs   ffffffff  ___TI_prof_data_size                             
abs   ffffffff  ___TI_prof_data_start                            
abs   ffffffff  ___binit__                                       
abs   ffffffff  ___c_args__                                      
0     003f395e  ___cinit__                                       
0     003f3743  ___etext__                                       
abs   ffffffff  ___pinit__                                       
0     003f0000  ___text__                                        
0     003f36b0  __args_main                                      
0     003f3823  __atoIQN                                         
1     000095b6  __lock                                           
0     003f3724  __nop                                            
0     003f3720  __register_lock                                  
0     003f371c  __register_unlock                                
1     00000050  __stack                                          
0     003f3742  __system_post_cinit                              
0     003f3740  __system_pre_init                                
1     000095b8  __unlock                                         
0     003f34ec  _abort                                           
1     000095d0  _bobby                                           
0     003f333e  _c_int00                                         
0     003f31b7  _ceil                                            
0     003f31b7  _ceilf                                           
1     000095d4  _controller_obj                                  
0     003f355f  _copy_in                                         
0     003f3712  _copysign                                        
0     003f3712  _copysignf                                       
1     000095bc  _cpu                                             
1     000095d8  _ctrlHandle                                      
1     000095a2  _datalog                                         
1     00008f40  _datalogBuff1                                    
1     00008c00  _datalogBuff2                                    
1     00009280  _datalogBuff3                                    
1     000095a0  _datalogHandle                                   
0     003f2073  _dequeue                                         
0     003f20be  _dequeue_two                                     
1     000095d2  _elapsedMillis                                   
0     003f206b  _empty                                           
0     003f20b6  _empty_two                                       
0     003f20e1  _enqueue                                         
0     003f2096  _enqueue_two                                     
1     000095bd  _errno                                           
0     003f34ee  _exit                                            
0     003f20d3  _full                                            
0     003f2088  _full_two                                        
1     000095e6  _gAdcData                                        
1     000095c1  _gCounter_millis                                 
1     000095c2  _gCounter_print                                  
1     000095c0  _gCounter_txdone                                 
1     000095c6  _gCounter_updateGlobals                          
1     00009640  _gDrvSpi8305Vars                                 
1     000095cc  _gFlux_pu_to_VpHz_sf                             
1     000095ce  _gFlux_pu_to_Wb_sf                               
1     000095c9  _gLEDcnt                                         
1     000095de  _gMaxCurrentSlope                                
1     000096c0  _gMotorVars                                      
1     000095e0  _gPwmData                                        
1     000095da  _gTorque_Flux_Iq_pu_to_Nm_sf                     
1     000095dc  _gTorque_Ls_Id_Iq_pu_to_Nm_sf                    
1     00009740  _gUserParams                                     
1     00009a00  _hal                                             
1     000095d6  _halHandle                                       
1     000095c5  _inputLength                                     
1     00009600  _inputStr                                        
0     003f3220  _ldexp                                           
0     003f3220  _ldexpf                                          
0     003f29c3  _log                                             
0     003f29c3  _logf                                            
0     003f20f4  _main                                            
0     0000852d  _mainISR                                         
0     003f3703  _memCopy                                         
0     003f3643  _memcpy                                          
0     003f1b4b  _pow                                             
0     003f1b4b  _powf                                            
1     000095c8  _qbegin                                          
1     000095ca  _qbegin_two                                      
1     000095c7  _qend                                            
1     000095c3  _qend_two                                        
0     003f20a9  _qlength_two                                     
1     00009800  _queue                                           
1     00009900  _queue_two                                       
0     003f3220  _scalbn                                          
0     003f3220  _scalbnf                                         
0     003f3172  _sciBRxISR                                       
0     003f314d  _sciBTxISR                                       
0     003f30d7  _sqrt                                            
0     003f30d7  _sqrtf                                           
0     003f3725  _strcat                                          
0     003f1fae  _updateGlobalVariables_motor                     
0     003f1f86  _updateIqRef                                     
0     003f1f6a  _updateKpKiGains                                 
0     00008693  _usDelay                                         
abs   ffffffff  binit                                            
0     003f395e  cinit                                            
0     003f7ff6  code_start                                       
0     003f3743  etext                                            
abs   ffffffff  pinit                                            


GLOBAL SYMBOLS: SORTED BY Symbol Address 

page  address   name                                             
----  -------   ----                                             
0     00008000  _CTRL_setup                                      
0     00008000  _RamfuncsRunStart                                
0     0000800a  _CTRL_run                                        
0     0000852d  _mainISR                                         
0     00008643  _FLASH_setStandbyWaitCount                       
0     00008648  _FLASH_setPowerMode                              
0     0000864f  _FLASH_setOtpWaitStates                          
0     00008656  _FLASH_setNumRandomReadWaitStates                
0     0000865d  _FLASH_setNumPagedReadWaitStates                 
0     00008664  _FLASH_setActiveWaitCount                        
0     00008669  _FLASH_enablePipelineMode                        
0     0000866f  _FLASH_disablePipelineMode                       
0     00008675  _HAL_setupFlash                                  
0     00008693  _usDelay                                         
0     003e8000  _RamfuncsLoadStart                               
0     003e8697  _RamfuncsLoadEnd                                 
0     003f0000  .text                                            
0     003f0000  _HAL_writeDrvData                                
0     003f0000  ___text__                                        
0     003f0005  _HAL_setupTimers                                 
0     003f005e  _HAL_setupSpiB                                   
0     003f0094  _HAL_setupSpiA                                   
0     003f00ca  _HAL_setupSciB                                   
0     003f00f6  _HAL_setupSciA                                   
0     003f0122  _HAL_setupPwms                                   
0     003f01fa  _HAL_setupPwmDacs                                
0     003f027d  _HAL_setupPll                                    
0     003f02bc  _HAL_setupPie                                    
0     003f02d8  _HAL_setupPeripheralClks                         
0     003f032c  _HAL_setupGpios                                  
0     003f04c8  _HAL_setupGate                                   
0     003f04dd  _HAL_setupFaults                                 
0     003f04fb  _HAL_setupDrvSpi                                 
0     003f0500  _HAL_setupClks                                   
0     003f051c  _HAL_setupAdcs                                   
0     003f05d1  _HAL_AdcCalChanSelect                            
0     003f0628  _HAL_AdcCalConversion                            
0     003f078a  _HAL_AdcOffsetSelfCal                            
0     003f07bd  _HAL_getOscTrimValue                             
0     003f07d0  _HAL_osc1Comp                                    
0     003f0810  _HAL_osc2Comp                                    
0     003f0850  _HAL_OscTempComp                                 
0     003f08a9  _HAL_cal                                         
0     003f08c0  _HAL_setParams                                   
0     003f09e4  _HAL_setDacParameters                            
0     003f09fe  _HAL_readDrvData                                 
0     003f0a03  _HAL_disableWdog                                 
0     003f0a08  _HAL_init                                        
0     003f0add  _HAL_enableTimer0Int                             
0     003f0aed  _HAL_enableSciInts                               
0     003f0b0a  _HAL_enablePwmInt                                
0     003f0b1b  _HAL_enableGlobalInts                            
0     003f0b1f  _HAL_enableDrv                                   
0     003f0b24  _HAL_enableDebugInt                              
0     003f0b28  _HAL_enableAdcInts                               
0     003f0b3a  _HAL_disableGlobalInts                           
0     003f0b3e  _DRV8305_writeSpi                                
0     003f0b5a  _DRV8305_writeData                               
0     003f0c3e  _DRV8305_readSpi                                 
0     003f0c71  _DRV8305_setupSpi                                
0     003f0e49  _DRV8305_setWatchDelay                           
0     003f0e5d  _DRV8305_setVregUvLevel                          
0     003f0e71  _DRV8305_setVrefScaling                          
0     003f0e85  _DRV8305_setVDSMode                              
0     003f0e99  _DRV8305_setVDSLevel                             
0     003f0ead  _DRV8305_setVDSDeglitch                          
0     003f0ec1  _DRV8305_setVDSBlanking                          
[...]
0     003f2f2b  _SPI_enableInt                                   
0     003f2f2e  _SPI_enableChannels                              
0     003f2f32  _SPI_enable                                      
0     003f2f35  _SPI_disableTxFifoInt                            
0     003f2f39  _SPI_disableTxFifoEnh                            
0     003f2f3d  _SPI_disableTx                                   
0     003f2f40  _SPI_disableRxFifoInt                            
0     003f2f44  _SPI_disableOverRunInt                           
0     003f2f47  _SPI_disableLoopBack                             
0     003f2f4a  _SPI_disableInt                                  
0     003f2f4d  _SPI_clearTxFifoInt                              
0     003f2f51  _SPI_clearRxFifoOvf                              
0     003f2f55  _SPI_clearRxFifoInt                              
0     003f2f59  FD$$MPY                                          
0     003f2fdc  FS$$DIV                                          
0     003f305f  FS$$SUB                                          
0     003f3064  FS$$ADD                                          
0     003f30d7  _sqrt                                            
0     003f30d7  _sqrtf                                           
0     003f314d  _sciBTxISR                                       
0     003f3172  _sciBRxISR                                       
0     003f31b7  _ceil                                            
0     003f31b7  _ceilf                                           
0     003f3220  _ldexp                                           
0     003f3220  _ldexpf                                          
0     003f3220  _scalbn                                          
0     003f3220  _scalbnf                                         
0     003f3289  _PLL_setLockPeriod                               
0     003f328e  _PLL_setDivideSelect                             
0     003f3295  _PLL_setClkFreq                                  
0     003f329b  _PLL_resetClkDetect                              
0     003f32a1  _PLL_init                                        
0     003f32a7  _PLL_getLockStatus                               
0     003f32aa  _PLL_getDivideSelect                             
0     003f32ad  _PLL_getClkStatus                                
0     003f32b0  _PLL_getClkFreq                                  
0     003f32b4  _PLL_enableOsc                                   
0     003f32ba  _PLL_enableNormRdy                               
0     003f32c0  _PLL_enableClkDetect                             
0     003f32c6  _PLL_enable                                      
0     003f32cc  _PLL_disableOsc                                  
0     003f32d2  _PLL_disableNormRdy                              
0     003f32d8  _PLL_disableClkDetect                            
0     003f32de  _PLL_disable                                     
0     003f32e4  FS$$MPY                                          
0     003f333e  _c_int00                                         
0     003f3392  _OFFSET_setOffset                                
0     003f3394  _OFFSET_setInitCond                              
0     003f33a3  _OFFSET_setBeta                                  
0     003f33b9  _OFFSET_init                                     
0     003f33ca  _OFFSET_getBeta                                  
0     003f33d9  _WDOG_setPreScaler                               
0     003f33e3  _WDOG_setCount                                   
0     003f33e5  _WDOG_init                                       
0     003f33eb  _WDOG_getIntStatus                               
0     003f33ee  _WDOG_enableOverRide                             
0     003f33f4  _WDOG_enableInt                                  
0     003f33fa  _WDOG_enable                                     
0     003f3403  _WDOG_disableOverRide                            
0     003f3409  _WDOG_disableInt                                 
0     003f340f  _WDOG_disable                                    
0     003f3417  _WDOG_clearCounter                               
0     003f341f  _PWR_setNumStandByClocks                         
0     003f3430  _PWR_setLowPowerMode                             
0     003f3441  _PWR_init                                        
0     003f3449  _PWR_enableWatchDogInt                           
0     003f3453  _PWR_enableBrownOutReset                         
0     003f3456  _PWR_disableWatchDogInt                          
0     003f3460  _PWR_disableBrownOutReset                        
0     003f3463  _TIMER_setPreScaler                              
0     003f3471  _TIMER_setEmulationMode                          
0     003f3475  _TIMER_setDecimationFactor                       
0     003f3483  _TIMER_init                                      
0     003f3489  _TIMER_getStatus                                 
0     003f348c  _TIMER_enableInt                                 
0     003f348f  _TIMER_disableInt                                
0     003f3492  _TIMER_clearFlag                                 
0     003f3495  _OSC_setTrim                                     
0     003f349e  _OSC_setFineTrim                                 
0     003f34af  _OSC_setCoarseTrim                               
0     003f34bc  _OSC_init                                        
0     003f34c2  L$$DIV                                           
0     003f34d1  L$$MOD                                           
0     003f34df  UL$$DIV                                          
0     003f34e6  UL$$MOD                                          
0     003f34ec  C$$EXIT                                          
0     003f34ec  _abort                                           
0     003f34ee  _exit                                            
0     003f3515  _CPU_init                                        
0     003f3519  _CPU_enableProtectedRegisterWrite                
0     003f351c  _CPU_enableInt                                   
0     003f3520  _CPU_enableGlobalInts                            
0     003f3523  _CPU_enableDebugInt                              
0     003f3526  _CPU_disableProtectedRegisterWrite               
0     003f3529  _CPU_disableInts                                 
0     003f352c  _CPU_disableInt                                  
0     003f3531  _CPU_disableGlobalInts                           
0     003f3534  _CPU_disableDebugInt                             
0     003f3537  _CPU_clearIntFlags                               
0     003f353a  FS$$TOI                                          
0     003f355f  _copy_in                                         
0     003f3583  I$$DIV                                           
0     003f3594  I$$MOD                                           
0     003f35a5  _FILTER_FO_setNumCoeffs                          
0     003f35a9  _FILTER_FO_setInitialConditions                  
0     003f35ae  _FILTER_FO_setDenCoeffs                          
0     003f35b0  _FILTER_FO_init                                  
0     003f35b6  _FILTER_FO_getNumCoeffs                          
0     003f35bc  _FILTER_FO_getInitialConditions                  
0     003f35c3  _FILTER_FO_getDenCoeffs                          
0     003f35c6  FS$$TOUL                                         
0     003f35e7  _FLASH_init                                      
0     003f35ed  _FLASH_getStandbyWaitStatus                      
0     003f35f1  _FLASH_getStandbyWaitCount                       
0     003f35f4  _FLASH_getPowerMode                              
0     003f35f7  _FLASH_getActiveWaitStatus                       
0     003f35fb  _FLASH_getActiveWaitCount                        
0     003f35fe  _FLASH_get3VStatus                               
0     003f3601  _FLASH_clear3VStatus                             
0     003f3607  FD$$TOL                                          
0     003f3626  FS$$TOU                                          
0     003f3643  _memcpy                                          
0     003f3660  FS$$TOFD                                         
0     003f367c  I$$TOFS                                          
0     003f3696  L$$TOFS                                          
0     003f36b0  __args_main                                      
0     003f36c9  FS$$CMP                                          
0     003f36e0  UL$$TOFS                                         
0     003f36f3  U$$TOFS                                          
0     003f3703  _memCopy                                         
0     003f3712  _copysign                                        
0     003f3712  _copysignf                                       
0     003f371c  __register_unlock                                
0     003f3720  __register_lock                                  
0     003f3724  __nop                                            
0     003f3725  _strcat                                          
0     003f3736  _PIE_illegalIsr                                  
0     003f373b  FS$$NEG                                          
0     003f3740  __system_pre_init                                
0     003f3742  __system_post_cinit                              
0     003f3743  ___IQNtoa                                        
0     003f3743  ___etext__                                       
0     003f3743  etext                                            
0     003f3823  __atoIQN                                         
0     003f38b2  __IQ24sqrt                                       
0     003f38f4  __IQ24sinPU                                      
0     003f391d  __IQ24cosPU                                      
0     003f3944  __IQ30toF                                        
0     003f3958  __IQNtoa_get_frac_c                              
0     003f395e  ___cinit__                                       
0     003f395e  cinit                                            
0     003f7ff6  code_start                                       
0     003fdc30  _IQsinTable                                      
0     003fdd30  _IQcosTable                                      
0     003fe030  _IQsinTableEnd                                   
0     003fe132  _IQcosTableEnd                                   
0     003fe132  _IQdivRoundSatTable                              
0     003fe140  _IQdivTable                                      
0     003fe342  _IQdivTableEnd                                   
0     003fe342  _IQisqrtRoundSatTable                            
0     003fe342  _IQsqrtRoundSatTable                             
0     003fe352  _IQisqrtTable                                    
0     003fe352  _IQsqrtTable                                     
0     003fe454  _IQatan2HalfPITable                              
0     003fe454  _IQisqrtTableEnd                                 
0     003fe454  _IQsqrtTableEnd                                  
0     003fe492  _IQatan2Table                                    
0     003fe618  _IQ30mpyRndSatTable                              
0     003fe618  _IQatan2TableEnd                                 
0     003fe618  _IQmpyRndSatTable                                
0     003fe624  _IQ29mpyRndSatTable                              
0     003fe630  _IQ28mpyRndSatTable                              
0     003fe63c  _IQ27mpyRndSatTable                              
0     003fe648  _IQ26mpyRndSatTable                              
0     003fe654  _IQ25mpyRndSatTable                              
0     003fe660  _IQ24mpyRndSatTable                              
0     003fe66c  _IQ23mpyRndSatTable                              
0     003fe678  _IQ22mpyRndSatTable                              
0     003fe684  _IQ21mpyRndSatTable                              
0     003fe690  _IQ20mpyRndSatTable                              
0     003fe69c  _IQ19mpyRndSatTable                              
0     003fe6a8  _IQ18mpyRndSatTable                              
0     003fe6b4  _IQ17mpyRndSatTable                              
0     003fe6c0  _IQ16mpyRndSatTable                              
0     003fe6cc  _IQ15mpyRndSatTable                              
0     003fe6d8  _IQ14mpyRndSatTable                              
0     003fe6e4  _IQ13mpyRndSatTable                              
0     003fe6f0  _IQ12mpyRndSatTable                              
0     003fe6fc  _IQ11mpyRndSatTable                              
0     003fe708  _IQ10mpyRndSatTable                              
0     003fe714  _IQ9mpyRndSatTable                               
0     003fe720  _IQ8mpyRndSatTable                               
0     003fe72c  _IQ7mpyRndSatTable                               
0     003fe738  _IQ6mpyRndSatTable                               
0     003fe744  _IQ5mpyRndSatTable                               
0     003fe750  _IQ4mpyRndSatTable                               
0     003fe75c  _IQ3mpyRndSatTable                               
0     003fe768  _IQ2mpyRndSatTable                               
0     003fe774  _IQ1mpyRndSatTable                               
0     003fe780  _IQmpyRndSatTableEnd                             
1     00000050  __stack                                          
1     00000400  __STACK_END                                      
1     00008c00  _datalogBuff2                                    
1     00008f40  _datalogBuff1                                    
1     00009280  _datalogBuff3                                    
1     000095a0  _datalogHandle                                   
1     000095a2  _datalog                                         
1     000095ac  ___TI_enable_exit_profile_output                 
1     000095ae  ___TI_cleanup_ptr                                
1     000095b0  ___TI_dtors_ptr                                  
1     000095b6  __lock                                           
1     000095b8  __unlock                                         
1     000095bc  _cpu                                             
1     000095bd  _errno                                           
1     000095c0  _gCounter_txdone                                 
1     000095c1  _gCounter_millis                                 
1     000095c2  _gCounter_print                                  
1     000095c3  _qend_two                                        
1     000095c4  _Flag_Latch_softwareUpdate                       
1     000095c5  _inputLength                                     
1     000095c6  _gCounter_updateGlobals                          
1     000095c7  _qend                                            
1     000095c8  _qbegin                                          
1     000095c9  _gLEDcnt                                         
1     000095ca  _qbegin_two                                      
1     000095cc  _gFlux_pu_to_VpHz_sf                             
1     000095ce  _gFlux_pu_to_Wb_sf                               
1     000095d0  _bobby                                           
1     000095d2  _elapsedMillis                                   
1     000095d4  _controller_obj                                  
1     000095d6  _halHandle                                       
1     000095d8  _ctrlHandle                                      
1     000095da  _gTorque_Flux_Iq_pu_to_Nm_sf                     
1     000095dc  _gTorque_Ls_Id_Iq_pu_to_Nm_sf                    
1     000095de  _gMaxCurrentSlope                                
1     000095e0  _gPwmData                                        
1     000095e6  _gAdcData                                        
1     00009600  _inputStr                                        
1     00009640  _gDrvSpi8305Vars                                 
1     000096c0  _gMotorVars                                      
1     00009740  _gUserParams                                     
1     00009800  _queue                                           
1     00009900  _queue_two                                       
1     00009a00  _hal                                             
abs   000003b0  __STACK_SIZE                                     
abs   003f861b  _EST_getState                                    
abs   003f861d  _EST_useZeroIq_ref                               
abs   003f8679  _EST_isMotorIdentified                           
abs   003f8713  _EST_updateState                                 
abs   003f89f5  _EST_updateId_ref_pu                             
abs   003f8a18  _EST_setRs_pu                                    
abs   003f8adb  _EST_setMaxCurrentSlope_pu                       
abs   003f8ae7  _EST_setLs_q_pu                                  
abs   003f8af1  _EST_setLs_qFmt                                  
abs   003f8b45  _EST_setLs_d_pu                                  
abs   003f8b63  _EST_setIq_ref_pu                                
abs   003f8b67  _EST_setIdle_all                                 
abs   003f8b7a  _EST_setIdle                                     
abs   003f8b80  _EST_setId_ref_pu                                
abs   003f8bd3  _EST_setFlag_enableRsRecalc                      
abs   003f8bdb  _EST_setFlag_enableForceAngle                    
abs   003f8c0d  _EST_getAngle_pu                                 
abs   003f927b  _EST_run                                         
abs   003f9378  _EST_isOnLine                                    
abs   003f937f  _EST_isLockRotor                                 
abs   003f9386  _EST_isIdle                                      
abs   003f938d  _EST_isError                                     
abs   003f9453  _EST_get_pu_to_krpm_sf                           
abs   003f9458  _EST_get_krpm_to_pu_sf                           
abs   003f94c6  _EST_getSpeed_krpm                               
abs   003f9513  _EST_getRs_Ohm                                   
abs   003f95ad  _EST_getRr_Ohm                                   
abs   003f95b3  _EST_getOneOverDcBus_pu                          
abs   003f95bd  _EST_getMaxCurrentSlope_pu                       
abs   003f95c9  _EST_getLs_q_pu                                  
abs   003f95ce  _EST_getLs_q_H                                   
abs   003f95f0  _EST_getLs_d_pu                                  
abs   003f95f5  _EST_getLs_d_H                                   
abs   003f95ff  _EST_getLs_coarse_max_pu                         
abs   003f9632  _EST_getIdRated                                  
abs   003f968e  _EST_getFm_pu                                    
abs   003f96ab  _EST_getFlux_pu                                  
abs   003f96be  _EST_getFlux_VpHz                                
abs   003f9758  _EST_doSpeedCtrl                                 
abs   003f9760  _EST_doCurrentCtrl                               
abs   003f9806  _CTRL_setupTraj                                  
abs   003f996a  _CTRL_setupEstOnLineState                        
abs   003f99a5  _CTRL_setupEstIdleState                          
abs   003f9b43  _CTRL_setupCtrl                                  
abs   003f9d31  _CTRL_setUserMotorParams                         
abs   003f9e64  _CTRL_setEstParams                               
abs   003fa5d1  _CTRL_runTraj                                    
abs   003fa6fb  _CTRL_initCtrl                                   
abs   003fa721  _CTRL_getVersion                                 
abs   ffffffff  ___TI_pprof_out_hndl                             
abs   ffffffff  ___TI_prof_data_size                             
abs   ffffffff  ___TI_prof_data_start                            
abs   ffffffff  ___binit__                                       
abs   ffffffff  ___c_args__                                      
abs   ffffffff  ___pinit__                                       
abs   ffffffff  binit                                            
abs   ffffffff  pinit                                            

[788 symbols]
