<?xml version="1.0"?>
<link_info>
   <banner>TMS320C2000 Linker Unix v16.9.1.LTS</banner>
   <copyright>Copyright (c) 1996-2015 Texas Instruments Incorporated</copyright>
   <link_time>0x592f426e</link_time>
   <link_errors>0x0</link_errors>
   <output_file>proj_lab05a.out</output_file>
   <entry_point>
      <name>_c_int00</name>
      <address>0xb9a0</address>
   </entry_point>
   <input_file_list>
      <input_file id="fl-5">
         <path>./</path>
         <kind>object</kind>
         <file>CodeStartBranch.obj</file>
         <name>CodeStartBranch.obj</name>
      </input_file>
      <input_file id="fl-6">
         <path>./</path>
         <kind>object</kind>
         <file>adc.obj</file>
         <name>adc.obj</name>
      </input_file>
      <input_file id="fl-7">
         <path>./</path>
         <kind>object</kind>
         <file>clarke.obj</file>
         <name>clarke.obj</name>
      </input_file>
      <input_file id="fl-8">
         <path>./</path>
         <kind>object</kind>
         <file>clk.obj</file>
         <name>clk.obj</name>
      </input_file>
      <input_file id="fl-9">
         <path>./</path>
         <kind>object</kind>
         <file>cpu.obj</file>
         <name>cpu.obj</name>
      </input_file>
      <input_file id="fl-a">
         <path>./</path>
         <kind>object</kind>
         <file>ctrl.obj</file>
         <name>ctrl.obj</name>
      </input_file>
      <input_file id="fl-b">
         <path>./</path>
         <kind>object</kind>
         <file>datalog.obj</file>
         <name>datalog.obj</name>
      </input_file>
      <input_file id="fl-c">
         <path>./</path>
         <kind>object</kind>
         <file>drv8305.obj</file>
         <name>drv8305.obj</name>
      </input_file>
      <input_file id="fl-d">
         <path>./</path>
         <kind>object</kind>
         <file>filter_fo.obj</file>
         <name>filter_fo.obj</name>
      </input_file>
      <input_file id="fl-e">
         <path>./</path>
         <kind>object</kind>
         <file>flash.obj</file>
         <name>flash.obj</name>
      </input_file>
      <input_file id="fl-f">
         <path>./</path>
         <kind>object</kind>
         <file>gpio.obj</file>
         <name>gpio.obj</name>
      </input_file>
      <input_file id="fl-10">
         <path>./</path>
         <kind>object</kind>
         <file>hal.obj</file>
         <name>hal.obj</name>
      </input_file>
      <input_file id="fl-11">
         <path>./</path>
         <kind>object</kind>
         <file>ipark.obj</file>
         <name>ipark.obj</name>
      </input_file>
      <input_file id="fl-12">
         <path>./</path>
         <kind>object</kind>
         <file>offset.obj</file>
         <name>offset.obj</name>
      </input_file>
      <input_file id="fl-13">
         <path>./</path>
         <kind>object</kind>
         <file>osc.obj</file>
         <name>osc.obj</name>
      </input_file>
      <input_file id="fl-14">
         <path>./</path>
         <kind>object</kind>
         <file>park.obj</file>
         <name>park.obj</name>
      </input_file>
      <input_file id="fl-15">
         <path>./</path>
         <kind>object</kind>
         <file>pid.obj</file>
         <name>pid.obj</name>
      </input_file>
      <input_file id="fl-16">
         <path>./</path>
         <kind>object</kind>
         <file>pie.obj</file>
         <name>pie.obj</name>
      </input_file>
      <input_file id="fl-17">
         <path>./</path>
         <kind>object</kind>
         <file>pll.obj</file>
         <name>pll.obj</name>
      </input_file>
      <input_file id="fl-18">
         <path>./</path>
         <kind>object</kind>
         <file>proj_lab05a.obj</file>
         <name>proj_lab05a.obj</name>
      </input_file>
      <input_file id="fl-19">
         <path>./</path>
         <kind>object</kind>
         <file>pwm.obj</file>
         <name>pwm.obj</name>
      </input_file>
      <input_file id="fl-1a">
         <path>./</path>
         <kind>object</kind>
         <file>pwr.obj</file>
         <name>pwr.obj</name>
      </input_file>
      <input_file id="fl-1b">
         <path>./</path>
         <kind>object</kind>
         <file>sci.obj</file>
         <name>sci.obj</name>
      </input_file>
      <input_file id="fl-1c">
         <path>./</path>
         <kind>object</kind>
         <file>spi.obj</file>
         <name>spi.obj</name>
      </input_file>
      <input_file id="fl-1d">
         <path>./</path>
         <kind>object</kind>
         <file>svgen.obj</file>
         <name>svgen.obj</name>
      </input_file>
      <input_file id="fl-1e">
         <path>./</path>
         <kind>object</kind>
         <file>timer.obj</file>
         <name>timer.obj</name>
      </input_file>
      <input_file id="fl-1f">
         <path>./</path>
         <kind>object</kind>
         <file>traj.obj</file>
         <name>traj.obj</name>
      </input_file>
      <input_file id="fl-20">
         <path>./</path>
         <kind>object</kind>
         <file>uartstdio.obj</file>
         <name>uartstdio.obj</name>
      </input_file>
      <input_file id="fl-21">
         <path>./</path>
         <kind>object</kind>
         <file>usDelay.obj</file>
         <name>usDelay.obj</name>
      </input_file>
      <input_file id="fl-22">
         <path>./</path>
         <kind>object</kind>
         <file>user.obj</file>
         <name>user.obj</name>
      </input_file>
      <input_file id="fl-23">
         <path>./</path>
         <kind>object</kind>
         <file>wdog.obj</file>
         <name>wdog.obj</name>
      </input_file>
      <input_file id="fl-27">
         <path>/Applications/ti/ccsv7/tools/compiler/ti-cgt-c2000_16.9.1.LTS/lib/</path>
         <kind>archive</kind>
         <file>rts2800_ml.lib</file>
         <name>fd_mpy28.obj</name>
      </input_file>
      <input_file id="fl-28">
         <path>/Applications/ti/ccsv7/tools/compiler/ti-cgt-c2000_16.9.1.LTS/lib/</path>
         <kind>archive</kind>
         <file>rts2800_ml.lib</file>
         <name>fd_tol28.obj</name>
      </input_file>
      <input_file id="fl-29">
         <path>/Applications/ti/ccsv7/tools/compiler/ti-cgt-c2000_16.9.1.LTS/lib/</path>
         <kind>archive</kind>
         <file>rts2800_ml.lib</file>
         <name>fs_add28.obj</name>
      </input_file>
      <input_file id="fl-2a">
         <path>/Applications/ti/ccsv7/tools/compiler/ti-cgt-c2000_16.9.1.LTS/lib/</path>
         <kind>archive</kind>
         <file>rts2800_ml.lib</file>
         <name>fs_cmp28.obj</name>
      </input_file>
      <input_file id="fl-2b">
         <path>/Applications/ti/ccsv7/tools/compiler/ti-cgt-c2000_16.9.1.LTS/lib/</path>
         <kind>archive</kind>
         <file>rts2800_ml.lib</file>
         <name>fs_div28.obj</name>
      </input_file>
      <input_file id="fl-2c">
         <path>/Applications/ti/ccsv7/tools/compiler/ti-cgt-c2000_16.9.1.LTS/lib/</path>
         <kind>archive</kind>
         <file>rts2800_ml.lib</file>
         <name>fs_mpy28.obj</name>
      </input_file>
      <input_file id="fl-2d">
         <path>/Applications/ti/ccsv7/tools/compiler/ti-cgt-c2000_16.9.1.LTS/lib/</path>
         <kind>archive</kind>
         <file>rts2800_ml.lib</file>
         <name>fs_neg28.obj</name>
      </input_file>
      <input_file id="fl-2e">
         <path>/Applications/ti/ccsv7/tools/compiler/ti-cgt-c2000_16.9.1.LTS/lib/</path>
         <kind>archive</kind>
         <file>rts2800_ml.lib</file>
         <name>fs_tofd28.obj</name>
      </input_file>
      <input_file id="fl-2f">
         <path>/Applications/ti/ccsv7/tools/compiler/ti-cgt-c2000_16.9.1.LTS/lib/</path>
         <kind>archive</kind>
         <file>rts2800_ml.lib</file>
         <name>fs_toi28.obj</name>
      </input_file>
      <input_file id="fl-30">
         <path>/Applications/ti/ccsv7/tools/compiler/ti-cgt-c2000_16.9.1.LTS/lib/</path>
         <kind>archive</kind>
         <file>rts2800_ml.lib</file>
         <name>fs_tou28.obj</name>
      </input_file>
      <input_file id="fl-31">
         <path>/Applications/ti/ccsv7/tools/compiler/ti-cgt-c2000_16.9.1.LTS/lib/</path>
         <kind>archive</kind>
         <file>rts2800_ml.lib</file>
         <name>fs_toul28.obj</name>
      </input_file>
      <input_file id="fl-32">
         <path>/Applications/ti/ccsv7/tools/compiler/ti-cgt-c2000_16.9.1.LTS/lib/</path>
         <kind>archive</kind>
         <file>rts2800_ml.lib</file>
         <name>i_div28.obj</name>
      </input_file>
      <input_file id="fl-33">
         <path>/Applications/ti/ccsv7/tools/compiler/ti-cgt-c2000_16.9.1.LTS/lib/</path>
         <kind>archive</kind>
         <file>rts2800_ml.lib</file>
         <name>i_tofs28.obj</name>
      </input_file>
      <input_file id="fl-34">
         <path>/Applications/ti/ccsv7/tools/compiler/ti-cgt-c2000_16.9.1.LTS/lib/</path>
         <kind>archive</kind>
         <file>rts2800_ml.lib</file>
         <name>u_tofs28.obj</name>
      </input_file>
      <input_file id="fl-35">
         <path>/Applications/ti/ccsv7/tools/compiler/ti-cgt-c2000_16.9.1.LTS/lib/</path>
         <kind>archive</kind>
         <file>rts2800_ml.lib</file>
         <name>ul_tofs28.obj</name>
      </input_file>
      <input_file id="fl-36">
         <path>/Users/Kyle/ti/motorware/motorware_1_01_00_18/sw/modules/fast/lib/32b/f28x/f2806x/</path>
         <kind>archive</kind>
         <file>2806xRevB_FastSpinROMSymbols.lib</file>
         <name>TMS320x2806x_REVB_boot_rom_out__CTRL_getVersion_tmp.obj</name>
      </input_file>
      <input_file id="fl-37">
         <path>/Users/Kyle/ti/motorware/motorware_1_01_00_18/sw/modules/fast/lib/32b/f28x/f2806x/</path>
         <kind>archive</kind>
         <file>2806xRevB_FastSpinROMSymbols.lib</file>
         <name>TMS320x2806x_REVB_boot_rom_out__CTRL_initCtrl_tmp.obj</name>
      </input_file>
      <input_file id="fl-38">
         <path>/Users/Kyle/ti/motorware/motorware_1_01_00_18/sw/modules/fast/lib/32b/f28x/f2806x/</path>
         <kind>archive</kind>
         <file>2806xRevB_FastSpinROMSymbols.lib</file>
         <name>TMS320x2806x_REVB_boot_rom_out__CTRL_runTraj_tmp.obj</name>
      </input_file>
      <input_file id="fl-39">
         <path>/Users/Kyle/ti/motorware/motorware_1_01_00_18/sw/modules/fast/lib/32b/f28x/f2806x/</path>
         <kind>archive</kind>
         <file>2806xRevB_FastSpinROMSymbols.lib</file>
         <name>TMS320x2806x_REVB_boot_rom_out__CTRL_setEstParams_tmp.obj</name>
      </input_file>
      <input_file id="fl-3a">
         <path>/Users/Kyle/ti/motorware/motorware_1_01_00_18/sw/modules/fast/lib/32b/f28x/f2806x/</path>
         <kind>archive</kind>
         <file>2806xRevB_FastSpinROMSymbols.lib</file>
         <name>TMS320x2806x_REVB_boot_rom_out__CTRL_setUserMotorParams_tmp.obj</name>
      </input_file>
      <input_file id="fl-3b">
         <path>/Users/Kyle/ti/motorware/motorware_1_01_00_18/sw/modules/fast/lib/32b/f28x/f2806x/</path>
         <kind>archive</kind>
         <file>2806xRevB_FastSpinROMSymbols.lib</file>
         <name>TMS320x2806x_REVB_boot_rom_out__CTRL_setupCtrl_tmp.obj</name>
      </input_file>
      <input_file id="fl-3c">
         <path>/Users/Kyle/ti/motorware/motorware_1_01_00_18/sw/modules/fast/lib/32b/f28x/f2806x/</path>
         <kind>archive</kind>
         <file>2806xRevB_FastSpinROMSymbols.lib</file>
         <name>TMS320x2806x_REVB_boot_rom_out__CTRL_setupEstIdleState_tmp.obj</name>
      </input_file>
      <input_file id="fl-3d">
         <path>/Users/Kyle/ti/motorware/motorware_1_01_00_18/sw/modules/fast/lib/32b/f28x/f2806x/</path>
         <kind>archive</kind>
         <file>2806xRevB_FastSpinROMSymbols.lib</file>
         <name>TMS320x2806x_REVB_boot_rom_out__CTRL_setupEstOnLineState_tmp.obj</name>
      </input_file>
      <input_file id="fl-3e">
         <path>/Users/Kyle/ti/motorware/motorware_1_01_00_18/sw/modules/fast/lib/32b/f28x/f2806x/</path>
         <kind>archive</kind>
         <file>2806xRevB_FastSpinROMSymbols.lib</file>
         <name>TMS320x2806x_REVB_boot_rom_out__CTRL_setupTraj_tmp.obj</name>
      </input_file>
      <input_file id="fl-3f">
         <path>/Users/Kyle/ti/motorware/motorware_1_01_00_18/sw/modules/fast/lib/32b/f28x/f2806x/</path>
         <kind>archive</kind>
         <file>2806xRevB_FastSpinROMSymbols.lib</file>
         <name>TMS320x2806x_REVB_boot_rom_out__EST_doCurrentCtrl_tmp.obj</name>
      </input_file>
      <input_file id="fl-40">
         <path>/Users/Kyle/ti/motorware/motorware_1_01_00_18/sw/modules/fast/lib/32b/f28x/f2806x/</path>
         <kind>archive</kind>
         <file>2806xRevB_FastSpinROMSymbols.lib</file>
         <name>TMS320x2806x_REVB_boot_rom_out__EST_doSpeedCtrl_tmp.obj</name>
      </input_file>
      <input_file id="fl-41">
         <path>/Users/Kyle/ti/motorware/motorware_1_01_00_18/sw/modules/fast/lib/32b/f28x/f2806x/</path>
         <kind>archive</kind>
         <file>2806xRevB_FastSpinROMSymbols.lib</file>
         <name>TMS320x2806x_REVB_boot_rom_out__EST_getAngle_pu_tmp.obj</name>
      </input_file>
      <input_file id="fl-42">
         <path>/Users/Kyle/ti/motorware/motorware_1_01_00_18/sw/modules/fast/lib/32b/f28x/f2806x/</path>
         <kind>archive</kind>
         <file>2806xRevB_FastSpinROMSymbols.lib</file>
         <name>TMS320x2806x_REVB_boot_rom_out__EST_getFlux_VpHz_tmp.obj</name>
      </input_file>
      <input_file id="fl-43">
         <path>/Users/Kyle/ti/motorware/motorware_1_01_00_18/sw/modules/fast/lib/32b/f28x/f2806x/</path>
         <kind>archive</kind>
         <file>2806xRevB_FastSpinROMSymbols.lib</file>
         <name>TMS320x2806x_REVB_boot_rom_out__EST_getFlux_pu_tmp.obj</name>
      </input_file>
      <input_file id="fl-44">
         <path>/Users/Kyle/ti/motorware/motorware_1_01_00_18/sw/modules/fast/lib/32b/f28x/f2806x/</path>
         <kind>archive</kind>
         <file>2806xRevB_FastSpinROMSymbols.lib</file>
         <name>TMS320x2806x_REVB_boot_rom_out__EST_getFm_pu_tmp.obj</name>
      </input_file>
      <input_file id="fl-45">
         <path>/Users/Kyle/ti/motorware/motorware_1_01_00_18/sw/modules/fast/lib/32b/f28x/f2806x/</path>
         <kind>archive</kind>
         <file>2806xRevB_FastSpinROMSymbols.lib</file>
         <name>TMS320x2806x_REVB_boot_rom_out__EST_getIdRated_tmp.obj</name>
      </input_file>
      <input_file id="fl-46">
         <path>/Users/Kyle/ti/motorware/motorware_1_01_00_18/sw/modules/fast/lib/32b/f28x/f2806x/</path>
         <kind>archive</kind>
         <file>2806xRevB_FastSpinROMSymbols.lib</file>
         <name>TMS320x2806x_REVB_boot_rom_out__EST_getLs_coarse_max_pu_tmp.obj</name>
      </input_file>
      <input_file id="fl-47">
         <path>/Users/Kyle/ti/motorware/motorware_1_01_00_18/sw/modules/fast/lib/32b/f28x/f2806x/</path>
         <kind>archive</kind>
         <file>2806xRevB_FastSpinROMSymbols.lib</file>
         <name>TMS320x2806x_REVB_boot_rom_out__EST_getLs_d_H_tmp.obj</name>
      </input_file>
      <input_file id="fl-48">
         <path>/Users/Kyle/ti/motorware/motorware_1_01_00_18/sw/modules/fast/lib/32b/f28x/f2806x/</path>
         <kind>archive</kind>
         <file>2806xRevB_FastSpinROMSymbols.lib</file>
         <name>TMS320x2806x_REVB_boot_rom_out__EST_getLs_d_pu_tmp.obj</name>
      </input_file>
      <input_file id="fl-49">
         <path>/Users/Kyle/ti/motorware/motorware_1_01_00_18/sw/modules/fast/lib/32b/f28x/f2806x/</path>
         <kind>archive</kind>
         <file>2806xRevB_FastSpinROMSymbols.lib</file>
         <name>TMS320x2806x_REVB_boot_rom_out__EST_getLs_q_H_tmp.obj</name>
      </input_file>
      <input_file id="fl-4a">
         <path>/Users/Kyle/ti/motorware/motorware_1_01_00_18/sw/modules/fast/lib/32b/f28x/f2806x/</path>
         <kind>archive</kind>
         <file>2806xRevB_FastSpinROMSymbols.lib</file>
         <name>TMS320x2806x_REVB_boot_rom_out__EST_getLs_q_pu_tmp.obj</name>
      </input_file>
      <input_file id="fl-4b">
         <path>/Users/Kyle/ti/motorware/motorware_1_01_00_18/sw/modules/fast/lib/32b/f28x/f2806x/</path>
         <kind>archive</kind>
         <file>2806xRevB_FastSpinROMSymbols.lib</file>
         <name>TMS320x2806x_REVB_boot_rom_out__EST_getMaxCurrentSlope_pu_tmp.obj</name>
      </input_file>
      <input_file id="fl-4c">
         <path>/Users/Kyle/ti/motorware/motorware_1_01_00_18/sw/modules/fast/lib/32b/f28x/f2806x/</path>
         <kind>archive</kind>
         <file>2806xRevB_FastSpinROMSymbols.lib</file>
         <name>TMS320x2806x_REVB_boot_rom_out__EST_getOneOverDcBus_pu_tmp.obj</name>
      </input_file>
      <input_file id="fl-4d">
         <path>/Users/Kyle/ti/motorware/motorware_1_01_00_18/sw/modules/fast/lib/32b/f28x/f2806x/</path>
         <kind>archive</kind>
         <file>2806xRevB_FastSpinROMSymbols.lib</file>
         <name>TMS320x2806x_REVB_boot_rom_out__EST_getRr_Ohm_tmp.obj</name>
      </input_file>
      <input_file id="fl-4e">
         <path>/Users/Kyle/ti/motorware/motorware_1_01_00_18/sw/modules/fast/lib/32b/f28x/f2806x/</path>
         <kind>archive</kind>
         <file>2806xRevB_FastSpinROMSymbols.lib</file>
         <name>TMS320x2806x_REVB_boot_rom_out__EST_getRs_Ohm_tmp.obj</name>
      </input_file>
      <input_file id="fl-4f">
         <path>/Users/Kyle/ti/motorware/motorware_1_01_00_18/sw/modules/fast/lib/32b/f28x/f2806x/</path>
         <kind>archive</kind>
         <file>2806xRevB_FastSpinROMSymbols.lib</file>
         <name>TMS320x2806x_REVB_boot_rom_out__EST_getSpeed_krpm_tmp.obj</name>
      </input_file>
      <input_file id="fl-50">
         <path>/Users/Kyle/ti/motorware/motorware_1_01_00_18/sw/modules/fast/lib/32b/f28x/f2806x/</path>
         <kind>archive</kind>
         <file>2806xRevB_FastSpinROMSymbols.lib</file>
         <name>TMS320x2806x_REVB_boot_rom_out__EST_getState_tmp.obj</name>
      </input_file>
      <input_file id="fl-51">
         <path>/Users/Kyle/ti/motorware/motorware_1_01_00_18/sw/modules/fast/lib/32b/f28x/f2806x/</path>
         <kind>archive</kind>
         <file>2806xRevB_FastSpinROMSymbols.lib</file>
         <name>TMS320x2806x_REVB_boot_rom_out__EST_get_krpm_to_pu_sf_tmp.obj</name>
      </input_file>
      <input_file id="fl-52">
         <path>/Users/Kyle/ti/motorware/motorware_1_01_00_18/sw/modules/fast/lib/32b/f28x/f2806x/</path>
         <kind>archive</kind>
         <file>2806xRevB_FastSpinROMSymbols.lib</file>
         <name>TMS320x2806x_REVB_boot_rom_out__EST_get_pu_to_krpm_sf_tmp.obj</name>
      </input_file>
      <input_file id="fl-53">
         <path>/Users/Kyle/ti/motorware/motorware_1_01_00_18/sw/modules/fast/lib/32b/f28x/f2806x/</path>
         <kind>archive</kind>
         <file>2806xRevB_FastSpinROMSymbols.lib</file>
         <name>TMS320x2806x_REVB_boot_rom_out__EST_isError_tmp.obj</name>
      </input_file>
      <input_file id="fl-54">
         <path>/Users/Kyle/ti/motorware/motorware_1_01_00_18/sw/modules/fast/lib/32b/f28x/f2806x/</path>
         <kind>archive</kind>
         <file>2806xRevB_FastSpinROMSymbols.lib</file>
         <name>TMS320x2806x_REVB_boot_rom_out__EST_isIdle_tmp.obj</name>
      </input_file>
      <input_file id="fl-55">
         <path>/Users/Kyle/ti/motorware/motorware_1_01_00_18/sw/modules/fast/lib/32b/f28x/f2806x/</path>
         <kind>archive</kind>
         <file>2806xRevB_FastSpinROMSymbols.lib</file>
         <name>TMS320x2806x_REVB_boot_rom_out__EST_isLockRotor_tmp.obj</name>
      </input_file>
      <input_file id="fl-56">
         <path>/Users/Kyle/ti/motorware/motorware_1_01_00_18/sw/modules/fast/lib/32b/f28x/f2806x/</path>
         <kind>archive</kind>
         <file>2806xRevB_FastSpinROMSymbols.lib</file>
         <name>TMS320x2806x_REVB_boot_rom_out__EST_isMotorIdentified_tmp.obj</name>
      </input_file>
      <input_file id="fl-57">
         <path>/Users/Kyle/ti/motorware/motorware_1_01_00_18/sw/modules/fast/lib/32b/f28x/f2806x/</path>
         <kind>archive</kind>
         <file>2806xRevB_FastSpinROMSymbols.lib</file>
         <name>TMS320x2806x_REVB_boot_rom_out__EST_isOnLine_tmp.obj</name>
      </input_file>
      <input_file id="fl-58">
         <path>/Users/Kyle/ti/motorware/motorware_1_01_00_18/sw/modules/fast/lib/32b/f28x/f2806x/</path>
         <kind>archive</kind>
         <file>2806xRevB_FastSpinROMSymbols.lib</file>
         <name>TMS320x2806x_REVB_boot_rom_out__EST_run_tmp.obj</name>
      </input_file>
      <input_file id="fl-59">
         <path>/Users/Kyle/ti/motorware/motorware_1_01_00_18/sw/modules/fast/lib/32b/f28x/f2806x/</path>
         <kind>archive</kind>
         <file>2806xRevB_FastSpinROMSymbols.lib</file>
         <name>TMS320x2806x_REVB_boot_rom_out__EST_setFlag_enableForceAngle_tmp.obj</name>
      </input_file>
      <input_file id="fl-5a">
         <path>/Users/Kyle/ti/motorware/motorware_1_01_00_18/sw/modules/fast/lib/32b/f28x/f2806x/</path>
         <kind>archive</kind>
         <file>2806xRevB_FastSpinROMSymbols.lib</file>
         <name>TMS320x2806x_REVB_boot_rom_out__EST_setFlag_enableRsRecalc_tmp.obj</name>
      </input_file>
      <input_file id="fl-5b">
         <path>/Users/Kyle/ti/motorware/motorware_1_01_00_18/sw/modules/fast/lib/32b/f28x/f2806x/</path>
         <kind>archive</kind>
         <file>2806xRevB_FastSpinROMSymbols.lib</file>
         <name>TMS320x2806x_REVB_boot_rom_out__EST_setId_ref_pu_tmp.obj</name>
      </input_file>
      <input_file id="fl-5c">
         <path>/Users/Kyle/ti/motorware/motorware_1_01_00_18/sw/modules/fast/lib/32b/f28x/f2806x/</path>
         <kind>archive</kind>
         <file>2806xRevB_FastSpinROMSymbols.lib</file>
         <name>TMS320x2806x_REVB_boot_rom_out__EST_setIdle_tmp.obj</name>
      </input_file>
      <input_file id="fl-5d">
         <path>/Users/Kyle/ti/motorware/motorware_1_01_00_18/sw/modules/fast/lib/32b/f28x/f2806x/</path>
         <kind>archive</kind>
         <file>2806xRevB_FastSpinROMSymbols.lib</file>
         <name>TMS320x2806x_REVB_boot_rom_out__EST_setIdle_all_tmp.obj</name>
      </input_file>
      <input_file id="fl-5e">
         <path>/Users/Kyle/ti/motorware/motorware_1_01_00_18/sw/modules/fast/lib/32b/f28x/f2806x/</path>
         <kind>archive</kind>
         <file>2806xRevB_FastSpinROMSymbols.lib</file>
         <name>TMS320x2806x_REVB_boot_rom_out__EST_setIq_ref_pu_tmp.obj</name>
      </input_file>
      <input_file id="fl-5f">
         <path>/Users/Kyle/ti/motorware/motorware_1_01_00_18/sw/modules/fast/lib/32b/f28x/f2806x/</path>
         <kind>archive</kind>
         <file>2806xRevB_FastSpinROMSymbols.lib</file>
         <name>TMS320x2806x_REVB_boot_rom_out__EST_setLs_d_pu_tmp.obj</name>
      </input_file>
      <input_file id="fl-60">
         <path>/Users/Kyle/ti/motorware/motorware_1_01_00_18/sw/modules/fast/lib/32b/f28x/f2806x/</path>
         <kind>archive</kind>
         <file>2806xRevB_FastSpinROMSymbols.lib</file>
         <name>TMS320x2806x_REVB_boot_rom_out__EST_setLs_qFmt_tmp.obj</name>
      </input_file>
      <input_file id="fl-61">
         <path>/Users/Kyle/ti/motorware/motorware_1_01_00_18/sw/modules/fast/lib/32b/f28x/f2806x/</path>
         <kind>archive</kind>
         <file>2806xRevB_FastSpinROMSymbols.lib</file>
         <name>TMS320x2806x_REVB_boot_rom_out__EST_setLs_q_pu_tmp.obj</name>
      </input_file>
      <input_file id="fl-62">
         <path>/Users/Kyle/ti/motorware/motorware_1_01_00_18/sw/modules/fast/lib/32b/f28x/f2806x/</path>
         <kind>archive</kind>
         <file>2806xRevB_FastSpinROMSymbols.lib</file>
         <name>TMS320x2806x_REVB_boot_rom_out__EST_setMaxCurrentSlope_pu_tmp.obj</name>
      </input_file>
      <input_file id="fl-63">
         <path>/Users/Kyle/ti/motorware/motorware_1_01_00_18/sw/modules/fast/lib/32b/f28x/f2806x/</path>
         <kind>archive</kind>
         <file>2806xRevB_FastSpinROMSymbols.lib</file>
         <name>TMS320x2806x_REVB_boot_rom_out__EST_setRs_pu_tmp.obj</name>
      </input_file>
      <input_file id="fl-64">
         <path>/Users/Kyle/ti/motorware/motorware_1_01_00_18/sw/modules/fast/lib/32b/f28x/f2806x/</path>
         <kind>archive</kind>
         <file>2806xRevB_FastSpinROMSymbols.lib</file>
         <name>TMS320x2806x_REVB_boot_rom_out__EST_updateId_ref_pu_tmp.obj</name>
      </input_file>
      <input_file id="fl-65">
         <path>/Users/Kyle/ti/motorware/motorware_1_01_00_18/sw/modules/fast/lib/32b/f28x/f2806x/</path>
         <kind>archive</kind>
         <file>2806xRevB_FastSpinROMSymbols.lib</file>
         <name>TMS320x2806x_REVB_boot_rom_out__EST_updateState_tmp.obj</name>
      </input_file>
      <input_file id="fl-66">
         <path>/Users/Kyle/ti/motorware/motorware_1_01_00_18/sw/modules/fast/lib/32b/f28x/f2806x/</path>
         <kind>archive</kind>
         <file>2806xRevB_FastSpinROMSymbols.lib</file>
         <name>TMS320x2806x_REVB_boot_rom_out__EST_useZeroIq_ref_tmp.obj</name>
      </input_file>
      <input_file id="fl-67">
         <path>/Users/Kyle/ti/motorware/motorware_1_01_00_18/sw/modules/iqmath/lib/f28x/32b/</path>
         <kind>archive</kind>
         <file>IQmath.lib</file>
         <name>IQ24cosPU.obj</name>
      </input_file>
      <input_file id="fl-68">
         <path>/Users/Kyle/ti/motorware/motorware_1_01_00_18/sw/modules/iqmath/lib/f28x/32b/</path>
         <kind>archive</kind>
         <file>IQmath.lib</file>
         <name>IQmathTables.obj</name>
      </input_file>
      <input_file id="fl-69">
         <path>/Users/Kyle/ti/motorware/motorware_1_01_00_18/sw/modules/iqmath/lib/f28x/32b/</path>
         <kind>archive</kind>
         <file>IQmath.lib</file>
         <name>IQ24sinPU.obj</name>
      </input_file>
      <input_file id="fl-6a">
         <path>/Users/Kyle/ti/motorware/motorware_1_01_00_18/sw/modules/iqmath/lib/f28x/32b/</path>
         <kind>archive</kind>
         <file>IQmath.lib</file>
         <name>IQ24sqrt.obj</name>
      </input_file>
      <input_file id="fl-6b">
         <path>/Users/Kyle/ti/motorware/motorware_1_01_00_18/sw/modules/iqmath/lib/f28x/32b/</path>
         <kind>archive</kind>
         <file>IQmath.lib</file>
         <name>IQ30toF.obj</name>
      </input_file>
      <input_file id="fl-6c">
         <path>/Users/Kyle/ti/motorware/motorware_1_01_00_18/sw/modules/iqmath/lib/f28x/32b/</path>
         <kind>archive</kind>
         <file>IQmath.lib</file>
         <name>IQNtoa.obj</name>
      </input_file>
      <input_file id="fl-6d">
         <path>/Applications/ti/ccsv7/tools/compiler/ti-cgt-c2000_16.9.1.LTS/lib/</path>
         <kind>archive</kind>
         <file>rts2800_ml.lib</file>
         <name>l_div28.obj</name>
      </input_file>
      <input_file id="fl-6e">
         <path>/Users/Kyle/ti/motorware/motorware_1_01_00_18/sw/modules/iqmath/lib/f28x/32b/</path>
         <kind>archive</kind>
         <file>IQmath.lib</file>
         <name>iqntoa_get_frac_c.obj</name>
      </input_file>
      <input_file id="fl-6f">
         <path>/Users/Kyle/ti/motorware/motorware_1_01_00_18/sw/modules/iqmath/lib/f28x/32b/</path>
         <kind>archive</kind>
         <file>IQmath.lib</file>
         <name>atoIQN.obj</name>
      </input_file>
      <input_file id="fl-70">
         <path>/Applications/ti/ccsv7/tools/compiler/ti-cgt-c2000_16.9.1.LTS/lib/</path>
         <kind>archive</kind>
         <file>rts2800_ml.lib</file>
         <name>boot28.obj</name>
      </input_file>
      <input_file id="fl-71">
         <path>/Applications/ti/ccsv7/tools/compiler/ti-cgt-c2000_16.9.1.LTS/lib/</path>
         <kind>archive</kind>
         <file>rts2800_ml.lib</file>
         <name>args_main.obj</name>
      </input_file>
      <input_file id="fl-72">
         <path>/Applications/ti/ccsv7/tools/compiler/ti-cgt-c2000_16.9.1.LTS/lib/</path>
         <kind>archive</kind>
         <file>rts2800_ml.lib</file>
         <name>startup.obj</name>
      </input_file>
      <input_file id="fl-73">
         <path>/Applications/ti/ccsv7/tools/compiler/ti-cgt-c2000_16.9.1.LTS/lib/</path>
         <kind>archive</kind>
         <file>rts2800_ml.lib</file>
         <name>pre_init.obj</name>
      </input_file>
      <input_file id="fl-74">
         <path>/Applications/ti/ccsv7/tools/compiler/ti-cgt-c2000_16.9.1.LTS/lib/</path>
         <kind>archive</kind>
         <file>rts2800_ml.lib</file>
         <name>s_ceilf.obj</name>
      </input_file>
      <input_file id="fl-75">
         <path>/Applications/ti/ccsv7/tools/compiler/ti-cgt-c2000_16.9.1.LTS/lib/</path>
         <kind>archive</kind>
         <file>rts2800_ml.lib</file>
         <name>cpy_tbl.obj</name>
      </input_file>
      <input_file id="fl-76">
         <path>/Applications/ti/ccsv7/tools/compiler/ti-cgt-c2000_16.9.1.LTS/lib/</path>
         <kind>archive</kind>
         <file>rts2800_ml.lib</file>
         <name>exit.obj</name>
      </input_file>
      <input_file id="fl-77">
         <path>/Applications/ti/ccsv7/tools/compiler/ti-cgt-c2000_16.9.1.LTS/lib/</path>
         <kind>archive</kind>
         <file>rts2800_ml.lib</file>
         <name>_lock.obj</name>
      </input_file>
      <input_file id="fl-78">
         <path>/Applications/ti/ccsv7/tools/compiler/ti-cgt-c2000_16.9.1.LTS/lib/</path>
         <kind>archive</kind>
         <file>rts2800_ml.lib</file>
         <name>e_logf.obj</name>
      </input_file>
      <input_file id="fl-79">
         <path>/Applications/ti/ccsv7/tools/compiler/ti-cgt-c2000_16.9.1.LTS/lib/</path>
         <kind>archive</kind>
         <file>rts2800_ml.lib</file>
         <name>l_tofs28.obj</name>
      </input_file>
      <input_file id="fl-7a">
         <path>/Applications/ti/ccsv7/tools/compiler/ti-cgt-c2000_16.9.1.LTS/lib/</path>
         <kind>archive</kind>
         <file>rts2800_ml.lib</file>
         <name>errno.obj</name>
      </input_file>
      <input_file id="fl-7b">
         <path>/Applications/ti/ccsv7/tools/compiler/ti-cgt-c2000_16.9.1.LTS/lib/</path>
         <kind>archive</kind>
         <file>rts2800_ml.lib</file>
         <name>memcpy.obj</name>
      </input_file>
      <input_file id="fl-7c">
         <path>/Applications/ti/ccsv7/tools/compiler/ti-cgt-c2000_16.9.1.LTS/lib/</path>
         <kind>archive</kind>
         <file>rts2800_ml.lib</file>
         <name>e_powf.obj</name>
      </input_file>
      <input_file id="fl-7d">
         <path>/Applications/ti/ccsv7/tools/compiler/ti-cgt-c2000_16.9.1.LTS/lib/</path>
         <kind>archive</kind>
         <file>rts2800_ml.lib</file>
         <name>s_scalbnf.obj</name>
      </input_file>
      <input_file id="fl-7e">
         <path>/Applications/ti/ccsv7/tools/compiler/ti-cgt-c2000_16.9.1.LTS/lib/</path>
         <kind>archive</kind>
         <file>rts2800_ml.lib</file>
         <name>s_copysignf.obj</name>
      </input_file>
      <input_file id="fl-7f">
         <path>/Applications/ti/ccsv7/tools/compiler/ti-cgt-c2000_16.9.1.LTS/lib/</path>
         <kind>archive</kind>
         <file>rts2800_ml.lib</file>
         <name>e_sqrtf.obj</name>
      </input_file>
      <input_file id="fl-80">
         <path>/Applications/ti/ccsv7/tools/compiler/ti-cgt-c2000_16.9.1.LTS/lib/</path>
         <kind>archive</kind>
         <file>rts2800_ml.lib</file>
         <name>strcat.obj</name>
      </input_file>
   </input_file_list>
   <object_component_list>
      <object_component id="oc-47">
         <name>codestart</name>
         <load_address>0x0</load_address>
         <run_address>0x0</run_address>
         <size>0x2</size>
         <input_file_ref idref="fl-5"/>
      </object_component>
      <object_component id="oc-1ca">
         <name>ramfuncs</name>
         <load_address>0x14f</load_address>
         <run_address>0x14f</run_address>
         <size>0x32</size>
         <input_file_ref idref="fl-e"/>
      </object_component>
      <object_component id="oc-e5">
         <name>ramfuncs</name>
         <load_address>0x181</load_address>
         <run_address>0x181</run_address>
         <size>0x4</size>
         <input_file_ref idref="fl-21"/>
      </object_component>
      <object_component id="oc-1b7">
         <name>.text</name>
         <load_address>0x8000</load_address>
         <run_address>0x8000</run_address>
         <size>0xb5c</size>
         <input_file_ref idref="fl-10"/>
      </object_component>
      <object_component id="oc-1b1">
         <name>.text</name>
         <load_address>0x8b5c</load_address>
         <run_address>0x8b5c</run_address>
         <size>0x98f</size>
         <input_file_ref idref="fl-a"/>
      </object_component>
      <object_component id="oc-1c3">
         <name>.text</name>
         <load_address>0x94eb</load_address>
         <run_address>0x94eb</run_address>
         <size>0x77d</size>
         <input_file_ref idref="fl-c"/>
      </object_component>
      <object_component id="oc-1b6">
         <name>.text</name>
         <load_address>0x9c68</load_address>
         <run_address>0x9c68</run_address>
         <size>0x42e</size>
         <input_file_ref idref="fl-22"/>
      </object_component>
      <object_component id="oc-1c2">
         <name>.text</name>
         <load_address>0xa096</load_address>
         <run_address>0xa096</run_address>
         <size>0x41f</size>
         <input_file_ref idref="fl-7c"/>
      </object_component>
      <object_component id="oc-1ae">
         <name>.text</name>
         <load_address>0xa4b5</load_address>
         <run_address>0xa4b5</run_address>
         <size>0x3d7</size>
         <input_file_ref idref="fl-18"/>
      </object_component>
      <object_component id="oc-1c7">
         <name>.text</name>
         <load_address>0xa88c</load_address>
         <run_address>0xa88c</run_address>
         <size>0x2f7</size>
         <input_file_ref idref="fl-19"/>
      </object_component>
      <object_component id="oc-1cb">
         <name>.text</name>
         <load_address>0xab83</load_address>
         <run_address>0xab83</run_address>
         <size>0x1f8</size>
         <input_file_ref idref="fl-6"/>
      </object_component>
      <object_component id="oc-1c6">
         <name>.text</name>
         <load_address>0xad7b</load_address>
         <run_address>0xad7b</run_address>
         <size>0x18a</size>
         <input_file_ref idref="fl-8"/>
      </object_component>
      <object_component id="oc-b3">
         <name>.text:retain</name>
         <load_address>0xaf05</load_address>
         <run_address>0xaf05</run_address>
         <size>0x18a</size>
         <input_file_ref idref="fl-18"/>
      </object_component>
      <object_component id="oc-1c0">
         <name>.text</name>
         <load_address>0xb08f</load_address>
         <run_address>0xb08f</run_address>
         <size>0x186</size>
         <input_file_ref idref="fl-78"/>
      </object_component>
      <object_component id="oc-1b0">
         <name>.text</name>
         <load_address>0xb215</load_address>
         <run_address>0xb215</run_address>
         <size>0x175</size>
         <input_file_ref idref="fl-f"/>
      </object_component>
      <object_component id="oc-1c9">
         <name>.text</name>
         <load_address>0xb38a</load_address>
         <run_address>0xb38a</run_address>
         <size>0xff</size>
         <input_file_ref idref="fl-16"/>
      </object_component>
      <object_component id="oc-1af">
         <name>.text</name>
         <load_address>0xb489</load_address>
         <run_address>0xb489</run_address>
         <size>0xf3</size>
         <input_file_ref idref="fl-1b"/>
      </object_component>
      <object_component id="oc-1c5">
         <name>.text</name>
         <load_address>0xb57c</load_address>
         <run_address>0xb57c</run_address>
         <size>0xa9</size>
         <input_file_ref idref="fl-1c"/>
      </object_component>
      <object_component id="oc-f5">
         <name>.text</name>
         <load_address>0xb625</load_address>
         <run_address>0xb625</run_address>
         <size>0x83</size>
         <input_file_ref idref="fl-27"/>
      </object_component>
      <object_component id="oc-109">
         <name>.text</name>
         <load_address>0xb6a8</load_address>
         <run_address>0xb6a8</run_address>
         <size>0x83</size>
         <input_file_ref idref="fl-2b"/>
      </object_component>
      <object_component id="oc-ff">
         <name>.text</name>
         <load_address>0xb72b</load_address>
         <run_address>0xb72b</run_address>
         <size>0x78</size>
         <input_file_ref idref="fl-29"/>
      </object_component>
      <object_component id="oc-1d3">
         <name>.text</name>
         <load_address>0xb7a3</load_address>
         <run_address>0xb7a3</run_address>
         <size>0x76</size>
         <input_file_ref idref="fl-7f"/>
      </object_component>
      <object_component id="oc-1c1">
         <name>.text</name>
         <load_address>0xb819</load_address>
         <run_address>0xb819</run_address>
         <size>0x69</size>
         <input_file_ref idref="fl-74"/>
      </object_component>
      <object_component id="oc-1d7">
         <name>.text</name>
         <load_address>0xb882</load_address>
         <run_address>0xb882</run_address>
         <size>0x69</size>
         <input_file_ref idref="fl-7d"/>
      </object_component>
      <object_component id="oc-1c8">
         <name>.text</name>
         <load_address>0xb8eb</load_address>
         <run_address>0xb8eb</run_address>
         <size>0x5b</size>
         <input_file_ref idref="fl-17"/>
      </object_component>
      <object_component id="oc-10e">
         <name>.text</name>
         <load_address>0xb946</load_address>
         <run_address>0xb946</run_address>
         <size>0x5a</size>
         <input_file_ref idref="fl-2c"/>
      </object_component>
      <object_component id="oc-14">
         <name>.text</name>
         <load_address>0xb9a0</load_address>
         <run_address>0xb9a0</run_address>
         <size>0x54</size>
         <input_file_ref idref="fl-70"/>
      </object_component>
      <object_component id="oc-1cd">
         <name>.text</name>
         <load_address>0xb9f4</load_address>
         <run_address>0xb9f4</run_address>
         <size>0x47</size>
         <input_file_ref idref="fl-12"/>
      </object_component>
      <object_component id="oc-1cf">
         <name>.text</name>
         <load_address>0xba3b</load_address>
         <run_address>0xba3b</run_address>
         <size>0x46</size>
         <input_file_ref idref="fl-23"/>
      </object_component>
      <object_component id="oc-1d1">
         <name>.text</name>
         <load_address>0xba81</load_address>
         <run_address>0xba81</run_address>
         <size>0x44</size>
         <input_file_ref idref="fl-1a"/>
      </object_component>
      <object_component id="oc-1c4">
         <name>.text</name>
         <load_address>0xbac5</load_address>
         <run_address>0xbac5</run_address>
         <size>0x32</size>
         <input_file_ref idref="fl-1e"/>
      </object_component>
      <object_component id="oc-1cc">
         <name>.text</name>
         <load_address>0xbaf7</load_address>
         <run_address>0xbaf7</run_address>
         <size>0x2d</size>
         <input_file_ref idref="fl-13"/>
      </object_component>
      <object_component id="oc-146">
         <name>.text</name>
         <load_address>0xbb24</load_address>
         <run_address>0xbb24</run_address>
         <size>0x2a</size>
         <input_file_ref idref="fl-6d"/>
      </object_component>
      <object_component id="oc-1ad">
         <name>.text</name>
         <load_address>0xbb4e</load_address>
         <run_address>0xbb4e</run_address>
         <size>0x29</size>
         <input_file_ref idref="fl-76"/>
      </object_component>
      <object_component id="oc-1ce">
         <name>.text</name>
         <load_address>0xbb77</load_address>
         <run_address>0xbb77</run_address>
         <size>0x25</size>
         <input_file_ref idref="fl-9"/>
      </object_component>
      <object_component id="oc-11d">
         <name>.text</name>
         <load_address>0xbb9c</load_address>
         <run_address>0xbb9c</run_address>
         <size>0x25</size>
         <input_file_ref idref="fl-2f"/>
      </object_component>
      <object_component id="oc-1aa">
         <name>.text</name>
         <load_address>0xbbc1</load_address>
         <run_address>0xbbc1</run_address>
         <size>0x24</size>
         <input_file_ref idref="fl-75"/>
      </object_component>
      <object_component id="oc-12c">
         <name>.text</name>
         <load_address>0xbbe5</load_address>
         <run_address>0xbbe5</run_address>
         <size>0x22</size>
         <input_file_ref idref="fl-32"/>
      </object_component>
      <object_component id="oc-1d8">
         <name>.text</name>
         <load_address>0xbc07</load_address>
         <run_address>0xbc07</run_address>
         <size>0x21</size>
         <input_file_ref idref="fl-d"/>
      </object_component>
      <object_component id="oc-127">
         <name>.text</name>
         <load_address>0xbc28</load_address>
         <run_address>0xbc28</run_address>
         <size>0x21</size>
         <input_file_ref idref="fl-31"/>
      </object_component>
      <object_component id="oc-1d0">
         <name>.text</name>
         <load_address>0xbc49</load_address>
         <run_address>0xbc49</run_address>
         <size>0x20</size>
         <input_file_ref idref="fl-e"/>
      </object_component>
      <object_component id="oc-fa">
         <name>.text</name>
         <load_address>0xbc69</load_address>
         <run_address>0xbc69</run_address>
         <size>0x1f</size>
         <input_file_ref idref="fl-28"/>
      </object_component>
      <object_component id="oc-122">
         <name>.text</name>
         <load_address>0xbc88</load_address>
         <run_address>0xbc88</run_address>
         <size>0x1d</size>
         <input_file_ref idref="fl-30"/>
      </object_component>
      <object_component id="oc-1b3">
         <name>.text</name>
         <load_address>0xbca5</load_address>
         <run_address>0xbca5</run_address>
         <size>0x1d</size>
         <input_file_ref idref="fl-7b"/>
      </object_component>
      <object_component id="oc-118">
         <name>.text</name>
         <load_address>0xbcc2</load_address>
         <run_address>0xbcc2</run_address>
         <size>0x1c</size>
         <input_file_ref idref="fl-2e"/>
      </object_component>
      <object_component id="oc-131">
         <name>.text</name>
         <load_address>0xbcde</load_address>
         <run_address>0xbcde</run_address>
         <size>0x1a</size>
         <input_file_ref idref="fl-33"/>
      </object_component>
      <object_component id="oc-17f">
         <name>.text</name>
         <load_address>0xbcf8</load_address>
         <run_address>0xbcf8</run_address>
         <size>0x1a</size>
         <input_file_ref idref="fl-79"/>
      </object_component>
      <object_component id="oc-1ac">
         <name>.text</name>
         <load_address>0xbd12</load_address>
         <run_address>0xbd12</run_address>
         <size>0x19</size>
         <input_file_ref idref="fl-71"/>
      </object_component>
      <object_component id="oc-104">
         <name>.text</name>
         <load_address>0xbd2b</load_address>
         <run_address>0xbd2b</run_address>
         <size>0x17</size>
         <input_file_ref idref="fl-2a"/>
      </object_component>
      <object_component id="oc-13b">
         <name>.text</name>
         <load_address>0xbd42</load_address>
         <run_address>0xbd42</run_address>
         <size>0x13</size>
         <input_file_ref idref="fl-35"/>
      </object_component>
      <object_component id="oc-136">
         <name>.text</name>
         <load_address>0xbd55</load_address>
         <run_address>0xbd55</run_address>
         <size>0x10</size>
         <input_file_ref idref="fl-34"/>
      </object_component>
      <object_component id="oc-1d9">
         <name>.text</name>
         <load_address>0xbd65</load_address>
         <run_address>0xbd65</run_address>
         <size>0xa</size>
         <input_file_ref idref="fl-7e"/>
      </object_component>
      <object_component id="oc-1be">
         <name>.text</name>
         <load_address>0xbd6f</load_address>
         <run_address>0xbd6f</run_address>
         <size>0x9</size>
         <input_file_ref idref="fl-77"/>
      </object_component>
      <object_component id="oc-1b2">
         <name>.text</name>
         <load_address>0xbd78</load_address>
         <run_address>0xbd78</run_address>
         <size>0x9</size>
         <input_file_ref idref="fl-80"/>
      </object_component>
      <object_component id="oc-46">
         <name>.text</name>
         <load_address>0xbd81</load_address>
         <run_address>0xbd81</run_address>
         <size>0x8</size>
         <input_file_ref idref="fl-5"/>
      </object_component>
      <object_component id="oc-a6">
         <name>.text:retain</name>
         <load_address>0xbd89</load_address>
         <run_address>0xbd89</run_address>
         <size>0x5</size>
         <input_file_ref idref="fl-16"/>
      </object_component>
      <object_component id="oc-113">
         <name>.text</name>
         <load_address>0xbd8e</load_address>
         <run_address>0xbd8e</run_address>
         <size>0x5</size>
         <input_file_ref idref="fl-2d"/>
      </object_component>
      <object_component id="oc-1a9">
         <name>.text</name>
         <load_address>0xbd93</load_address>
         <run_address>0xbd93</run_address>
         <size>0x2</size>
         <input_file_ref idref="fl-73"/>
      </object_component>
      <object_component id="oc-1ab">
         <name>.text</name>
         <load_address>0xbd95</load_address>
         <run_address>0xbd95</run_address>
         <size>0x1</size>
         <input_file_ref idref="fl-72"/>
      </object_component>
      <object_component id="oc-b1">
         <name>.cinit</name>
         <load_address>0x50</load_address>
         <run_address>0x50</run_address>
         <size>0xc7</size>
         <input_file_ref idref="fl-18"/>
      </object_component>
      <object_component id="oc-16e">
         <name>.cinit</name>
         <load_address>0x117</load_address>
         <run_address>0x117</run_address>
         <size>0xe</size>
         <input_file_ref idref="fl-76"/>
      </object_component>
      <object_component id="oc-68">
         <name>.cinit</name>
         <load_address>0x125</load_address>
         <run_address>0x125</run_address>
         <size>0xd</size>
         <input_file_ref idref="fl-b"/>
      </object_component>
      <object_component id="oc-dd">
         <name>.cinit</name>
         <load_address>0x132</load_address>
         <run_address>0x132</run_address>
         <size>0x9</size>
         <input_file_ref idref="fl-20"/>
      </object_component>
      <object_component id="oc-1b5">
         <name>.cinit:__lock</name>
         <load_address>0x13b</load_address>
         <run_address>0x13b</run_address>
         <size>0x5</size>
         <input_file_ref idref="fl-77"/>
      </object_component>
      <object_component id="oc-1bf">
         <name>.cinit:__unlock</name>
         <load_address>0x140</load_address>
         <run_address>0x140</run_address>
         <size>0x5</size>
         <input_file_ref idref="fl-77"/>
      </object_component>
      <object_component id="oc-70">
         <name>.cinit</name>
         <load_address>0x145</load_address>
         <run_address>0x145</run_address>
         <size>0x4</size>
         <input_file_ref idref="fl-c"/>
      </object_component>
      <object_component id="oc-185">
         <name>.cinit</name>
         <load_address>0x149</load_address>
         <run_address>0x149</run_address>
         <size>0x4</size>
         <input_file_ref idref="fl-7a"/>
      </object_component>
      <object_component id="oc-14e">
         <name>.reset</name>
         <load_address>0x3fffc0</load_address>
         <run_address>0x3fffc0</run_address>
         <size>0x2</size>
         <input_file_ref idref="fl-70"/>
      </object_component>
      <object_component id="oc-14d">
         <name>.stack</name>
         <uninitialized>true</uninitialized>
         <run_address>0x400</run_address>
         <size>0x0</size>
         <input_file_ref idref="fl-70"/>
      </object_component>
      <object_component id="oc-1f7">
         <name>.stack</name>
         <uninitialized>true</uninitialized>
         <run_address>0x400</run_address>
         <size>0x0</size>
      </object_component>
      <object_component id="oc-5c">
         <name>.ebss</name>
         <uninitialized>true</uninitialized>
         <run_address>0xc77c</run_address>
         <size>0x1</size>
         <input_file_ref idref="fl-9"/>
      </object_component>
      <object_component id="oc-69">
         <name>.ebss</name>
         <uninitialized>true</uninitialized>
         <run_address>0xc760</run_address>
         <size>0xc</size>
         <input_file_ref idref="fl-b"/>
      </object_component>
      <object_component id="oc-71">
         <name>.ebss</name>
         <uninitialized>true</uninitialized>
         <run_address>0xc77a</run_address>
         <size>0x2</size>
         <input_file_ref idref="fl-c"/>
      </object_component>
      <object_component id="oc-86">
         <name>.ebss</name>
         <uninitialized>true</uninitialized>
         <run_address>0xcbc0</run_address>
         <size>0xac</size>
         <input_file_ref idref="fl-10"/>
      </object_component>
      <object_component id="oc-b2">
         <name>.ebss</name>
         <uninitialized>true</uninitialized>
         <run_address>0xc780</run_address>
         <size>0x408</size>
         <input_file_ref idref="fl-18"/>
      </object_component>
      <object_component id="oc-de">
         <name>.ebss</name>
         <uninitialized>true</uninitialized>
         <run_address>0xc772</run_address>
         <size>0x4</size>
         <input_file_ref idref="fl-20"/>
      </object_component>
      <object_component id="oc-16f">
         <name>.ebss</name>
         <uninitialized>true</uninitialized>
         <run_address>0xc76c</run_address>
         <size>0x6</size>
         <input_file_ref idref="fl-76"/>
      </object_component>
      <object_component id="oc-1d2">
         <name>.ebss:__unlock</name>
         <uninitialized>true</uninitialized>
         <run_address>0xc778</run_address>
         <size>0x2</size>
         <input_file_ref idref="fl-77"/>
      </object_component>
      <object_component id="oc-1b4">
         <name>.ebss:__lock</name>
         <uninitialized>true</uninitialized>
         <run_address>0xc776</run_address>
         <size>0x2</size>
         <input_file_ref idref="fl-77"/>
      </object_component>
      <object_component id="oc-186">
         <name>.ebss</name>
         <uninitialized>true</uninitialized>
         <run_address>0xc77d</run_address>
         <size>0x1</size>
         <input_file_ref idref="fl-7a"/>
      </object_component>
      <object_component id="oc-18e">
         <name>.econst</name>
         <load_address>0xce88</load_address>
         <run_address>0xce88</run_address>
         <size>0x32</size>
         <input_file_ref idref="fl-7c"/>
      </object_component>
      <object_component id="oc-e0">
         <name>.econst:.string</name>
         <load_address>0xceba</load_address>
         <run_address>0xceba</run_address>
         <size>0x21</size>
         <input_file_ref idref="fl-20"/>
      </object_component>
      <object_component id="oc-17a">
         <name>.econst</name>
         <load_address>0xcedc</load_address>
         <run_address>0xcedc</run_address>
         <size>0x10</size>
         <input_file_ref idref="fl-78"/>
      </object_component>
      <object_component id="oc-b4">
         <name>.econst:.string</name>
         <load_address>0xceec</load_address>
         <run_address>0xceec</run_address>
         <size>0xb</size>
         <input_file_ref idref="fl-18"/>
      </object_component>
      <object_component id="oc-eb">
         <name>.econst</name>
         <load_address>0xcef8</load_address>
         <run_address>0xcef8</run_address>
         <size>0x8</size>
         <input_file_ref idref="fl-22"/>
      </object_component>
      <object_component id="oc-194">
         <name>.econst</name>
         <load_address>0xcf00</load_address>
         <run_address>0xcf00</run_address>
         <size>0x6</size>
         <input_file_ref idref="fl-7d"/>
      </object_component>
      <object_component id="oc-1b8">
         <name>.econst:_$P$T0$1</name>
         <load_address>0xcf06</load_address>
         <run_address>0xcf06</run_address>
         <size>0x4</size>
         <input_file_ref idref="fl-a"/>
      </object_component>
      <object_component id="oc-1b9">
         <name>.econst:_$P$T1$2</name>
         <load_address>0xcf0a</load_address>
         <run_address>0xcf0a</run_address>
         <size>0x4</size>
         <input_file_ref idref="fl-a"/>
      </object_component>
      <object_component id="oc-1ba">
         <name>.econst:_$P$T2$3</name>
         <load_address>0xcf0e</load_address>
         <run_address>0xcf0e</run_address>
         <size>0x4</size>
         <input_file_ref idref="fl-a"/>
      </object_component>
      <object_component id="oc-1bb">
         <name>.econst:_$P$T3$4</name>
         <load_address>0xcf12</load_address>
         <run_address>0xcf12</run_address>
         <size>0x4</size>
         <input_file_ref idref="fl-a"/>
      </object_component>
      <object_component id="oc-1bc">
         <name>.econst:_$P$T4$5</name>
         <load_address>0xcf16</load_address>
         <run_address>0xcf16</run_address>
         <size>0x4</size>
         <input_file_ref idref="fl-a"/>
      </object_component>
      <object_component id="oc-1bd">
         <name>.econst:_$P$T5$6</name>
         <load_address>0xcf1a</load_address>
         <run_address>0xcf1a</run_address>
         <size>0x4</size>
         <input_file_ref idref="fl-a"/>
      </object_component>
      <object_component id="oc-1d4">
         <name>.econst:_bp</name>
         <load_address>0xcf1e</load_address>
         <run_address>0xcf1e</run_address>
         <size>0x4</size>
         <input_file_ref idref="fl-7c"/>
      </object_component>
      <object_component id="oc-1d5">
         <name>.econst:_dp_h</name>
         <load_address>0xcf22</load_address>
         <run_address>0xcf22</run_address>
         <size>0x4</size>
         <input_file_ref idref="fl-7c"/>
      </object_component>
      <object_component id="oc-1d6">
         <name>.econst:_dp_l</name>
         <load_address>0xcf26</load_address>
         <run_address>0xcf26</run_address>
         <size>0x4</size>
         <input_file_ref idref="fl-7c"/>
      </object_component>
      <object_component id="oc-62">
         <name>.econst</name>
         <load_address>0xcf2a</load_address>
         <run_address>0xcf2a</run_address>
         <size>0x4</size>
         <input_file_ref idref="fl-a"/>
      </object_component>
      <object_component id="oc-87">
         <name>.econst</name>
         <load_address>0xcf2e</load_address>
         <run_address>0xcf2e</run_address>
         <size>0x4</size>
         <input_file_ref idref="fl-10"/>
      </object_component>
      <object_component id="oc-19f">
         <name>.econst</name>
         <load_address>0xcf32</load_address>
         <run_address>0xcf32</run_address>
         <size>0x4</size>
         <input_file_ref idref="fl-7f"/>
      </object_component>
      <object_component id="oc-163">
         <name>.econst</name>
         <load_address>0xcf36</load_address>
         <run_address>0xcf36</run_address>
         <size>0x2</size>
         <input_file_ref idref="fl-74"/>
      </object_component>
      <object_component id="oc-df">
         <name>.econst</name>
         <load_address>0xcf38</load_address>
         <run_address>0xcf38</run_address>
         <size>0x2</size>
         <input_file_ref idref="fl-20"/>
      </object_component>
      <object_component id="oc-6a">
         <name>graph_data</name>
         <uninitialized>true</uninitialized>
         <run_address>0xbdc0</run_address>
         <size>0x9a0</size>
         <input_file_ref idref="fl-b"/>
      </object_component>
      <object_component id="oc-145">
         <name>IQmath</name>
         <load_address>0xcc6c</load_address>
         <run_address>0xcc6c</run_address>
         <size>0xe0</size>
         <input_file_ref idref="fl-6c"/>
      </object_component>
      <object_component id="oc-14c">
         <name>IQmath</name>
         <load_address>0xcd4c</load_address>
         <run_address>0xcd4c</run_address>
         <size>0x8f</size>
         <input_file_ref idref="fl-6f"/>
      </object_component>
      <object_component id="oc-143">
         <name>IQmath</name>
         <load_address>0xcddb</load_address>
         <run_address>0xcddb</run_address>
         <size>0x42</size>
         <input_file_ref idref="fl-6a"/>
      </object_component>
      <object_component id="oc-142">
         <name>IQmath</name>
         <load_address>0xce1d</load_address>
         <run_address>0xce1d</run_address>
         <size>0x29</size>
         <input_file_ref idref="fl-69"/>
      </object_component>
      <object_component id="oc-140">
         <name>IQmath</name>
         <load_address>0xce46</load_address>
         <run_address>0xce46</run_address>
         <size>0x27</size>
         <input_file_ref idref="fl-67"/>
      </object_component>
      <object_component id="oc-144">
         <name>IQmath</name>
         <load_address>0xce6d</load_address>
         <run_address>0xce6d</run_address>
         <size>0x14</size>
         <input_file_ref idref="fl-6b"/>
      </object_component>
      <object_component id="oc-14b">
         <name>IQmath</name>
         <load_address>0xce81</load_address>
         <run_address>0xce81</run_address>
         <size>0x6</size>
         <input_file_ref idref="fl-6e"/>
      </object_component>
      <object_component id="oc-141">
         <name>IQmathTables</name>
         <load_address>0x3fdc30</load_address>
         <run_address>0x3fdc30</run_address>
         <size>0xb50</size>
         <input_file_ref idref="fl-68"/>
      </object_component>
      <object_component id="oc-48">
         <name>.debug_info</name>
         <load_address>0x0</load_address>
         <run_address>0x0</run_address>
         <size>0x255</size>
         <input_file_ref idref="fl-5"/>
      </object_component>
      <object_component id="oc-4c">
         <name>.debug_info</name>
         <load_address>0x255</load_address>
         <run_address>0x255</run_address>
         <size>0x461e</size>
         <input_file_ref idref="fl-6"/>
      </object_component>
      <object_component id="oc-51">
         <name>.debug_info</name>
         <load_address>0x4873</load_address>
         <run_address>0x4873</run_address>
         <size>0x416</size>
         <input_file_ref idref="fl-7"/>
      </object_component>
      <object_component id="oc-56">
         <name>.debug_info</name>
         <load_address>0x4c89</load_address>
         <run_address>0x4c89</run_address>
         <size>0x4e7b</size>
         <input_file_ref idref="fl-8"/>
      </object_component>
      <object_component id="oc-5b">
         <name>.debug_info</name>
         <load_address>0x9b04</load_address>
         <run_address>0x9b04</run_address>
         <size>0x1132</size>
         <input_file_ref idref="fl-9"/>
      </object_component>
      <object_component id="oc-61">
         <name>.debug_info</name>
         <load_address>0xac36</load_address>
         <run_address>0xac36</run_address>
         <size>0x9f13</size>
         <input_file_ref idref="fl-a"/>
      </object_component>
      <object_component id="oc-67">
         <name>.debug_info</name>
         <load_address>0x14b49</load_address>
         <run_address>0x14b49</run_address>
         <size>0x577</size>
         <input_file_ref idref="fl-b"/>
      </object_component>
      <object_component id="oc-6f">
         <name>.debug_info</name>
         <load_address>0x150c0</load_address>
         <run_address>0x150c0</run_address>
         <size>0x8788</size>
         <input_file_ref idref="fl-c"/>
      </object_component>
      <object_component id="oc-76">
         <name>.debug_info</name>
         <load_address>0x1d848</load_address>
         <run_address>0x1d848</run_address>
         <size>0xd6b</size>
         <input_file_ref idref="fl-d"/>
      </object_component>
      <object_component id="oc-7b">
         <name>.debug_info</name>
         <load_address>0x1e5b3</load_address>
         <run_address>0x1e5b3</run_address>
         <size>0x217b</size>
         <input_file_ref idref="fl-e"/>
      </object_component>
      <object_component id="oc-80">
         <name>.debug_info</name>
         <load_address>0x2072e</load_address>
         <run_address>0x2072e</run_address>
         <size>0x37fd</size>
         <input_file_ref idref="fl-f"/>
      </object_component>
      <object_component id="oc-85">
         <name>.debug_info</name>
         <load_address>0x23f2b</load_address>
         <run_address>0x23f2b</run_address>
         <size>0x148cb</size>
         <input_file_ref idref="fl-10"/>
      </object_component>
      <object_component id="oc-8c">
         <name>.debug_info</name>
         <load_address>0x387f6</load_address>
         <run_address>0x387f6</run_address>
         <size>0x3c5</size>
         <input_file_ref idref="fl-11"/>
      </object_component>
      <object_component id="oc-91">
         <name>.debug_info</name>
         <load_address>0x38bbb</load_address>
         <run_address>0x38bbb</run_address>
         <size>0xce2</size>
         <input_file_ref idref="fl-12"/>
      </object_component>
      <object_component id="oc-96">
         <name>.debug_info</name>
         <load_address>0x3989d</load_address>
         <run_address>0x3989d</run_address>
         <size>0xa64</size>
         <input_file_ref idref="fl-13"/>
      </object_component>
      <object_component id="oc-9b">
         <name>.debug_info</name>
         <load_address>0x3a301</load_address>
         <run_address>0x3a301</run_address>
         <size>0x3c1</size>
         <input_file_ref idref="fl-14"/>
      </object_component>
      <object_component id="oc-a0">
         <name>.debug_info</name>
         <load_address>0x3a6c2</load_address>
         <run_address>0x3a6c2</run_address>
         <size>0x455</size>
         <input_file_ref idref="fl-15"/>
      </object_component>
      <object_component id="oc-a5">
         <name>.debug_info</name>
         <load_address>0x3ab17</load_address>
         <run_address>0x3ab17</run_address>
         <size>0x476d</size>
         <input_file_ref idref="fl-16"/>
      </object_component>
      <object_component id="oc-ab">
         <name>.debug_info</name>
         <load_address>0x3f284</load_address>
         <run_address>0x3f284</run_address>
         <size>0x1b8d</size>
         <input_file_ref idref="fl-17"/>
      </object_component>
      <object_component id="oc-b0">
         <name>.debug_info</name>
         <load_address>0x40e11</load_address>
         <run_address>0x40e11</run_address>
         <size>0xb6be</size>
         <input_file_ref idref="fl-18"/>
      </object_component>
      <object_component id="oc-b9">
         <name>.debug_info</name>
         <load_address>0x4c4cf</load_address>
         <run_address>0x4c4cf</run_address>
         <size>0xb63e</size>
         <input_file_ref idref="fl-19"/>
      </object_component>
      <object_component id="oc-be">
         <name>.debug_info</name>
         <load_address>0x57b0d</load_address>
         <run_address>0x57b0d</run_address>
         <size>0x1407</size>
         <input_file_ref idref="fl-1a"/>
      </object_component>
      <object_component id="oc-c3">
         <name>.debug_info</name>
         <load_address>0x58f14</load_address>
         <run_address>0x58f14</run_address>
         <size>0x49d0</size>
         <input_file_ref idref="fl-1b"/>
      </object_component>
      <object_component id="oc-c8">
         <name>.debug_info</name>
         <load_address>0x5d8e4</load_address>
         <run_address>0x5d8e4</run_address>
         <size>0x3d52</size>
         <input_file_ref idref="fl-1c"/>
      </object_component>
      <object_component id="oc-cd">
         <name>.debug_info</name>
         <load_address>0x61636</load_address>
         <run_address>0x61636</run_address>
         <size>0x3bf</size>
         <input_file_ref idref="fl-1d"/>
      </object_component>
      <object_component id="oc-d2">
         <name>.debug_info</name>
         <load_address>0x619f5</load_address>
         <run_address>0x619f5</run_address>
         <size>0xfa7</size>
         <input_file_ref idref="fl-1e"/>
      </object_component>
      <object_component id="oc-d7">
         <name>.debug_info</name>
         <load_address>0x6299c</load_address>
         <run_address>0x6299c</run_address>
         <size>0x427</size>
         <input_file_ref idref="fl-1f"/>
      </object_component>
      <object_component id="oc-dc">
         <name>.debug_info</name>
         <load_address>0x62dc3</load_address>
         <run_address>0x62dc3</run_address>
         <size>0x54f</size>
         <input_file_ref idref="fl-20"/>
      </object_component>
      <object_component id="oc-e6">
         <name>.debug_info</name>
         <load_address>0x63312</load_address>
         <run_address>0x63312</run_address>
         <size>0x1d2</size>
         <input_file_ref idref="fl-21"/>
      </object_component>
      <object_component id="oc-ea">
         <name>.debug_info</name>
         <load_address>0x634e4</load_address>
         <run_address>0x634e4</run_address>
         <size>0x4a5c</size>
         <input_file_ref idref="fl-22"/>
      </object_component>
      <object_component id="oc-f0">
         <name>.debug_info</name>
         <load_address>0x67f40</load_address>
         <run_address>0x67f40</run_address>
         <size>0x138f</size>
         <input_file_ref idref="fl-23"/>
      </object_component>
      <object_component id="oc-f6">
         <name>.debug_info</name>
         <load_address>0x692cf</load_address>
         <run_address>0x692cf</run_address>
         <size>0x10c</size>
         <input_file_ref idref="fl-27"/>
      </object_component>
      <object_component id="oc-fb">
         <name>.debug_info</name>
         <load_address>0x693db</load_address>
         <run_address>0x693db</run_address>
         <size>0x10c</size>
         <input_file_ref idref="fl-28"/>
      </object_component>
      <object_component id="oc-100">
         <name>.debug_info</name>
         <load_address>0x694e7</load_address>
         <run_address>0x694e7</run_address>
         <size>0x10c</size>
         <input_file_ref idref="fl-29"/>
      </object_component>
      <object_component id="oc-105">
         <name>.debug_info</name>
         <load_address>0x695f3</load_address>
         <run_address>0x695f3</run_address>
         <size>0x10c</size>
         <input_file_ref idref="fl-2a"/>
      </object_component>
      <object_component id="oc-10a">
         <name>.debug_info</name>
         <load_address>0x696ff</load_address>
         <run_address>0x696ff</run_address>
         <size>0x10c</size>
         <input_file_ref idref="fl-2b"/>
      </object_component>
      <object_component id="oc-10f">
         <name>.debug_info</name>
         <load_address>0x6980b</load_address>
         <run_address>0x6980b</run_address>
         <size>0x10c</size>
         <input_file_ref idref="fl-2c"/>
      </object_component>
      <object_component id="oc-114">
         <name>.debug_info</name>
         <load_address>0x69917</load_address>
         <run_address>0x69917</run_address>
         <size>0x10c</size>
         <input_file_ref idref="fl-2d"/>
      </object_component>
      <object_component id="oc-119">
         <name>.debug_info</name>
         <load_address>0x69a23</load_address>
         <run_address>0x69a23</run_address>
         <size>0x10f</size>
         <input_file_ref idref="fl-2e"/>
      </object_component>
      <object_component id="oc-11e">
         <name>.debug_info</name>
         <load_address>0x69b32</load_address>
         <run_address>0x69b32</run_address>
         <size>0x118</size>
         <input_file_ref idref="fl-2f"/>
      </object_component>
      <object_component id="oc-123">
         <name>.debug_info</name>
         <load_address>0x69c4a</load_address>
         <run_address>0x69c4a</run_address>
         <size>0x118</size>
         <input_file_ref idref="fl-30"/>
      </object_component>
      <object_component id="oc-128">
         <name>.debug_info</name>
         <load_address>0x69d62</load_address>
         <run_address>0x69d62</run_address>
         <size>0x11b</size>
         <input_file_ref idref="fl-31"/>
      </object_component>
      <object_component id="oc-12d">
         <name>.debug_info</name>
         <load_address>0x69e7d</load_address>
         <run_address>0x69e7d</run_address>
         <size>0x139</size>
         <input_file_ref idref="fl-32"/>
      </object_component>
      <object_component id="oc-132">
         <name>.debug_info</name>
         <load_address>0x69fb6</load_address>
         <run_address>0x69fb6</run_address>
         <size>0x116</size>
         <input_file_ref idref="fl-33"/>
      </object_component>
      <object_component id="oc-137">
         <name>.debug_info</name>
         <load_address>0x6a0cc</load_address>
         <run_address>0x6a0cc</run_address>
         <size>0x110</size>
         <input_file_ref idref="fl-34"/>
      </object_component>
      <object_component id="oc-13c">
         <name>.debug_info</name>
         <load_address>0x6a1dc</load_address>
         <run_address>0x6a1dc</run_address>
         <size>0x113</size>
         <input_file_ref idref="fl-35"/>
      </object_component>
      <object_component id="oc-147">
         <name>.debug_info</name>
         <load_address>0x6a2ef</load_address>
         <run_address>0x6a2ef</run_address>
         <size>0x19d</size>
         <input_file_ref idref="fl-6d"/>
      </object_component>
      <object_component id="oc-14f">
         <name>.debug_info</name>
         <load_address>0x6a48c</load_address>
         <run_address>0x6a48c</run_address>
         <size>0x16b</size>
         <input_file_ref idref="fl-70"/>
      </object_component>
      <object_component id="oc-153">
         <name>.debug_info</name>
         <load_address>0x6a5f7</load_address>
         <run_address>0x6a5f7</run_address>
         <size>0x41c</size>
         <input_file_ref idref="fl-71"/>
      </object_component>
      <object_component id="oc-158">
         <name>.debug_info</name>
         <load_address>0x6aa13</load_address>
         <run_address>0x6aa13</run_address>
         <size>0x32d</size>
         <input_file_ref idref="fl-72"/>
      </object_component>
      <object_component id="oc-15d">
         <name>.debug_info</name>
         <load_address>0x6ad40</load_address>
         <run_address>0x6ad40</run_address>
         <size>0x330</size>
         <input_file_ref idref="fl-73"/>
      </object_component>
      <object_component id="oc-162">
         <name>.debug_info</name>
         <load_address>0x6b070</load_address>
         <run_address>0x6b070</run_address>
         <size>0x446</size>
         <input_file_ref idref="fl-74"/>
      </object_component>
      <object_component id="oc-168">
         <name>.debug_info</name>
         <load_address>0x6b4b6</load_address>
         <run_address>0x6b4b6</run_address>
         <size>0x50f</size>
         <input_file_ref idref="fl-75"/>
      </object_component>
      <object_component id="oc-16d">
         <name>.debug_info</name>
         <load_address>0x6b9c5</load_address>
         <run_address>0x6b9c5</run_address>
         <size>0x4f9</size>
         <input_file_ref idref="fl-76"/>
      </object_component>
      <object_component id="oc-174">
         <name>.debug_info</name>
         <load_address>0x6bebe</load_address>
         <run_address>0x6bebe</run_address>
         <size>0x44f</size>
         <input_file_ref idref="fl-77"/>
      </object_component>
      <object_component id="oc-179">
         <name>.debug_info</name>
         <load_address>0x6c30d</load_address>
         <run_address>0x6c30d</run_address>
         <size>0x780</size>
         <input_file_ref idref="fl-78"/>
      </object_component>
      <object_component id="oc-180">
         <name>.debug_info</name>
         <load_address>0x6ca8d</load_address>
         <run_address>0x6ca8d</run_address>
         <size>0x116</size>
         <input_file_ref idref="fl-79"/>
      </object_component>
      <object_component id="oc-184">
         <name>.debug_info</name>
         <load_address>0x6cba3</load_address>
         <run_address>0x6cba3</run_address>
         <size>0x1bb</size>
         <input_file_ref idref="fl-7a"/>
      </object_component>
      <object_component id="oc-188">
         <name>.debug_info</name>
         <load_address>0x6cd5e</load_address>
         <run_address>0x6cd5e</run_address>
         <size>0x3bd</size>
         <input_file_ref idref="fl-7b"/>
      </object_component>
      <object_component id="oc-18d">
         <name>.debug_info</name>
         <load_address>0x6d11b</load_address>
         <run_address>0x6d11b</run_address>
         <size>0xe7c</size>
         <input_file_ref idref="fl-7c"/>
      </object_component>
      <object_component id="oc-193">
         <name>.debug_info</name>
         <load_address>0x6df97</load_address>
         <run_address>0x6df97</run_address>
         <size>0x4be</size>
         <input_file_ref idref="fl-7d"/>
      </object_component>
      <object_component id="oc-199">
         <name>.debug_info</name>
         <load_address>0x6e455</load_address>
         <run_address>0x6e455</run_address>
         <size>0x3cb</size>
         <input_file_ref idref="fl-7e"/>
      </object_component>
      <object_component id="oc-19e">
         <name>.debug_info</name>
         <load_address>0x6e820</load_address>
         <run_address>0x6e820</run_address>
         <size>0x473</size>
         <input_file_ref idref="fl-7f"/>
      </object_component>
      <object_component id="oc-1a4">
         <name>.debug_info</name>
         <load_address>0x6ec93</load_address>
         <run_address>0x6ec93</run_address>
         <size>0x458</size>
         <input_file_ref idref="fl-80"/>
      </object_component>
      <object_component id="oc-1f8">
         <name>.debug_info</name>
         <load_address>0x6f0eb</load_address>
         <run_address>0x6f0eb</run_address>
         <size>0x107</size>
      </object_component>
      <object_component id="oc-49">
         <name>.debug_line</name>
         <load_address>0x0</load_address>
         <run_address>0x0</run_address>
         <size>0xa9</size>
         <input_file_ref idref="fl-5"/>
      </object_component>
      <object_component id="oc-4e">
         <name>.debug_line</name>
         <load_address>0xa9</load_address>
         <run_address>0xa9</run_address>
         <size>0x379</size>
         <input_file_ref idref="fl-6"/>
      </object_component>
      <object_component id="oc-53">
         <name>.debug_line</name>
         <load_address>0x422</load_address>
         <run_address>0x422</run_address>
         <size>0x71</size>
         <input_file_ref idref="fl-7"/>
      </object_component>
      <object_component id="oc-58">
         <name>.debug_line</name>
         <load_address>0x493</load_address>
         <run_address>0x493</run_address>
         <size>0x58f</size>
         <input_file_ref idref="fl-8"/>
      </object_component>
      <object_component id="oc-5e">
         <name>.debug_line</name>
         <load_address>0xa22</load_address>
         <run_address>0xa22</run_address>
         <size>0x156</size>
         <input_file_ref idref="fl-9"/>
      </object_component>
      <object_component id="oc-64">
         <name>.debug_line</name>
         <load_address>0xb78</load_address>
         <run_address>0xb78</run_address>
         <size>0x13cb</size>
         <input_file_ref idref="fl-a"/>
      </object_component>
      <object_component id="oc-6c">
         <name>.debug_line</name>
         <load_address>0x1f43</load_address>
         <run_address>0x1f43</run_address>
         <size>0x73</size>
         <input_file_ref idref="fl-b"/>
      </object_component>
      <object_component id="oc-73">
         <name>.debug_line</name>
         <load_address>0x1fb6</load_address>
         <run_address>0x1fb6</run_address>
         <size>0x990</size>
         <input_file_ref idref="fl-c"/>
      </object_component>
      <object_component id="oc-78">
         <name>.debug_line</name>
         <load_address>0x2946</load_address>
         <run_address>0x2946</run_address>
         <size>0x114</size>
         <input_file_ref idref="fl-d"/>
      </object_component>
      <object_component id="oc-7d">
         <name>.debug_line</name>
         <load_address>0x2a5a</load_address>
         <run_address>0x2a5a</run_address>
         <size>0x1de</size>
         <input_file_ref idref="fl-e"/>
      </object_component>
      <object_component id="oc-82">
         <name>.debug_line</name>
         <load_address>0x2c38</load_address>
         <run_address>0x2c38</run_address>
         <size>0x2b6</size>
         <input_file_ref idref="fl-f"/>
      </object_component>
      <object_component id="oc-89">
         <name>.debug_line</name>
         <load_address>0x2eee</load_address>
         <run_address>0x2eee</run_address>
         <size>0xe57</size>
         <input_file_ref idref="fl-10"/>
      </object_component>
      <object_component id="oc-8e">
         <name>.debug_line</name>
         <load_address>0x3d45</load_address>
         <run_address>0x3d45</run_address>
         <size>0x6f</size>
         <input_file_ref idref="fl-11"/>
      </object_component>
      <object_component id="oc-93">
         <name>.debug_line</name>
         <load_address>0x3db4</load_address>
         <run_address>0x3db4</run_address>
         <size>0xfa</size>
         <input_file_ref idref="fl-12"/>
      </object_component>
      <object_component id="oc-98">
         <name>.debug_line</name>
         <load_address>0x3eae</load_address>
         <run_address>0x3eae</run_address>
         <size>0xde</size>
         <input_file_ref idref="fl-13"/>
      </object_component>
      <object_component id="oc-9d">
         <name>.debug_line</name>
         <load_address>0x3f8c</load_address>
         <run_address>0x3f8c</run_address>
         <size>0x6d</size>
         <input_file_ref idref="fl-14"/>
      </object_component>
      <object_component id="oc-a2">
         <name>.debug_line</name>
         <load_address>0x3ff9</load_address>
         <run_address>0x3ff9</run_address>
         <size>0xb9</size>
         <input_file_ref idref="fl-15"/>
      </object_component>
      <object_component id="oc-a8">
         <name>.debug_line</name>
         <load_address>0x40b2</load_address>
         <run_address>0x40b2</run_address>
         <size>0x318</size>
         <input_file_ref idref="fl-16"/>
      </object_component>
      <object_component id="oc-ad">
         <name>.debug_line</name>
         <load_address>0x43ca</load_address>
         <run_address>0x43ca</run_address>
         <size>0x1ed</size>
         <input_file_ref idref="fl-17"/>
      </object_component>
      <object_component id="oc-b6">
         <name>.debug_line</name>
         <load_address>0x45b7</load_address>
         <run_address>0x45b7</run_address>
         <size>0xa5c</size>
         <input_file_ref idref="fl-18"/>
      </object_component>
      <object_component id="oc-bb">
         <name>.debug_line</name>
         <load_address>0x5013</load_address>
         <run_address>0x5013</run_address>
         <size>0xa3b</size>
[...]
         <value>0x3f99a5</value>
      </symbol>
      <symbol id="sm-65c">
         <name>_CTRL_setupEstOnLineState</name>
         <value>0x3f996a</value>
      </symbol>
      <symbol id="sm-65e">
         <name>_CTRL_setupTraj</name>
         <value>0x3f9806</value>
      </symbol>
      <symbol id="sm-660">
         <name>_EST_doCurrentCtrl</name>
         <value>0x3f9760</value>
      </symbol>
      <symbol id="sm-662">
         <name>_EST_doSpeedCtrl</name>
         <value>0x3f9758</value>
      </symbol>
      <symbol id="sm-664">
         <name>_EST_getAngle_pu</name>
         <value>0x3f8c0d</value>
      </symbol>
      <symbol id="sm-666">
         <name>_EST_getFlux_VpHz</name>
         <value>0x3f96be</value>
      </symbol>
      <symbol id="sm-668">
         <name>_EST_getFlux_pu</name>
         <value>0x3f96ab</value>
      </symbol>
      <symbol id="sm-66a">
         <name>_EST_getFm_pu</name>
         <value>0x3f968e</value>
      </symbol>
      <symbol id="sm-66c">
         <name>_EST_getIdRated</name>
         <value>0x3f9632</value>
      </symbol>
      <symbol id="sm-66e">
         <name>_EST_getLs_coarse_max_pu</name>
         <value>0x3f95ff</value>
      </symbol>
      <symbol id="sm-670">
         <name>_EST_getLs_d_H</name>
         <value>0x3f95f5</value>
      </symbol>
      <symbol id="sm-672">
         <name>_EST_getLs_d_pu</name>
         <value>0x3f95f0</value>
      </symbol>
      <symbol id="sm-674">
         <name>_EST_getLs_q_H</name>
         <value>0x3f95ce</value>
      </symbol>
      <symbol id="sm-676">
         <name>_EST_getLs_q_pu</name>
         <value>0x3f95c9</value>
      </symbol>
      <symbol id="sm-678">
         <name>_EST_getMaxCurrentSlope_pu</name>
         <value>0x3f95bd</value>
      </symbol>
      <symbol id="sm-67a">
         <name>_EST_getOneOverDcBus_pu</name>
         <value>0x3f95b3</value>
      </symbol>
      <symbol id="sm-67c">
         <name>_EST_getRr_Ohm</name>
         <value>0x3f95ad</value>
      </symbol>
      <symbol id="sm-67e">
         <name>_EST_getRs_Ohm</name>
         <value>0x3f9513</value>
      </symbol>
      <symbol id="sm-680">
         <name>_EST_getSpeed_krpm</name>
         <value>0x3f94c6</value>
      </symbol>
      <symbol id="sm-682">
         <name>_EST_getState</name>
         <value>0x3f861b</value>
      </symbol>
      <symbol id="sm-684">
         <name>_EST_get_krpm_to_pu_sf</name>
         <value>0x3f9458</value>
      </symbol>
      <symbol id="sm-686">
         <name>_EST_get_pu_to_krpm_sf</name>
         <value>0x3f9453</value>
      </symbol>
      <symbol id="sm-688">
         <name>_EST_isError</name>
         <value>0x3f938d</value>
      </symbol>
      <symbol id="sm-68a">
         <name>_EST_isIdle</name>
         <value>0x3f9386</value>
      </symbol>
      <symbol id="sm-68c">
         <name>_EST_isLockRotor</name>
         <value>0x3f937f</value>
      </symbol>
      <symbol id="sm-68e">
         <name>_EST_isMotorIdentified</name>
         <value>0x3f8679</value>
      </symbol>
      <symbol id="sm-690">
         <name>_EST_isOnLine</name>
         <value>0x3f9378</value>
      </symbol>
      <symbol id="sm-692">
         <name>_EST_run</name>
         <value>0x3f927b</value>
      </symbol>
      <symbol id="sm-694">
         <name>_EST_setFlag_enableForceAngle</name>
         <value>0x3f8bdb</value>
      </symbol>
      <symbol id="sm-696">
         <name>_EST_setFlag_enableRsRecalc</name>
         <value>0x3f8bd3</value>
      </symbol>
      <symbol id="sm-698">
         <name>_EST_setId_ref_pu</name>
         <value>0x3f8b80</value>
      </symbol>
      <symbol id="sm-69a">
         <name>_EST_setIdle</name>
         <value>0x3f8b7a</value>
      </symbol>
      <symbol id="sm-69c">
         <name>_EST_setIdle_all</name>
         <value>0x3f8b67</value>
      </symbol>
      <symbol id="sm-69e">
         <name>_EST_setIq_ref_pu</name>
         <value>0x3f8b63</value>
      </symbol>
      <symbol id="sm-6a0">
         <name>_EST_setLs_d_pu</name>
         <value>0x3f8b45</value>
      </symbol>
      <symbol id="sm-6a2">
         <name>_EST_setLs_qFmt</name>
         <value>0x3f8af1</value>
      </symbol>
      <symbol id="sm-6a4">
         <name>_EST_setLs_q_pu</name>
         <value>0x3f8ae7</value>
      </symbol>
      <symbol id="sm-6a6">
         <name>_EST_setMaxCurrentSlope_pu</name>
         <value>0x3f8adb</value>
      </symbol>
      <symbol id="sm-6a8">
         <name>_EST_setRs_pu</name>
         <value>0x3f8a18</value>
      </symbol>
      <symbol id="sm-6aa">
         <name>_EST_updateId_ref_pu</name>
         <value>0x3f89f5</value>
      </symbol>
      <symbol id="sm-6ac">
         <name>_EST_updateState</name>
         <value>0x3f8713</value>
      </symbol>
      <symbol id="sm-6ae">
         <name>_EST_useZeroIq_ref</name>
         <value>0x3f861d</value>
      </symbol>
      <symbol id="sm-6b9">
         <name>__IQ24cosPU</name>
         <value>0xce46</value>
         <object_component_ref idref="oc-140"/>
      </symbol>
      <symbol id="sm-6bd">
         <name>_IQ16mpyRndSatTable</name>
         <value>0x3fe6c0</value>
         <object_component_ref idref="oc-141"/>
      </symbol>
      <symbol id="sm-6be">
         <name>_IQ24mpyRndSatTable</name>
         <value>0x3fe660</value>
         <object_component_ref idref="oc-141"/>
      </symbol>
      <symbol id="sm-6bf">
         <name>_IQ13mpyRndSatTable</name>
         <value>0x3fe6e4</value>
         <object_component_ref idref="oc-141"/>
      </symbol>
      <symbol id="sm-6c0">
         <name>_IQ21mpyRndSatTable</name>
         <value>0x3fe684</value>
         <object_component_ref idref="oc-141"/>
      </symbol>
      <symbol id="sm-6c1">
         <name>_IQ10mpyRndSatTable</name>
         <value>0x3fe708</value>
         <object_component_ref idref="oc-141"/>
      </symbol>
      <symbol id="sm-6c2">
         <name>_IQdivTable</name>
         <value>0x3fe140</value>
         <object_component_ref idref="oc-141"/>
      </symbol>
      <symbol id="sm-6c3">
         <name>_IQ9mpyRndSatTable</name>
         <value>0x3fe714</value>
         <object_component_ref idref="oc-141"/>
      </symbol>
      <symbol id="sm-6c4">
         <name>_IQ6mpyRndSatTable</name>
         <value>0x3fe738</value>
         <object_component_ref idref="oc-141"/>
      </symbol>
      <symbol id="sm-6c5">
         <name>_IQatan2TableEnd</name>
         <value>0x3fe618</value>
         <object_component_ref idref="oc-141"/>
      </symbol>
      <symbol id="sm-6c6">
         <name>_IQdivTableEnd</name>
         <value>0x3fe342</value>
         <object_component_ref idref="oc-141"/>
      </symbol>
      <symbol id="sm-6c7">
         <name>_IQ29mpyRndSatTable</name>
         <value>0x3fe624</value>
         <object_component_ref idref="oc-141"/>
      </symbol>
      <symbol id="sm-6c8">
         <name>_IQ3mpyRndSatTable</name>
         <value>0x3fe75c</value>
         <object_component_ref idref="oc-141"/>
      </symbol>
      <symbol id="sm-6c9">
         <name>_IQ18mpyRndSatTable</name>
         <value>0x3fe6a8</value>
         <object_component_ref idref="oc-141"/>
      </symbol>
      <symbol id="sm-6ca">
         <name>_IQ26mpyRndSatTable</name>
         <value>0x3fe648</value>
         <object_component_ref idref="oc-141"/>
      </symbol>
      <symbol id="sm-6cb">
         <name>_IQcosTableEnd</name>
         <value>0x3fe132</value>
         <object_component_ref idref="oc-141"/>
      </symbol>
      <symbol id="sm-6cc">
         <name>_IQsinTableEnd</name>
         <value>0x3fe030</value>
         <object_component_ref idref="oc-141"/>
      </symbol>
      <symbol id="sm-6cd">
         <name>_IQ15mpyRndSatTable</name>
         <value>0x3fe6cc</value>
         <object_component_ref idref="oc-141"/>
      </symbol>
      <symbol id="sm-6ce">
         <name>_IQ23mpyRndSatTable</name>
         <value>0x3fe66c</value>
         <object_component_ref idref="oc-141"/>
      </symbol>
      <symbol id="sm-6cf">
         <name>_IQ12mpyRndSatTable</name>
         <value>0x3fe6f0</value>
         <object_component_ref idref="oc-141"/>
      </symbol>
      <symbol id="sm-6d0">
         <name>_IQ20mpyRndSatTable</name>
         <value>0x3fe690</value>
         <object_component_ref idref="oc-141"/>
      </symbol>
      <symbol id="sm-6d1">
         <name>_IQisqrtTableEnd</name>
         <value>0x3fe454</value>
         <object_component_ref idref="oc-141"/>
      </symbol>
      <symbol id="sm-6d2">
         <name>_IQ8mpyRndSatTable</name>
         <value>0x3fe720</value>
         <object_component_ref idref="oc-141"/>
      </symbol>
      <symbol id="sm-6d3">
         <name>_IQisqrtRoundSatTable</name>
         <value>0x3fe342</value>
         <object_component_ref idref="oc-141"/>
      </symbol>
      <symbol id="sm-6d4">
         <name>_IQ5mpyRndSatTable</name>
         <value>0x3fe744</value>
         <object_component_ref idref="oc-141"/>
      </symbol>
      <symbol id="sm-6d5">
         <name>_IQmpyRndSatTable</name>
         <value>0x3fe618</value>
         <object_component_ref idref="oc-141"/>
      </symbol>
      <symbol id="sm-6d6">
         <name>_IQ28mpyRndSatTable</name>
         <value>0x3fe630</value>
         <object_component_ref idref="oc-141"/>
      </symbol>
      <symbol id="sm-6d7">
         <name>_IQatan2Table</name>
         <value>0x3fe492</value>
         <object_component_ref idref="oc-141"/>
      </symbol>
      <symbol id="sm-6d8">
         <name>_IQ2mpyRndSatTable</name>
         <value>0x3fe768</value>
         <object_component_ref idref="oc-141"/>
      </symbol>
      <symbol id="sm-6d9">
         <name>_IQatan2HalfPITable</name>
         <value>0x3fe454</value>
         <object_component_ref idref="oc-141"/>
      </symbol>
      <symbol id="sm-6da">
         <name>_IQ17mpyRndSatTable</name>
         <value>0x3fe6b4</value>
         <object_component_ref idref="oc-141"/>
      </symbol>
      <symbol id="sm-6db">
         <name>_IQ25mpyRndSatTable</name>
         <value>0x3fe654</value>
         <object_component_ref idref="oc-141"/>
      </symbol>
      <symbol id="sm-6dc">
         <name>_IQsqrtTable</name>
         <value>0x3fe352</value>
         <object_component_ref idref="oc-141"/>
      </symbol>
      <symbol id="sm-6dd">
         <name>_IQsqrtTableEnd</name>
         <value>0x3fe454</value>
         <object_component_ref idref="oc-141"/>
      </symbol>
      <symbol id="sm-6de">
         <name>_IQ14mpyRndSatTable</name>
         <value>0x3fe6d8</value>
         <object_component_ref idref="oc-141"/>
      </symbol>
      <symbol id="sm-6df">
         <name>_IQ22mpyRndSatTable</name>
         <value>0x3fe678</value>
         <object_component_ref idref="oc-141"/>
      </symbol>
      <symbol id="sm-6e0">
         <name>_IQ30mpyRndSatTable</name>
         <value>0x3fe618</value>
         <object_component_ref idref="oc-141"/>
      </symbol>
      <symbol id="sm-6e1">
         <name>_IQsqrtRoundSatTable</name>
         <value>0x3fe342</value>
         <object_component_ref idref="oc-141"/>
      </symbol>
      <symbol id="sm-6e2">
         <name>_IQ11mpyRndSatTable</name>
         <value>0x3fe6fc</value>
         <object_component_ref idref="oc-141"/>
      </symbol>
      <symbol id="sm-6e3">
         <name>_IQdivRoundSatTable</name>
         <value>0x3fe132</value>
         <object_component_ref idref="oc-141"/>
      </symbol>
      <symbol id="sm-6e4">
         <name>_IQ7mpyRndSatTable</name>
         <value>0x3fe72c</value>
         <object_component_ref idref="oc-141"/>
      </symbol>
      <symbol id="sm-6e5">
         <name>_IQcosTable</name>
         <value>0x3fdd30</value>
         <object_component_ref idref="oc-141"/>
      </symbol>
      <symbol id="sm-6e6">
         <name>_IQisqrtTable</name>
         <value>0x3fe352</value>
         <object_component_ref idref="oc-141"/>
      </symbol>
      <symbol id="sm-6e7">
         <name>_IQ4mpyRndSatTable</name>
         <value>0x3fe750</value>
         <object_component_ref idref="oc-141"/>
      </symbol>
      <symbol id="sm-6e8">
         <name>_IQ19mpyRndSatTable</name>
         <value>0x3fe69c</value>
         <object_component_ref idref="oc-141"/>
      </symbol>
      <symbol id="sm-6e9">
         <name>_IQ27mpyRndSatTable</name>
         <value>0x3fe63c</value>
         <object_component_ref idref="oc-141"/>
      </symbol>
      <symbol id="sm-6ea">
         <name>_IQmpyRndSatTableEnd</name>
         <value>0x3fe780</value>
         <object_component_ref idref="oc-141"/>
      </symbol>
      <symbol id="sm-6eb">
         <name>_IQ1mpyRndSatTable</name>
         <value>0x3fe774</value>
         <object_component_ref idref="oc-141"/>
      </symbol>
      <symbol id="sm-6ec">
         <name>_IQsinTable</name>
         <value>0x3fdc30</value>
         <object_component_ref idref="oc-141"/>
      </symbol>
      <symbol id="sm-6f7">
         <name>__IQ24sinPU</name>
         <value>0xce1d</value>
         <object_component_ref idref="oc-142"/>
      </symbol>
      <symbol id="sm-701">
         <name>__IQ24sqrt</name>
         <value>0xcddb</value>
         <object_component_ref idref="oc-143"/>
      </symbol>
      <symbol id="sm-70b">
         <name>__IQ30toF</name>
         <value>0xce6d</value>
         <object_component_ref idref="oc-144"/>
      </symbol>
      <symbol id="sm-70e">
         <name>___IQNtoa</name>
         <value>0xcc6c</value>
         <object_component_ref idref="oc-145"/>
      </symbol>
      <symbol id="sm-756">
         <name>UL$$MOD</name>
         <value>0xbb48</value>
         <object_component_ref idref="oc-146"/>
      </symbol>
      <symbol id="sm-757">
         <name>L$$MOD</name>
         <value>0xbb33</value>
         <object_component_ref idref="oc-146"/>
      </symbol>
      <symbol id="sm-758">
         <name>L$$DIV</name>
         <value>0xbb24</value>
         <object_component_ref idref="oc-146"/>
      </symbol>
      <symbol id="sm-759">
         <name>UL$$DIV</name>
         <value>0xbb41</value>
         <object_component_ref idref="oc-146"/>
      </symbol>
      <symbol id="sm-763">
         <name>__IQNtoa_get_frac_c</name>
         <value>0xce81</value>
         <object_component_ref idref="oc-14b"/>
      </symbol>
      <symbol id="sm-776">
         <name>__atoIQN</name>
         <value>0xcd4c</value>
         <object_component_ref idref="oc-14c"/>
      </symbol>
      <symbol id="sm-791">
         <name>_c_int00</name>
         <value>0xb9a0</value>
         <object_component_ref idref="oc-14"/>
      </symbol>
      <symbol id="sm-792">
         <name>__stack</name>
         <value>0x400</value>
         <object_component_ref idref="oc-14d"/>
      </symbol>
      <symbol id="sm-7a1">
         <name>__args_main</name>
         <value>0xbd12</value>
         <object_component_ref idref="oc-1ac"/>
      </symbol>
      <symbol id="sm-7ad">
         <name>__system_post_cinit</name>
         <value>0xbd95</value>
         <object_component_ref idref="oc-1ab"/>
      </symbol>
      <symbol id="sm-7b9">
         <name>__system_pre_init</name>
         <value>0xbd93</value>
         <object_component_ref idref="oc-1a9"/>
      </symbol>
      <symbol id="sm-7d1">
         <name>_ceilf</name>
         <value>0xb819</value>
         <object_component_ref idref="oc-1c1"/>
      </symbol>
      <symbol id="sm-7d2">
         <name>_ceil</name>
         <value>0xb819</value>
         <object_component_ref idref="oc-1c1"/>
      </symbol>
      <symbol id="sm-7e1">
         <name>_copy_in</name>
         <value>0xbbc1</value>
         <object_component_ref idref="oc-1aa"/>
      </symbol>
      <symbol id="sm-7f5">
         <name>C$$EXIT</name>
         <value>0xbb4e</value>
         <object_component_ref idref="oc-1ad"/>
      </symbol>
      <symbol id="sm-7f6">
         <name>_exit</name>
         <value>0xbb50</value>
         <object_component_ref idref="oc-1ad"/>
      </symbol>
      <symbol id="sm-7f7">
         <name>___TI_cleanup_ptr</name>
         <value>0xc76e</value>
         <object_component_ref idref="oc-16f"/>
      </symbol>
      <symbol id="sm-7f8">
         <name>___TI_enable_exit_profile_output</name>
         <value>0xc76c</value>
         <object_component_ref idref="oc-16f"/>
      </symbol>
      <symbol id="sm-7f9">
         <name>_abort</name>
         <value>0xbb4e</value>
         <object_component_ref idref="oc-1ad"/>
      </symbol>
      <symbol id="sm-7fa">
         <name>___TI_dtors_ptr</name>
         <value>0xc770</value>
         <object_component_ref idref="oc-16f"/>
      </symbol>
      <symbol id="sm-80e">
         <name>__unlock</name>
         <value>0xc778</value>
         <object_component_ref idref="oc-1d2"/>
      </symbol>
      <symbol id="sm-80f">
         <name>__lock</name>
         <value>0xc776</value>
         <object_component_ref idref="oc-1b4"/>
      </symbol>
      <symbol id="sm-810">
         <name>__register_lock</name>
         <value>0xbd73</value>
         <object_component_ref idref="oc-1be"/>
      </symbol>
      <symbol id="sm-811">
         <name>__nop</name>
         <value>0xbd77</value>
         <object_component_ref idref="oc-1be"/>
      </symbol>
      <symbol id="sm-812">
         <name>__register_unlock</name>
         <value>0xbd6f</value>
         <object_component_ref idref="oc-1be"/>
      </symbol>
      <symbol id="sm-83b">
         <name>_logf</name>
         <value>0xb08f</value>
         <object_component_ref idref="oc-1c0"/>
      </symbol>
      <symbol id="sm-83c">
         <name>_log</name>
         <value>0xb08f</value>
         <object_component_ref idref="oc-1c0"/>
      </symbol>
      <symbol id="sm-84b">
         <name>L$$TOFS</name>
         <value>0xbcf8</value>
         <object_component_ref idref="oc-17f"/>
      </symbol>
      <symbol id="sm-855">
         <name>_errno</name>
         <value>0xc77d</value>
         <object_component_ref idref="oc-186"/>
      </symbol>
      <symbol id="sm-866">
         <name>_memcpy</name>
         <value>0xbca5</value>
         <object_component_ref idref="oc-1b3"/>
      </symbol>
      <symbol id="sm-8c2">
         <name>_powf</name>
         <value>0xa096</value>
         <object_component_ref idref="oc-1c2"/>
      </symbol>
      <symbol id="sm-8c3">
         <name>_pow</name>
         <value>0xa096</value>
         <object_component_ref idref="oc-1c2"/>
      </symbol>
      <symbol id="sm-8dc">
         <name>_scalbn</name>
         <value>0xb882</value>
         <object_component_ref idref="oc-1d7"/>
      </symbol>
      <symbol id="sm-8dd">
         <name>_ldexp</name>
         <value>0xb882</value>
         <object_component_ref idref="oc-1d7"/>
      </symbol>
      <symbol id="sm-8de">
         <name>_scalbnf</name>
         <value>0xb882</value>
         <object_component_ref idref="oc-1d7"/>
      </symbol>
      <symbol id="sm-8df">
         <name>_ldexpf</name>
         <value>0xb882</value>
         <object_component_ref idref="oc-1d7"/>
      </symbol>
      <symbol id="sm-8eb">
         <name>_copysignf</name>
         <value>0xbd65</value>
         <object_component_ref idref="oc-1d9"/>
      </symbol>
      <symbol id="sm-8ec">
         <name>_copysign</name>
         <value>0xbd65</value>
         <object_component_ref idref="oc-1d9"/>
      </symbol>
      <symbol id="sm-907">
         <name>_sqrtf</name>
         <value>0xb7a3</value>
         <object_component_ref idref="oc-1d3"/>
      </symbol>
      <symbol id="sm-908">
         <name>_sqrt</name>
         <value>0xb7a3</value>
         <object_component_ref idref="oc-1d3"/>
      </symbol>
      <symbol id="sm-917">
         <name>_strcat</name>
         <value>0xbd78</value>
         <object_component_ref idref="oc-1b2"/>
      </symbol>
   </symbol_table>
   <title>Link successful</title>
</link_info>
